2017-06-12 14:29:19.448 ERROR 70660 --- [main] o.s.b.l.LoggingApplicationListener       : Cannot set level: INFO   for 'org.springframework.web'
2017-06-12 14:29:19.453 ERROR 70660 --- [main] o.s.b.l.LoggingApplicationListener       : Cannot set level: ERROR   for 'org.hibernate'
2017-06-12 14:29:19.559  INFO 70660 --- [main] org.spring.springboot.Application        : Starting Application on MS-20161208GPVU with PID 70660 (D:\springboot\target\classes started by Administrator in D:\springboot)
2017-06-12 14:29:19.559  INFO 70660 --- [main] org.spring.springboot.Application        : No active profile set, falling back to default profiles: default
2017-06-12 14:29:19.627  INFO 70660 --- [main] ationConfigEmbeddedWebApplicationContext : Refreshing org.springframework.boot.context.embedded.AnnotationConfigEmbeddedWebApplicationContext@27d03700: startup date [Mon Jun 12 14:29:19 GMT+08:00 2017]; root of context hierarchy
2017-06-12 14:29:20.829  INFO 70660 --- [main] o.s.b.f.s.DefaultListableBeanFactory     : Overriding bean definition for bean 'dataSource' with a different definition: replacing [Root bean: class [null]; scope=; abstract=false; lazyInit=false; autowireMode=3; dependencyCheck=0; autowireCandidate=true; primary=false; factoryBeanName=org.springframework.boot.autoconfigure.jdbc.DataSourceConfiguration$Dbcp; factoryMethodName=dataSource; initMethodName=null; destroyMethodName=(inferred); defined in class path resource [org/springframework/boot/autoconfigure/jdbc/DataSourceConfiguration$Dbcp.class]] with [Root bean: class [null]; scope=; abstract=false; lazyInit=false; autowireMode=3; dependencyCheck=0; autowireCandidate=true; primary=false; factoryBeanName=org.springframework.boot.autoconfigure.jdbc.DataSourceConfiguration$Tomcat; factoryMethodName=dataSource; initMethodName=null; destroyMethodName=(inferred); defined in class path resource [org/springframework/boot/autoconfigure/jdbc/DataSourceConfiguration$Tomcat.class]]
2017-06-12 14:29:21.294  INFO 70660 --- [main] trationDelegate$BeanPostProcessorChecker : Bean 'org.springframework.boot.autoconfigure.validation.ValidationAutoConfiguration' of type [class org.springframework.boot.autoconfigure.validation.ValidationAutoConfiguration] is not eligible for getting processed by all BeanPostProcessors (for example: not eligible for auto-proxying)
2017-06-12 14:29:21.379  INFO 70660 --- [main] trationDelegate$BeanPostProcessorChecker : Bean 'validator' of type [class org.springframework.validation.beanvalidation.LocalValidatorFactoryBean] is not eligible for getting processed by all BeanPostProcessors (for example: not eligible for auto-proxying)
2017-06-12 14:29:21.482  INFO 70660 --- [main] trationDelegate$BeanPostProcessorChecker : Bean 'org.springframework.transaction.annotation.ProxyTransactionManagementConfiguration' of type [class org.springframework.transaction.annotation.ProxyTransactionManagementConfiguration$$EnhancerBySpringCGLIB$$34c6acbf] is not eligible for getting processed by all BeanPostProcessors (for example: not eligible for auto-proxying)
2017-06-12 14:29:22.141  INFO 70660 --- [main] s.b.c.e.t.TomcatEmbeddedServletContainer : Tomcat initialized with port(s): 8082 (http)
2017-06-12 14:29:22.155  INFO 70660 --- [main] o.apache.catalina.core.StandardService   : Starting service Tomcat
2017-06-12 14:29:22.156  INFO 70660 --- [main] org.apache.catalina.core.StandardEngine  : Starting Servlet Engine: Apache Tomcat/8.5.11
2017-06-12 14:29:22.281  INFO 70660 --- [localhost-startStop-1] o.a.c.c.C.[Tomcat].[localhost].[/]       : Initializing Spring embedded WebApplicationContext
2017-06-12 14:29:22.281  INFO 70660 --- [localhost-startStop-1] o.s.web.context.ContextLoader            : Root WebApplicationContext: initialization completed in 2657 ms
2017-06-12 14:29:22.495  INFO 70660 --- [localhost-startStop-1] o.s.b.w.servlet.ServletRegistrationBean  : Mapping servlet: 'dispatcherServlet' to [/]
2017-06-12 14:29:22.498  INFO 70660 --- [localhost-startStop-1] o.s.b.w.servlet.FilterRegistrationBean   : Mapping filter: 'characterEncodingFilter' to: [/*]
2017-06-12 14:29:22.499  INFO 70660 --- [localhost-startStop-1] o.s.b.w.servlet.FilterRegistrationBean   : Mapping filter: 'hiddenHttpMethodFilter' to: [/*]
2017-06-12 14:29:22.499  INFO 70660 --- [localhost-startStop-1] o.s.b.w.servlet.FilterRegistrationBean   : Mapping filter: 'httpPutFormContentFilter' to: [/*]
2017-06-12 14:29:22.499  INFO 70660 --- [localhost-startStop-1] o.s.b.w.servlet.FilterRegistrationBean   : Mapping filter: 'requestContextFilter' to: [/*]
2017-06-12 14:29:22.499  INFO 70660 --- [localhost-startStop-1] o.s.b.w.servlet.FilterRegistrationBean   : Mapping filter: 'corsFilter' to: [/*]
2017-06-12 14:29:23.918  INFO 70660 --- [main] s.w.s.m.m.a.RequestMappingHandlerMapping : Mapped "{[/getAccessToken],methods=[GET]}" onto public org.spring.springboot.weixin.Token org.spring.springboot.controller.AccessTokenCtrl.getToken(java.lang.String)
2017-06-12 14:29:23.919  INFO 70660 --- [main] s.w.s.m.m.a.RequestMappingHandlerMapping : Mapped "{[/getOppen_id],methods=[GET]}" onto public net.sf.json.JSON org.spring.springboot.controller.AccessTokenCtrl.getOppen_id(java.lang.String,java.lang.String)
2017-06-12 14:29:23.920  INFO 70660 --- [main] s.w.s.m.m.a.RequestMappingHandlerMapping : Mapped "{[/getJSApiTicket],methods=[GET]}" onto public net.sf.json.JSON org.spring.springboot.controller.AccessTokenCtrl.getJSApiTicket(java.lang.String)
2017-06-12 14:29:23.927  INFO 70660 --- [main] s.w.s.m.m.a.RequestMappingHandlerMapping : Mapped "{[/page/updateSZHD.do],methods=[POST]}" onto public java.util.Map<java.lang.String, java.lang.String> org.spring.springboot.controller.T_s_o2oCtrl.updateSZHD(java.lang.String,javax.servlet.http.HttpServletRequest,javax.servlet.http.HttpServletResponse) throws java.io.IOException
2017-06-12 14:29:23.927  INFO 70660 --- [main] s.w.s.m.m.a.RequestMappingHandlerMapping : Mapped "{[/serchCompany],methods=[GET]}" onto public net.sf.json.JSON org.spring.springboot.controller.T_s_o2oCtrl.serchCompany(int,java.lang.String,java.lang.String)
2017-06-12 14:29:23.927  INFO 70660 --- [main] s.w.s.m.m.a.RequestMappingHandlerMapping : Mapped "{[/serchStatus],methods=[GET]}" onto public net.sf.json.JSON org.spring.springboot.controller.T_s_o2oCtrl.serchStatus(java.lang.String)
2017-06-12 14:29:23.927  INFO 70660 --- [main] s.w.s.m.m.a.RequestMappingHandlerMapping : Mapped "{[/page/updateYHKH.do],methods=[POST]}" onto public java.util.Map<java.lang.String, java.lang.String> org.spring.springboot.controller.T_s_o2oCtrl.updateYHKH(java.lang.String,javax.servlet.http.HttpServletRequest,javax.servlet.http.HttpServletResponse) throws java.io.IOException
2017-06-12 14:29:23.928  INFO 70660 --- [main] s.w.s.m.m.a.RequestMappingHandlerMapping : Mapped "{[/page/updateZZFF.do],methods=[POST]}" onto public java.util.Map<java.lang.String, java.lang.String> org.spring.springboot.controller.T_s_o2oCtrl.updateZZFF(java.lang.String,javax.servlet.http.HttpServletRequest,javax.servlet.http.HttpServletResponse) throws java.io.IOException
2017-06-12 14:29:23.928  INFO 70660 --- [main] s.w.s.m.m.a.RequestMappingHandlerMapping : Mapped "{[/page/updateMQ.do],methods=[POST]}" onto public java.util.Map<java.lang.String, java.lang.String> org.spring.springboot.controller.T_s_o2oCtrl.updateMQ(java.lang.String,javax.servlet.http.HttpServletRequest,javax.servlet.http.HttpServletResponse) throws java.io.IOException
2017-06-12 14:29:23.928  INFO 70660 --- [main] s.w.s.m.m.a.RequestMappingHandlerMapping : Mapped "{[/page/insertYCM.do],methods=[POST]}" onto public net.sf.json.JSONObject org.spring.springboot.controller.T_s_o2oCtrl.insertYCM(java.lang.String,javax.servlet.http.HttpServletRequest,javax.servlet.http.HttpServletResponse) throws java.io.IOException
2017-06-12 14:29:23.929  INFO 70660 --- [main] s.w.s.m.m.a.RequestMappingHandlerMapping : Mapped "{[/serchYCMList],methods=[GET]}" onto public net.sf.json.JSON org.spring.springboot.controller.T_s_o2oCtrl.serchYCMList(int,int,java.lang.String)
2017-06-12 14:29:23.929  INFO 70660 --- [main] s.w.s.m.m.a.RequestMappingHandlerMapping : Mapped "{[/serchYCM],methods=[GET]}" onto public net.sf.json.JSON org.spring.springboot.controller.T_s_o2oCtrl.serchYCM(java.lang.String)
2017-06-12 14:29:23.929  INFO 70660 --- [main] s.w.s.m.m.a.RequestMappingHandlerMapping : Mapped "{[/page/YCMCheck.do],methods=[GET]}" onto public int org.spring.springboot.controller.T_s_o2oCtrl.YCMCheck(java.lang.String,java.lang.String,java.lang.String)
2017-06-12 14:29:23.929  INFO 70660 --- [main] s.w.s.m.m.a.RequestMappingHandlerMapping : Mapped "{[/serchMQList],methods=[GET]}" onto public java.util.Map<java.lang.String, java.lang.Object> org.spring.springboot.controller.T_s_o2oCtrl.serchMQList(java.lang.String)
2017-06-12 14:29:23.930  INFO 70660 --- [main] s.w.s.m.m.a.RequestMappingHandlerMapping : Mapped "{[/startMQ],methods=[GET]}" onto public net.sf.json.JSON org.spring.springboot.controller.T_s_o2oCtrl.startMQ(java.lang.String,java.lang.String,java.lang.String,int)
2017-06-12 14:29:23.930  INFO 70660 --- [main] s.w.s.m.m.a.RequestMappingHandlerMapping : Mapped "{[/confirmMQ],methods=[GET]}" onto public net.sf.json.JSON org.spring.springboot.controller.T_s_o2oCtrl.confirmMQ(java.lang.String)
2017-06-12 14:29:23.930  INFO 70660 --- [main] s.w.s.m.m.a.RequestMappingHandlerMapping : Mapped "{[/serchZZFFList],methods=[GET]}" onto public java.util.Map<java.lang.String, java.lang.Object> org.spring.springboot.controller.T_s_o2oCtrl.serchZZFFList(java.lang.String)
2017-06-12 14:29:23.930  INFO 70660 --- [main] s.w.s.m.m.a.RequestMappingHandlerMapping : Mapped "{[/serchZZFF],methods=[GET]}" onto public net.sf.json.JSON org.spring.springboot.controller.T_s_o2oCtrl.serchZZFF(java.lang.String)
2017-06-12 14:29:23.931  INFO 70660 --- [main] s.w.s.m.m.a.RequestMappingHandlerMapping : Mapped "{[/updateLicense],methods=[GET]}" onto public int org.spring.springboot.controller.T_s_o2oCtrl.updateLicense(java.lang.String,java.lang.String,java.lang.String,java.lang.String,int)
2017-06-12 14:29:23.931  INFO 70660 --- [main] s.w.s.m.m.a.RequestMappingHandlerMapping : Mapped "{[/serchYHKHList],methods=[GET]}" onto public java.util.Map<java.lang.String, java.lang.Object> org.spring.springboot.controller.T_s_o2oCtrl.serchYHKHList(java.lang.String)
2017-06-12 14:29:23.931  INFO 70660 --- [main] s.w.s.m.m.a.RequestMappingHandlerMapping : Mapped "{[/serchYHKH],methods=[GET]}" onto public net.sf.json.JSON org.spring.springboot.controller.T_s_o2oCtrl.serchYHKH(java.lang.String)
2017-06-12 14:29:23.931  INFO 70660 --- [main] s.w.s.m.m.a.RequestMappingHandlerMapping : Mapped "{[/ee_u_progress],methods=[GET]}" onto public net.sf.json.JSON org.spring.springboot.controller.T_s_o2oCtrl.ee_u_progress()
2017-06-12 14:29:23.932  INFO 70660 --- [main] s.w.s.m.m.a.RequestMappingHandlerMapping : Mapped "{[/serchSZHDList],methods=[GET]}" onto public java.util.Map<java.lang.String, java.lang.Object> org.spring.springboot.controller.T_s_o2oCtrl.serchSZHDList(java.lang.String)
2017-06-12 14:29:23.932  INFO 70660 --- [main] s.w.s.m.m.a.RequestMappingHandlerMapping : Mapped "{[/confirmSZHD],methods=[GET]}" onto public net.sf.json.JSON org.spring.springboot.controller.T_s_o2oCtrl.confirmSZHD(java.lang.String)
2017-06-12 14:29:23.932  INFO 70660 --- [main] s.w.s.m.m.a.RequestMappingHandlerMapping : Mapped "{[/serchCompanyList],methods=[GET]}" onto public net.sf.json.JSON org.spring.springboot.controller.T_s_o2oCtrl.serchCompanyList(java.lang.String,java.lang.String)
2017-06-12 14:29:23.932  INFO 70660 --- [main] s.w.s.m.m.a.RequestMappingHandlerMapping : Mapped "{[/ee_u_applynotifylist],methods=[GET]}" onto public net.sf.json.JSON org.spring.springboot.controller.T_s_o2oCtrl.ee_u_applynotifylist(java.lang.String)
2017-06-12 14:29:23.932  INFO 70660 --- [main] s.w.s.m.m.a.RequestMappingHandlerMapping : Mapped "{[/ee_u_applynotify],methods=[GET]}" onto public net.sf.json.JSON org.spring.springboot.controller.T_s_o2oCtrl.serchAllowNotice(java.lang.String)
2017-06-12 14:29:23.933  INFO 70660 --- [main] s.w.s.m.m.a.RequestMappingHandlerMapping : Mapped "{[/updateAllow_pic],methods=[GET]}" onto public int org.spring.springboot.controller.T_s_o2oCtrl.updateAllow_pic(java.lang.String,java.lang.String)
2017-06-12 14:29:23.933  INFO 70660 --- [main] s.w.s.m.m.a.RequestMappingHandlerMapping : Mapped "{[/updateAppointment_state],methods=[GET]}" onto public int org.spring.springboot.controller.T_s_o2oCtrl.updateAppointment_state(java.lang.String,int)
2017-06-12 14:29:23.933  INFO 70660 --- [main] s.w.s.m.m.a.RequestMappingHandlerMapping : Mapped "{[/updateAccount_state],methods=[GET]}" onto public int org.spring.springboot.controller.T_s_o2oCtrl.updateAccount_state(java.lang.String,int)
2017-06-12 14:29:23.933  INFO 70660 --- [main] s.w.s.m.m.a.RequestMappingHandlerMapping : Mapped "{[/updateStartSZHD],methods=[GET]}" onto public net.sf.json.JSON org.spring.springboot.controller.T_s_o2oCtrl.updateStartSZHD(java.lang.String,java.lang.String,java.lang.String,java.lang.String)
2017-06-12 14:29:23.934  INFO 70660 --- [main] s.w.s.m.m.a.RequestMappingHandlerMapping : Mapped "{[/updateSZHD_state],methods=[GET]}" onto public int org.spring.springboot.controller.T_s_o2oCtrl.updateSZHD_state(java.lang.String,java.lang.String,java.lang.String,java.lang.String)
2017-06-12 14:29:23.934  INFO 70660 --- [main] s.w.s.m.m.a.RequestMappingHandlerMapping : Mapped "{[/serchCompanyAdmin],methods=[GET]}" onto public net.sf.json.JSON org.spring.springboot.controller.T_s_o2oCtrl.serchCompanyAdmin(int,int,java.lang.String)
2017-06-12 14:29:23.936  INFO 70660 --- [main] s.w.s.m.m.a.RequestMappingHandlerMapping : Mapped "{[/UserUpdate],methods=[GET]}" onto public int org.spring.springboot.controller.UserCtrl.UserUpdate(java.lang.String,java.lang.String)
2017-06-12 14:29:23.937  INFO 70660 --- [main] s.w.s.m.m.a.RequestMappingHandlerMapping : Mapped "{[/checkMessage],methods=[GET]}" onto public java.lang.String org.spring.springboot.controller.UserCtrl.checkMessage(java.lang.String) throws java.io.IOException
2017-06-12 14:29:23.937  INFO 70660 --- [main] s.w.s.m.m.a.RequestMappingHandlerMapping : Mapped "{[/verfymobile],methods=[GET]}" onto public int org.spring.springboot.controller.UserCtrl.verfymobile(java.lang.String)
2017-06-12 14:29:23.938  INFO 70660 --- [main] s.w.s.m.m.a.RequestMappingHandlerMapping : Mapped "{[/v2/api-docs],methods=[GET]}" onto public org.springframework.http.ResponseEntity<springfox.documentation.spring.web.json.Json> springfox.documentation.swagger2.web.Swagger2Controller.getDocumentation(java.lang.String)
2017-06-12 14:29:23.942  INFO 70660 --- [main] s.w.s.m.m.a.RequestMappingHandlerMapping : Mapped "{[/configuration/security]}" onto org.springframework.http.ResponseEntity<springfox.documentation.swagger.web.SecurityConfiguration> springfox.documentation.swagger.web.ApiResourceController.securityConfiguration()
2017-06-12 14:29:23.943  INFO 70660 --- [main] s.w.s.m.m.a.RequestMappingHandlerMapping : Mapped "{[/configuration/ui]}" onto org.springframework.http.ResponseEntity<springfox.documentation.swagger.web.UiConfiguration> springfox.documentation.swagger.web.ApiResourceController.uiConfiguration()
2017-06-12 14:29:23.943  INFO 70660 --- [main] s.w.s.m.m.a.RequestMappingHandlerMapping : Mapped "{[/swagger-resources]}" onto org.springframework.http.ResponseEntity<java.util.List<springfox.documentation.swagger.web.SwaggerResource>> springfox.documentation.swagger.web.ApiResourceController.swaggerResources()
2017-06-12 14:29:23.946  INFO 70660 --- [main] s.w.s.m.m.a.RequestMappingHandlerMapping : Mapped "{[/error]}" onto public org.springframework.http.ResponseEntity<java.util.Map<java.lang.String, java.lang.Object>> org.springframework.boot.autoconfigure.web.BasicErrorController.error(javax.servlet.http.HttpServletRequest)
2017-06-12 14:29:23.947  INFO 70660 --- [main] s.w.s.m.m.a.RequestMappingHandlerMapping : Mapped "{[/error],produces=[text/html]}" onto public org.springframework.web.servlet.ModelAndView org.springframework.boot.autoconfigure.web.BasicErrorController.errorHtml(javax.servlet.http.HttpServletRequest,javax.servlet.http.HttpServletResponse)
2017-06-12 14:29:24.269  INFO 70660 --- [main] s.w.s.m.m.a.RequestMappingHandlerAdapter : Looking for @ControllerAdvice: org.springframework.boot.context.embedded.AnnotationConfigEmbeddedWebApplicationContext@27d03700: startup date [Mon Jun 12 14:29:19 GMT+08:00 2017]; root of context hierarchy
2017-06-12 14:29:24.343  INFO 70660 --- [main] o.s.w.s.handler.SimpleUrlHandlerMapping  : Mapped URL path [/webjars/**] onto handler of type [class org.springframework.web.servlet.resource.ResourceHttpRequestHandler]
2017-06-12 14:29:24.343  INFO 70660 --- [main] o.s.w.s.handler.SimpleUrlHandlerMapping  : Mapped URL path [/**] onto handler of type [class org.springframework.web.servlet.resource.ResourceHttpRequestHandler]
2017-06-12 14:29:24.401  INFO 70660 --- [main] o.s.w.s.handler.SimpleUrlHandlerMapping  : Mapped URL path [/**/favicon.ico] onto handler of type [class org.springframework.web.servlet.resource.ResourceHttpRequestHandler]
2017-06-12 14:29:24.943  INFO 70660 --- [main] o.s.j.e.a.AnnotationMBeanExporter        : Registering beans for JMX exposure on startup
2017-06-12 14:29:24.986  INFO 70660 --- [main] d.s.w.p.DocumentationPluginsBootstrapper : Context refreshed
2017-06-12 14:29:25.005  INFO 70660 --- [main] d.s.w.p.DocumentationPluginsBootstrapper : Found {0} custom documentation plugin(s)
2017-06-12 14:29:25.014  INFO 70660 --- [main] s.d.s.w.s.ApiListingReferenceScanner     : Scanning for api listing references
2017-06-12 14:29:25.018  INFO 70660 --- [main] s.w.ClassOrApiAnnotationResourceGrouping : Group for method UserUpdate was user-ctrl
2017-06-12 14:29:25.020  INFO 70660 --- [main] s.d.s.w.s.ApiListingReferenceScanner     : Request mapping: UserUpdate belongs to groups: [[ResourceGroup{groupName='user-ctrl', position=0, controller=org.spring.springboot.controller.UserCtrl}]] 
2017-06-12 14:29:25.021  INFO 70660 --- [main] s.w.ClassOrApiAnnotationResourceGrouping : Group for method checkMessage was user-ctrl
2017-06-12 14:29:25.021  INFO 70660 --- [main] s.d.s.w.s.ApiListingReferenceScanner     : Request mapping: checkMessage belongs to groups: [[ResourceGroup{groupName='user-ctrl', position=0, controller=org.spring.springboot.controller.UserCtrl}]] 
2017-06-12 14:29:25.022  INFO 70660 --- [main] s.w.ClassOrApiAnnotationResourceGrouping : Group for method confirmMQ was t-_s-_o-2o-ctrl
2017-06-12 14:29:25.022  INFO 70660 --- [main] s.d.s.w.s.ApiListingReferenceScanner     : Request mapping: confirmMQ belongs to groups: [[ResourceGroup{groupName='t-_s-_o-2o-ctrl', position=0, controller=org.spring.springboot.controller.T_s_o2oCtrl}]] 
2017-06-12 14:29:25.022  INFO 70660 --- [main] s.w.ClassOrApiAnnotationResourceGrouping : Group for method confirmSZHD was t-_s-_o-2o-ctrl
2017-06-12 14:29:25.023  INFO 70660 --- [main] s.d.s.w.s.ApiListingReferenceScanner     : Request mapping: confirmSZHD belongs to groups: [[ResourceGroup{groupName='t-_s-_o-2o-ctrl', position=0, controller=org.spring.springboot.controller.T_s_o2oCtrl}]] 
2017-06-12 14:29:25.023  INFO 70660 --- [main] s.w.ClassOrApiAnnotationResourceGrouping : Group for method serchAllowNotice was t-_s-_o-2o-ctrl
2017-06-12 14:29:25.023  INFO 70660 --- [main] s.d.s.w.s.ApiListingReferenceScanner     : Request mapping: serchAllowNotice belongs to groups: [[ResourceGroup{groupName='t-_s-_o-2o-ctrl', position=0, controller=org.spring.springboot.controller.T_s_o2oCtrl}]] 
2017-06-12 14:29:25.024  INFO 70660 --- [main] s.w.ClassOrApiAnnotationResourceGrouping : Group for method ee_u_applynotifylist was t-_s-_o-2o-ctrl
2017-06-12 14:29:25.024  INFO 70660 --- [main] s.d.s.w.s.ApiListingReferenceScanner     : Request mapping: ee_u_applynotifylist belongs to groups: [[ResourceGroup{groupName='t-_s-_o-2o-ctrl', position=0, controller=org.spring.springboot.controller.T_s_o2oCtrl}]] 
2017-06-12 14:29:25.025  INFO 70660 --- [main] s.w.ClassOrApiAnnotationResourceGrouping : Group for method ee_u_progress was t-_s-_o-2o-ctrl
2017-06-12 14:29:25.025  INFO 70660 --- [main] s.d.s.w.s.ApiListingReferenceScanner     : Request mapping: ee_u_progress belongs to groups: [[ResourceGroup{groupName='t-_s-_o-2o-ctrl', position=0, controller=org.spring.springboot.controller.T_s_o2oCtrl}]] 
2017-06-12 14:29:25.025  INFO 70660 --- [main] s.w.ClassOrApiAnnotationResourceGrouping : Group for method getToken was access-token-ctrl
2017-06-12 14:29:25.026  INFO 70660 --- [main] s.d.s.w.s.ApiListingReferenceScanner     : Request mapping: getToken belongs to groups: [[ResourceGroup{groupName='access-token-ctrl', position=0, controller=org.spring.springboot.controller.AccessTokenCtrl}]] 
2017-06-12 14:29:25.026  INFO 70660 --- [main] s.w.ClassOrApiAnnotationResourceGrouping : Group for method getJSApiTicket was access-token-ctrl
2017-06-12 14:29:25.026  INFO 70660 --- [main] s.d.s.w.s.ApiListingReferenceScanner     : Request mapping: getJSApiTicket belongs to groups: [[ResourceGroup{groupName='access-token-ctrl', position=0, controller=org.spring.springboot.controller.AccessTokenCtrl}]] 
2017-06-12 14:29:25.027  INFO 70660 --- [main] s.w.ClassOrApiAnnotationResourceGrouping : Group for method getOppen_id was access-token-ctrl
2017-06-12 14:29:25.027  INFO 70660 --- [main] s.d.s.w.s.ApiListingReferenceScanner     : Request mapping: getOppen_id belongs to groups: [[ResourceGroup{groupName='access-token-ctrl', position=0, controller=org.spring.springboot.controller.AccessTokenCtrl}]] 
2017-06-12 14:29:25.027  INFO 70660 --- [main] s.w.ClassOrApiAnnotationResourceGrouping : Group for method YCMCheck was t-_s-_o-2o-ctrl
2017-06-12 14:29:25.028  INFO 70660 --- [main] s.d.s.w.s.ApiListingReferenceScanner     : Request mapping: YCMCheck belongs to groups: [[ResourceGroup{groupName='t-_s-_o-2o-ctrl', position=0, controller=org.spring.springboot.controller.T_s_o2oCtrl}]] 
2017-06-12 14:29:25.028  INFO 70660 --- [main] s.w.ClassOrApiAnnotationResourceGrouping : Group for method insertYCM was t-_s-_o-2o-ctrl
2017-06-12 14:29:25.028  INFO 70660 --- [main] s.d.s.w.s.ApiListingReferenceScanner     : Request mapping: insertYCM belongs to groups: [[ResourceGroup{groupName='t-_s-_o-2o-ctrl', position=0, controller=org.spring.springboot.controller.T_s_o2oCtrl}]] 
2017-06-12 14:29:25.029  INFO 70660 --- [main] s.w.ClassOrApiAnnotationResourceGrouping : Group for method updateMQ was t-_s-_o-2o-ctrl
2017-06-12 14:29:25.029  INFO 70660 --- [main] s.d.s.w.s.ApiListingReferenceScanner     : Request mapping: updateMQ belongs to groups: [[ResourceGroup{groupName='t-_s-_o-2o-ctrl', position=0, controller=org.spring.springboot.controller.T_s_o2oCtrl}]] 
2017-06-12 14:29:25.030  INFO 70660 --- [main] s.w.ClassOrApiAnnotationResourceGrouping : Group for method updateSZHD was t-_s-_o-2o-ctrl
2017-06-12 14:29:25.031  INFO 70660 --- [main] s.d.s.w.s.ApiListingReferenceScanner     : Request mapping: updateSZHD belongs to groups: [[ResourceGroup{groupName='t-_s-_o-2o-ctrl', position=0, controller=org.spring.springboot.controller.T_s_o2oCtrl}]] 
2017-06-12 14:29:25.031  INFO 70660 --- [main] s.w.ClassOrApiAnnotationResourceGrouping : Group for method updateYHKH was t-_s-_o-2o-ctrl
2017-06-12 14:29:25.032  INFO 70660 --- [main] s.d.s.w.s.ApiListingReferenceScanner     : Request mapping: updateYHKH belongs to groups: [[ResourceGroup{groupName='t-_s-_o-2o-ctrl', position=0, controller=org.spring.springboot.controller.T_s_o2oCtrl}]] 
2017-06-12 14:29:25.033  INFO 70660 --- [main] s.w.ClassOrApiAnnotationResourceGrouping : Group for method updateZZFF was t-_s-_o-2o-ctrl
2017-06-12 14:29:25.033  INFO 70660 --- [main] s.d.s.w.s.ApiListingReferenceScanner     : Request mapping: updateZZFF belongs to groups: [[ResourceGroup{groupName='t-_s-_o-2o-ctrl', position=0, controller=org.spring.springboot.controller.T_s_o2oCtrl}]] 
2017-06-12 14:29:25.034  INFO 70660 --- [main] s.w.ClassOrApiAnnotationResourceGrouping : Group for method serchCompanyAdmin was t-_s-_o-2o-ctrl
2017-06-12 14:29:25.034  INFO 70660 --- [main] s.d.s.w.s.ApiListingReferenceScanner     : Request mapping: serchCompanyAdmin belongs to groups: [[ResourceGroup{groupName='t-_s-_o-2o-ctrl', position=0, controller=org.spring.springboot.controller.T_s_o2oCtrl}]] 
2017-06-12 14:29:25.035  INFO 70660 --- [main] s.w.ClassOrApiAnnotationResourceGrouping : Group for method serchCompanyList was t-_s-_o-2o-ctrl
2017-06-12 14:29:25.035  INFO 70660 --- [main] s.d.s.w.s.ApiListingReferenceScanner     : Request mapping: serchCompanyList belongs to groups: [[ResourceGroup{groupName='t-_s-_o-2o-ctrl', position=0, controller=org.spring.springboot.controller.T_s_o2oCtrl}]] 
2017-06-12 14:29:25.036  INFO 70660 --- [main] s.w.ClassOrApiAnnotationResourceGrouping : Group for method serchCompany was t-_s-_o-2o-ctrl
2017-06-12 14:29:25.037  INFO 70660 --- [main] s.d.s.w.s.ApiListingReferenceScanner     : Request mapping: serchCompany belongs to groups: [[ResourceGroup{groupName='t-_s-_o-2o-ctrl', position=0, controller=org.spring.springboot.controller.T_s_o2oCtrl}]] 
2017-06-12 14:29:25.037  INFO 70660 --- [main] s.w.ClassOrApiAnnotationResourceGrouping : Group for method serchMQList was t-_s-_o-2o-ctrl
2017-06-12 14:29:25.038  INFO 70660 --- [main] s.d.s.w.s.ApiListingReferenceScanner     : Request mapping: serchMQList belongs to groups: [[ResourceGroup{groupName='t-_s-_o-2o-ctrl', position=0, controller=org.spring.springboot.controller.T_s_o2oCtrl}]] 
2017-06-12 14:29:25.039  INFO 70660 --- [main] s.w.ClassOrApiAnnotationResourceGrouping : Group for method serchSZHDList was t-_s-_o-2o-ctrl
2017-06-12 14:29:25.039  INFO 70660 --- [main] s.d.s.w.s.ApiListingReferenceScanner     : Request mapping: serchSZHDList belongs to groups: [[ResourceGroup{groupName='t-_s-_o-2o-ctrl', position=0, controller=org.spring.springboot.controller.T_s_o2oCtrl}]] 
2017-06-12 14:29:25.039  INFO 70660 --- [main] s.w.ClassOrApiAnnotationResourceGrouping : Group for method serchStatus was t-_s-_o-2o-ctrl
2017-06-12 14:29:25.040  INFO 70660 --- [main] s.d.s.w.s.ApiListingReferenceScanner     : Request mapping: serchStatus belongs to groups: [[ResourceGroup{groupName='t-_s-_o-2o-ctrl', position=0, controller=org.spring.springboot.controller.T_s_o2oCtrl}]] 
2017-06-12 14:29:25.040  INFO 70660 --- [main] s.w.ClassOrApiAnnotationResourceGrouping : Group for method serchYCMList was t-_s-_o-2o-ctrl
2017-06-12 14:29:25.040  INFO 70660 --- [main] s.d.s.w.s.ApiListingReferenceScanner     : Request mapping: serchYCMList belongs to groups: [[ResourceGroup{groupName='t-_s-_o-2o-ctrl', position=0, controller=org.spring.springboot.controller.T_s_o2oCtrl}]] 
2017-06-12 14:29:25.041  INFO 70660 --- [main] s.w.ClassOrApiAnnotationResourceGrouping : Group for method serchYCM was t-_s-_o-2o-ctrl
2017-06-12 14:29:25.041  INFO 70660 --- [main] s.d.s.w.s.ApiListingReferenceScanner     : Request mapping: serchYCM belongs to groups: [[ResourceGroup{groupName='t-_s-_o-2o-ctrl', position=0, controller=org.spring.springboot.controller.T_s_o2oCtrl}]] 
2017-06-12 14:29:25.042  INFO 70660 --- [main] s.w.ClassOrApiAnnotationResourceGrouping : Group for method serchYHKHList was t-_s-_o-2o-ctrl
2017-06-12 14:29:25.042  INFO 70660 --- [main] s.d.s.w.s.ApiListingReferenceScanner     : Request mapping: serchYHKHList belongs to groups: [[ResourceGroup{groupName='t-_s-_o-2o-ctrl', position=0, controller=org.spring.springboot.controller.T_s_o2oCtrl}]] 
2017-06-12 14:29:25.043  INFO 70660 --- [main] s.w.ClassOrApiAnnotationResourceGrouping : Group for method serchYHKH was t-_s-_o-2o-ctrl
2017-06-12 14:29:25.043  INFO 70660 --- [main] s.d.s.w.s.ApiListingReferenceScanner     : Request mapping: serchYHKH belongs to groups: [[ResourceGroup{groupName='t-_s-_o-2o-ctrl', position=0, controller=org.spring.springboot.controller.T_s_o2oCtrl}]] 
2017-06-12 14:29:25.044  INFO 70660 --- [main] s.w.ClassOrApiAnnotationResourceGrouping : Group for method serchZZFFList was t-_s-_o-2o-ctrl
2017-06-12 14:29:25.044  INFO 70660 --- [main] s.d.s.w.s.ApiListingReferenceScanner     : Request mapping: serchZZFFList belongs to groups: [[ResourceGroup{groupName='t-_s-_o-2o-ctrl', position=0, controller=org.spring.springboot.controller.T_s_o2oCtrl}]] 
2017-06-12 14:29:25.045  INFO 70660 --- [main] s.w.ClassOrApiAnnotationResourceGrouping : Group for method serchZZFF was t-_s-_o-2o-ctrl
2017-06-12 14:29:25.045  INFO 70660 --- [main] s.d.s.w.s.ApiListingReferenceScanner     : Request mapping: serchZZFF belongs to groups: [[ResourceGroup{groupName='t-_s-_o-2o-ctrl', position=0, controller=org.spring.springboot.controller.T_s_o2oCtrl}]] 
2017-06-12 14:29:25.046  INFO 70660 --- [main] s.w.ClassOrApiAnnotationResourceGrouping : Group for method startMQ was t-_s-_o-2o-ctrl
2017-06-12 14:29:25.046  INFO 70660 --- [main] s.d.s.w.s.ApiListingReferenceScanner     : Request mapping: startMQ belongs to groups: [[ResourceGroup{groupName='t-_s-_o-2o-ctrl', position=0, controller=org.spring.springboot.controller.T_s_o2oCtrl}]] 
2017-06-12 14:29:25.047  INFO 70660 --- [main] s.w.ClassOrApiAnnotationResourceGrouping : Group for method updateAccount_state was t-_s-_o-2o-ctrl
2017-06-12 14:29:25.047  INFO 70660 --- [main] s.d.s.w.s.ApiListingReferenceScanner     : Request mapping: updateAccount_state belongs to groups: [[ResourceGroup{groupName='t-_s-_o-2o-ctrl', position=0, controller=org.spring.springboot.controller.T_s_o2oCtrl}]] 
2017-06-12 14:29:25.047  INFO 70660 --- [main] s.w.ClassOrApiAnnotationResourceGrouping : Group for method updateAllow_pic was t-_s-_o-2o-ctrl
2017-06-12 14:29:25.048  INFO 70660 --- [main] s.d.s.w.s.ApiListingReferenceScanner     : Request mapping: updateAllow_pic belongs to groups: [[ResourceGroup{groupName='t-_s-_o-2o-ctrl', position=0, controller=org.spring.springboot.controller.T_s_o2oCtrl}]] 
2017-06-12 14:29:25.048  INFO 70660 --- [main] s.w.ClassOrApiAnnotationResourceGrouping : Group for method updateAppointment_state was t-_s-_o-2o-ctrl
2017-06-12 14:29:25.048  INFO 70660 --- [main] s.d.s.w.s.ApiListingReferenceScanner     : Request mapping: updateAppointment_state belongs to groups: [[ResourceGroup{groupName='t-_s-_o-2o-ctrl', position=0, controller=org.spring.springboot.controller.T_s_o2oCtrl}]] 
2017-06-12 14:29:25.049  INFO 70660 --- [main] s.w.ClassOrApiAnnotationResourceGrouping : Group for method updateLicense was t-_s-_o-2o-ctrl
2017-06-12 14:29:25.049  INFO 70660 --- [main] s.d.s.w.s.ApiListingReferenceScanner     : Request mapping: updateLicense belongs to groups: [[ResourceGroup{groupName='t-_s-_o-2o-ctrl', position=0, controller=org.spring.springboot.controller.T_s_o2oCtrl}]] 
2017-06-12 14:29:25.050  INFO 70660 --- [main] s.w.ClassOrApiAnnotationResourceGrouping : Group for method updateSZHD_state was t-_s-_o-2o-ctrl
2017-06-12 14:29:25.050  INFO 70660 --- [main] s.d.s.w.s.ApiListingReferenceScanner     : Request mapping: updateSZHD_state belongs to groups: [[ResourceGroup{groupName='t-_s-_o-2o-ctrl', position=0, controller=org.spring.springboot.controller.T_s_o2oCtrl}]] 
2017-06-12 14:29:25.050  INFO 70660 --- [main] s.w.ClassOrApiAnnotationResourceGrouping : Group for method updateStartSZHD was t-_s-_o-2o-ctrl
2017-06-12 14:29:25.051  INFO 70660 --- [main] s.d.s.w.s.ApiListingReferenceScanner     : Request mapping: updateStartSZHD belongs to groups: [[ResourceGroup{groupName='t-_s-_o-2o-ctrl', position=0, controller=org.spring.springboot.controller.T_s_o2oCtrl}]] 
2017-06-12 14:29:25.051  INFO 70660 --- [main] s.w.ClassOrApiAnnotationResourceGrouping : Group for method verfymobile was user-ctrl
2017-06-12 14:29:25.051  INFO 70660 --- [main] s.d.s.w.s.ApiListingReferenceScanner     : Request mapping: verfymobile belongs to groups: [[ResourceGroup{groupName='user-ctrl', position=0, controller=org.spring.springboot.controller.UserCtrl}]] 
2017-06-12 14:29:25.054  INFO 70660 --- [main] s.d.s.w.s.ApiListingReferenceScanner     : Created resource listing Path: /default/user-ctrl Description: user-ctrl Position: 0
2017-06-12 14:29:25.056  INFO 70660 --- [main] s.d.s.w.s.ApiListingReferenceScanner     : Created resource listing Path: /default/access-token-ctrl Description: access-token-ctrl Position: 0
2017-06-12 14:29:25.056  INFO 70660 --- [main] s.d.s.w.s.ApiListingReferenceScanner     : Created resource listing Path: /default/t-_s-_o-2o-ctrl Description: t-_s-_o-2o-ctrl Position: 0
2017-06-12 14:29:25.075  INFO 70660 --- [main] s.d.schema.ModelContextKeyGenerator      : Cache Key Generated: net.sf.json.JSON(true)
2017-06-12 14:29:25.075  INFO 70660 --- [main] s.d.spring.web.caching.CachingAspect     : Caching aspect applied for cache models with key net.sf.json.JSON(true)
2017-06-12 14:29:25.087  INFO 70660 --- [main] s.d.s.p.ModelPropertiesKeyGenerator      : Cache key generated: net.sf.json.JSON(true)
2017-06-12 14:29:25.087  INFO 70660 --- [main] s.d.spring.web.caching.CachingAspect     : Caching aspect applied for cache modelProperties with key net.sf.json.JSON(true)
2017-06-12 14:29:25.114  INFO 70660 --- [main] s.d.schema.ModelContextKeyGenerator      : Cache Key Generated: net.sf.json.JSON(true)
2017-06-12 14:29:25.114  INFO 70660 --- [main] s.d.spring.web.caching.CachingAspect     : Caching aspect applied for cache modelDependencies with key net.sf.json.JSON(true)
2017-06-12 14:29:25.126  INFO 70660 --- [main] s.d.s.p.ModelPropertiesKeyGenerator      : Cache key generated: net.sf.json.JSON(true)
2017-06-12 14:29:25.126  INFO 70660 --- [main] s.d.spring.web.caching.CachingAspect     : Caching aspect applied for cache modelProperties with key net.sf.json.JSON(true)
2017-06-12 14:29:25.129  INFO 70660 --- [main] s.d.spring.web.OperationsKeyGenerator    : Cache key generated: /getJSApiTicket.org.spring.springboot.controller.AccessTokenCtrl.getJSApiTicket.DefaultGenericTypeNamingStrategy
2017-06-12 14:29:25.129  INFO 70660 --- [main] s.d.spring.web.caching.CachingAspect     : Caching aspect applied for cache operations with key /getJSApiTicket.org.spring.springboot.controller.AccessTokenCtrl.getJSApiTicket.DefaultGenericTypeNamingStrategy
2017-06-12 14:29:25.154  INFO 70660 --- [main] s.w.ClassOrApiAnnotationResourceGrouping : Group for method getJSApiTicket was access-token-ctrl
2017-06-12 14:29:25.171  INFO 70660 --- [main] s.w.ClassOrApiAnnotationResourceGrouping : Group for method getJSApiTicket was access-token-ctrl
2017-06-12 14:29:25.180  INFO 70660 --- [main] s.d.schema.ModelContextKeyGenerator      : Cache Key Generated: net.sf.json.JSON(true)
2017-06-12 14:29:25.181  INFO 70660 --- [main] s.d.spring.web.caching.CachingAspect     : Caching aspect applied for cache models with key net.sf.json.JSON(true)
2017-06-12 14:29:25.181  INFO 70660 --- [main] s.d.schema.ModelContextKeyGenerator      : Cache Key Generated: net.sf.json.JSON(true)
2017-06-12 14:29:25.181  INFO 70660 --- [main] s.d.spring.web.caching.CachingAspect     : Caching aspect applied for cache modelDependencies with key net.sf.json.JSON(true)
2017-06-12 14:29:25.181  INFO 70660 --- [main] s.d.spring.web.OperationsKeyGenerator    : Cache key generated: /getOppen_id.org.spring.springboot.controller.AccessTokenCtrl.getOppen_id.DefaultGenericTypeNamingStrategy
2017-06-12 14:29:25.181  INFO 70660 --- [main] s.d.spring.web.caching.CachingAspect     : Caching aspect applied for cache operations with key /getOppen_id.org.spring.springboot.controller.AccessTokenCtrl.getOppen_id.DefaultGenericTypeNamingStrategy
2017-06-12 14:29:25.185  INFO 70660 --- [main] s.w.ClassOrApiAnnotationResourceGrouping : Group for method getOppen_id was access-token-ctrl
2017-06-12 14:29:25.188  INFO 70660 --- [main] s.w.ClassOrApiAnnotationResourceGrouping : Group for method getOppen_id was access-token-ctrl
2017-06-12 14:29:25.191  INFO 70660 --- [main] s.d.schema.ModelContextKeyGenerator      : Cache Key Generated: org.spring.springboot.weixin.Token(true)
2017-06-12 14:29:25.192  INFO 70660 --- [main] s.d.spring.web.caching.CachingAspect     : Caching aspect applied for cache models with key org.spring.springboot.weixin.Token(true)
2017-06-12 14:29:25.192  INFO 70660 --- [main] s.d.s.p.ModelPropertiesKeyGenerator      : Cache key generated: org.spring.springboot.weixin.Token(true)
2017-06-12 14:29:25.192  INFO 70660 --- [main] s.d.spring.web.caching.CachingAspect     : Caching aspect applied for cache modelProperties with key org.spring.springboot.weixin.Token(true)
2017-06-12 14:29:25.195  INFO 70660 --- [main] s.d.schema.ModelContextKeyGenerator      : Cache Key Generated: org.spring.springboot.weixin.Token(true)
2017-06-12 14:29:25.195  INFO 70660 --- [main] s.d.spring.web.caching.CachingAspect     : Caching aspect applied for cache modelDependencies with key org.spring.springboot.weixin.Token(true)
2017-06-12 14:29:25.195  INFO 70660 --- [main] s.d.s.p.ModelPropertiesKeyGenerator      : Cache key generated: org.spring.springboot.weixin.Token(true)
2017-06-12 14:29:25.195  INFO 70660 --- [main] s.d.spring.web.caching.CachingAspect     : Caching aspect applied for cache modelProperties with key org.spring.springboot.weixin.Token(true)
2017-06-12 14:29:25.196  INFO 70660 --- [main] s.d.spring.web.OperationsKeyGenerator    : Cache key generated: /getAccessToken.org.spring.springboot.controller.AccessTokenCtrl.getToken.DefaultGenericTypeNamingStrategy
2017-06-12 14:29:25.196  INFO 70660 --- [main] s.d.spring.web.caching.CachingAspect     : Caching aspect applied for cache operations with key /getAccessToken.org.spring.springboot.controller.AccessTokenCtrl.getToken.DefaultGenericTypeNamingStrategy
2017-06-12 14:29:25.201  INFO 70660 --- [main] s.w.ClassOrApiAnnotationResourceGrouping : Group for method getToken was access-token-ctrl
2017-06-12 14:29:25.202  INFO 70660 --- [main] s.w.ClassOrApiAnnotationResourceGrouping : Group for method getToken was access-token-ctrl
2017-06-12 14:29:25.235  INFO 70660 --- [main] s.d.schema.ModelContextKeyGenerator      : Cache Key Generated: int(true)
2017-06-12 14:29:25.235  INFO 70660 --- [main] s.d.spring.web.caching.CachingAspect     : Caching aspect applied for cache models with key int(true)
2017-06-12 14:29:25.235  INFO 70660 --- [main] s.d.schema.ModelContextKeyGenerator      : Cache Key Generated: int(true)
2017-06-12 14:29:25.235  INFO 70660 --- [main] s.d.spring.web.caching.CachingAspect     : Caching aspect applied for cache modelDependencies with key int(true)
2017-06-12 14:29:25.236  INFO 70660 --- [main] s.d.spring.web.OperationsKeyGenerator    : Cache key generated: /page/YCMCheck.do.org.spring.springboot.controller.T_s_o2oCtrl.YCMCheck.DefaultGenericTypeNamingStrategy
2017-06-12 14:29:25.236  INFO 70660 --- [main] s.d.spring.web.caching.CachingAspect     : Caching aspect applied for cache operations with key /page/YCMCheck.do.org.spring.springboot.controller.T_s_o2oCtrl.YCMCheck.DefaultGenericTypeNamingStrategy
2017-06-12 14:29:25.257  INFO 70660 --- [main] s.w.ClassOrApiAnnotationResourceGrouping : Group for method YCMCheck was t-_s-_o-2o-ctrl
2017-06-12 14:29:25.265  INFO 70660 --- [main] s.w.ClassOrApiAnnotationResourceGrouping : Group for method YCMCheck was t-_s-_o-2o-ctrl
2017-06-12 14:29:25.282  INFO 70660 --- [main] s.d.schema.ModelContextKeyGenerator      : Cache Key Generated: net.sf.json.JSON(true)
2017-06-12 14:29:25.283  INFO 70660 --- [main] s.d.spring.web.caching.CachingAspect     : Caching aspect applied for cache models with key net.sf.json.JSON(true)
2017-06-12 14:29:25.283  INFO 70660 --- [main] s.d.schema.ModelContextKeyGenerator      : Cache Key Generated: net.sf.json.JSON(true)
2017-06-12 14:29:25.283  INFO 70660 --- [main] s.d.spring.web.caching.CachingAspect     : Caching aspect applied for cache modelDependencies with key net.sf.json.JSON(true)
2017-06-12 14:29:25.283  INFO 70660 --- [main] s.d.spring.web.OperationsKeyGenerator    : Cache key generated: /confirmMQ.org.spring.springboot.controller.T_s_o2oCtrl.confirmMQ.DefaultGenericTypeNamingStrategy
2017-06-12 14:29:25.284  INFO 70660 --- [main] s.d.spring.web.caching.CachingAspect     : Caching aspect applied for cache operations with key /confirmMQ.org.spring.springboot.controller.T_s_o2oCtrl.confirmMQ.DefaultGenericTypeNamingStrategy
2017-06-12 14:29:25.300  INFO 70660 --- [main] s.w.ClassOrApiAnnotationResourceGrouping : Group for method confirmMQ was t-_s-_o-2o-ctrl
2017-06-12 14:29:25.311  INFO 70660 --- [main] s.w.ClassOrApiAnnotationResourceGrouping : Group for method confirmMQ was t-_s-_o-2o-ctrl
2017-06-12 14:29:25.327  INFO 70660 --- [main] s.d.schema.ModelContextKeyGenerator      : Cache Key Generated: net.sf.json.JSON(true)
2017-06-12 14:29:25.328  INFO 70660 --- [main] s.d.spring.web.caching.CachingAspect     : Caching aspect applied for cache models with key net.sf.json.JSON(true)
2017-06-12 14:29:25.328  INFO 70660 --- [main] s.d.schema.ModelContextKeyGenerator      : Cache Key Generated: net.sf.json.JSON(true)
2017-06-12 14:29:25.328  INFO 70660 --- [main] s.d.spring.web.caching.CachingAspect     : Caching aspect applied for cache modelDependencies with key net.sf.json.JSON(true)
2017-06-12 14:29:25.328  INFO 70660 --- [main] s.d.spring.web.OperationsKeyGenerator    : Cache key generated: /confirmSZHD.org.spring.springboot.controller.T_s_o2oCtrl.confirmSZHD.DefaultGenericTypeNamingStrategy
2017-06-12 14:29:25.328  INFO 70660 --- [main] s.d.spring.web.caching.CachingAspect     : Caching aspect applied for cache operations with key /confirmSZHD.org.spring.springboot.controller.T_s_o2oCtrl.confirmSZHD.DefaultGenericTypeNamingStrategy
2017-06-12 14:29:25.348  INFO 70660 --- [main] s.w.ClassOrApiAnnotationResourceGrouping : Group for method confirmSZHD was t-_s-_o-2o-ctrl
2017-06-12 14:29:25.361  INFO 70660 --- [main] s.w.ClassOrApiAnnotationResourceGrouping : Group for method confirmSZHD was t-_s-_o-2o-ctrl
2017-06-12 14:29:25.378  INFO 70660 --- [main] s.d.schema.ModelContextKeyGenerator      : Cache Key Generated: net.sf.json.JSON(true)
2017-06-12 14:29:25.378  INFO 70660 --- [main] s.d.spring.web.caching.CachingAspect     : Caching aspect applied for cache models with key net.sf.json.JSON(true)
2017-06-12 14:29:25.378  INFO 70660 --- [main] s.d.schema.ModelContextKeyGenerator      : Cache Key Generated: net.sf.json.JSON(true)
2017-06-12 14:29:25.379  INFO 70660 --- [main] s.d.spring.web.caching.CachingAspect     : Caching aspect applied for cache modelDependencies with key net.sf.json.JSON(true)
2017-06-12 14:29:25.379  INFO 70660 --- [main] s.d.spring.web.OperationsKeyGenerator    : Cache key generated: /ee_u_applynotifylist.org.spring.springboot.controller.T_s_o2oCtrl.ee_u_applynotifylist.DefaultGenericTypeNamingStrategy
2017-06-12 14:29:25.379  INFO 70660 --- [main] s.d.spring.web.caching.CachingAspect     : Caching aspect applied for cache operations with key /ee_u_applynotifylist.org.spring.springboot.controller.T_s_o2oCtrl.ee_u_applynotifylist.DefaultGenericTypeNamingStrategy
2017-06-12 14:29:25.394  INFO 70660 --- [main] s.w.ClassOrApiAnnotationResourceGrouping : Group for method ee_u_applynotifylist was t-_s-_o-2o-ctrl
2017-06-12 14:29:25.402  INFO 70660 --- [main] s.w.ClassOrApiAnnotationResourceGrouping : Group for method ee_u_applynotifylist was t-_s-_o-2o-ctrl
2017-06-12 14:29:25.418  INFO 70660 --- [main] s.d.schema.ModelContextKeyGenerator      : Cache Key Generated: net.sf.json.JSON(true)
2017-06-12 14:29:25.418  INFO 70660 --- [main] s.d.spring.web.caching.CachingAspect     : Caching aspect applied for cache models with key net.sf.json.JSON(true)
2017-06-12 14:29:25.419  INFO 70660 --- [main] s.d.schema.ModelContextKeyGenerator      : Cache Key Generated: net.sf.json.JSON(true)
2017-06-12 14:29:25.419  INFO 70660 --- [main] s.d.spring.web.caching.CachingAspect     : Caching aspect applied for cache modelDependencies with key net.sf.json.JSON(true)
2017-06-12 14:29:25.420  INFO 70660 --- [main] s.d.spring.web.OperationsKeyGenerator    : Cache key generated: /ee_u_progress.org.spring.springboot.controller.T_s_o2oCtrl.ee_u_progress.DefaultGenericTypeNamingStrategy
2017-06-12 14:29:25.420  INFO 70660 --- [main] s.d.spring.web.caching.CachingAspect     : Caching aspect applied for cache operations with key /ee_u_progress.org.spring.springboot.controller.T_s_o2oCtrl.ee_u_progress.DefaultGenericTypeNamingStrategy
2017-06-12 14:29:25.434  INFO 70660 --- [main] s.w.ClassOrApiAnnotationResourceGrouping : Group for method ee_u_progress was t-_s-_o-2o-ctrl
2017-06-12 14:29:25.442  INFO 70660 --- [main] s.w.ClassOrApiAnnotationResourceGrouping : Group for method ee_u_progress was t-_s-_o-2o-ctrl
2017-06-12 14:29:25.459  INFO 70660 --- [main] s.d.schema.ModelContextKeyGenerator      : Cache Key Generated: net.sf.json.JSONObject(true)
2017-06-12 14:29:25.459  INFO 70660 --- [main] s.d.spring.web.caching.CachingAspect     : Caching aspect applied for cache models with key net.sf.json.JSONObject(true)
2017-06-12 14:29:25.460  INFO 70660 --- [main] s.d.schema.ModelContextKeyGenerator      : Cache Key Generated: net.sf.json.JSONObject(true)
2017-06-12 14:29:25.460  INFO 70660 --- [main] s.d.spring.web.caching.CachingAspect     : Caching aspect applied for cache modelDependencies with key net.sf.json.JSONObject(true)
2017-06-12 14:29:25.460  INFO 70660 --- [main] s.d.s.p.ModelPropertiesKeyGenerator      : Cache key generated: net.sf.json.JSONObject(true)
2017-06-12 14:29:25.460  INFO 70660 --- [main] s.d.spring.web.caching.CachingAspect     : Caching aspect applied for cache modelProperties with key net.sf.json.JSONObject(true)
2017-06-12 14:29:25.475  INFO 70660 --- [main] s.d.schema.ModelContextKeyGenerator      : Cache Key Generated: java.lang.String(false)
2017-06-12 14:29:25.475  INFO 70660 --- [main] s.d.spring.web.caching.CachingAspect     : Caching aspect applied for cache models with key java.lang.String(false)
2017-06-12 14:29:25.475  INFO 70660 --- [main] s.d.schema.ModelContextKeyGenerator      : Cache Key Generated: java.lang.String(false)
2017-06-12 14:29:25.476  INFO 70660 --- [main] s.d.spring.web.caching.CachingAspect     : Caching aspect applied for cache modelDependencies with key java.lang.String(false)
2017-06-12 14:29:25.476  INFO 70660 --- [main] s.d.spring.web.OperationsKeyGenerator    : Cache key generated: /page/insertYCM.do.org.spring.springboot.controller.T_s_o2oCtrl.insertYCM.DefaultGenericTypeNamingStrategy
2017-06-12 14:29:25.476  INFO 70660 --- [main] s.d.spring.web.caching.CachingAspect     : Caching aspect applied for cache operations with key /page/insertYCM.do.org.spring.springboot.controller.T_s_o2oCtrl.insertYCM.DefaultGenericTypeNamingStrategy
2017-06-12 14:29:25.493  INFO 70660 --- [main] s.w.ClassOrApiAnnotationResourceGrouping : Group for method insertYCM was t-_s-_o-2o-ctrl
2017-06-12 14:29:25.502  INFO 70660 --- [main] s.w.ClassOrApiAnnotationResourceGrouping : Group for method insertYCM was t-_s-_o-2o-ctrl
2017-06-12 14:29:25.522  INFO 70660 --- [main] s.d.schema.ModelContextKeyGenerator      : Cache Key Generated: net.sf.json.JSON(true)
2017-06-12 14:29:25.522  INFO 70660 --- [main] s.d.spring.web.caching.CachingAspect     : Caching aspect applied for cache models with key net.sf.json.JSON(true)
2017-06-12 14:29:25.523  INFO 70660 --- [main] s.d.schema.ModelContextKeyGenerator      : Cache Key Generated: net.sf.json.JSON(true)
2017-06-12 14:29:25.523  INFO 70660 --- [main] s.d.spring.web.caching.CachingAspect     : Caching aspect applied for cache modelDependencies with key net.sf.json.JSON(true)
2017-06-12 14:29:25.523  INFO 70660 --- [main] s.d.spring.web.OperationsKeyGenerator    : Cache key generated: /ee_u_applynotify.org.spring.springboot.controller.T_s_o2oCtrl.serchAllowNotice.DefaultGenericTypeNamingStrategy
2017-06-12 14:29:25.523  INFO 70660 --- [main] s.d.spring.web.caching.CachingAspect     : Caching aspect applied for cache operations with key /ee_u_applynotify.org.spring.springboot.controller.T_s_o2oCtrl.serchAllowNotice.DefaultGenericTypeNamingStrategy
2017-06-12 14:29:25.540  INFO 70660 --- [main] s.w.ClassOrApiAnnotationResourceGrouping : Group for method serchAllowNotice was t-_s-_o-2o-ctrl
2017-06-12 14:29:25.548  INFO 70660 --- [main] s.w.ClassOrApiAnnotationResourceGrouping : Group for method serchAllowNotice was t-_s-_o-2o-ctrl
2017-06-12 14:29:25.565  INFO 70660 --- [main] s.d.schema.ModelContextKeyGenerator      : Cache Key Generated: net.sf.json.JSON(true)
2017-06-12 14:29:25.565  INFO 70660 --- [main] s.d.spring.web.caching.CachingAspect     : Caching aspect applied for cache models with key net.sf.json.JSON(true)
2017-06-12 14:29:25.565  INFO 70660 --- [main] s.d.schema.ModelContextKeyGenerator      : Cache Key Generated: net.sf.json.JSON(true)
2017-06-12 14:29:25.565  INFO 70660 --- [main] s.d.spring.web.caching.CachingAspect     : Caching aspect applied for cache modelDependencies with key net.sf.json.JSON(true)
2017-06-12 14:29:25.566  INFO 70660 --- [main] s.d.spring.web.OperationsKeyGenerator    : Cache key generated: /serchCompany.org.spring.springboot.controller.T_s_o2oCtrl.serchCompany.DefaultGenericTypeNamingStrategy
2017-06-12 14:29:25.566  INFO 70660 --- [main] s.d.spring.web.caching.CachingAspect     : Caching aspect applied for cache operations with key /serchCompany.org.spring.springboot.controller.T_s_o2oCtrl.serchCompany.DefaultGenericTypeNamingStrategy
2017-06-12 14:29:25.588  INFO 70660 --- [main] s.w.ClassOrApiAnnotationResourceGrouping : Group for method serchCompany was t-_s-_o-2o-ctrl
2017-06-12 14:29:25.597  INFO 70660 --- [main] s.w.ClassOrApiAnnotationResourceGrouping : Group for method serchCompany was t-_s-_o-2o-ctrl
2017-06-12 14:29:25.620  INFO 70660 --- [main] s.d.schema.ModelContextKeyGenerator      : Cache Key Generated: net.sf.json.JSON(true)
2017-06-12 14:29:25.621  INFO 70660 --- [main] s.d.spring.web.caching.CachingAspect     : Caching aspect applied for cache models with key net.sf.json.JSON(true)
2017-06-12 14:29:25.621  INFO 70660 --- [main] s.d.schema.ModelContextKeyGenerator      : Cache Key Generated: net.sf.json.JSON(true)
2017-06-12 14:29:25.621  INFO 70660 --- [main] s.d.spring.web.caching.CachingAspect     : Caching aspect applied for cache modelDependencies with key net.sf.json.JSON(true)
2017-06-12 14:29:25.622  INFO 70660 --- [main] s.d.spring.web.OperationsKeyGenerator    : Cache key generated: /serchCompanyAdmin.org.spring.springboot.controller.T_s_o2oCtrl.serchCompanyAdmin.DefaultGenericTypeNamingStrategy
2017-06-12 14:29:25.622  INFO 70660 --- [main] s.d.spring.web.caching.CachingAspect     : Caching aspect applied for cache operations with key /serchCompanyAdmin.org.spring.springboot.controller.T_s_o2oCtrl.serchCompanyAdmin.DefaultGenericTypeNamingStrategy
2017-06-12 14:29:25.649  INFO 70660 --- [main] s.w.ClassOrApiAnnotationResourceGrouping : Group for method serchCompanyAdmin was t-_s-_o-2o-ctrl
2017-06-12 14:29:25.658  INFO 70660 --- [main] s.w.ClassOrApiAnnotationResourceGrouping : Group for method serchCompanyAdmin was t-_s-_o-2o-ctrl
2017-06-12 14:29:25.676  INFO 70660 --- [main] s.d.schema.ModelContextKeyGenerator      : Cache Key Generated: net.sf.json.JSON(true)
2017-06-12 14:29:25.677  INFO 70660 --- [main] s.d.spring.web.caching.CachingAspect     : Caching aspect applied for cache models with key net.sf.json.JSON(true)
2017-06-12 14:29:25.677  INFO 70660 --- [main] s.d.schema.ModelContextKeyGenerator      : Cache Key Generated: net.sf.json.JSON(true)
2017-06-12 14:29:25.677  INFO 70660 --- [main] s.d.spring.web.caching.CachingAspect     : Caching aspect applied for cache modelDependencies with key net.sf.json.JSON(true)
2017-06-12 14:29:25.677  INFO 70660 --- [main] s.d.spring.web.OperationsKeyGenerator    : Cache key generated: /serchCompanyList.org.spring.springboot.controller.T_s_o2oCtrl.serchCompanyList.DefaultGenericTypeNamingStrategy
2017-06-12 14:29:25.678  INFO 70660 --- [main] s.d.spring.web.caching.CachingAspect     : Caching aspect applied for cache operations with key /serchCompanyList.org.spring.springboot.controller.T_s_o2oCtrl.serchCompanyList.DefaultGenericTypeNamingStrategy
2017-06-12 14:29:25.699  INFO 70660 --- [main] s.w.ClassOrApiAnnotationResourceGrouping : Group for method serchCompanyList was t-_s-_o-2o-ctrl
2017-06-12 14:29:25.708  INFO 70660 --- [main] s.w.ClassOrApiAnnotationResourceGrouping : Group for method serchCompanyList was t-_s-_o-2o-ctrl
2017-06-12 14:29:25.725  INFO 70660 --- [main] s.d.schema.ModelContextKeyGenerator      : Cache Key Generated: java.lang.Object(true)
2017-06-12 14:29:25.725  INFO 70660 --- [main] s.d.spring.web.caching.CachingAspect     : Caching aspect applied for cache models with key java.lang.Object(true)
2017-06-12 14:29:25.725  INFO 70660 --- [main] s.d.schema.ModelContextKeyGenerator      : Cache Key Generated: java.lang.Object(true)
2017-06-12 14:29:25.725  INFO 70660 --- [main] s.d.spring.web.caching.CachingAspect     : Caching aspect applied for cache modelDependencies with key java.lang.Object(true)
2017-06-12 14:29:25.726  INFO 70660 --- [main] s.d.spring.web.OperationsKeyGenerator    : Cache key generated: /serchMQList.org.spring.springboot.controller.T_s_o2oCtrl.serchMQList.DefaultGenericTypeNamingStrategy
2017-06-12 14:29:25.726  INFO 70660 --- [main] s.d.spring.web.caching.CachingAspect     : Caching aspect applied for cache operations with key /serchMQList.org.spring.springboot.controller.T_s_o2oCtrl.serchMQList.DefaultGenericTypeNamingStrategy
2017-06-12 14:29:25.744  INFO 70660 --- [main] s.w.ClassOrApiAnnotationResourceGrouping : Group for method serchMQList was t-_s-_o-2o-ctrl
2017-06-12 14:29:25.753  INFO 70660 --- [main] s.w.ClassOrApiAnnotationResourceGrouping : Group for method serchMQList was t-_s-_o-2o-ctrl
2017-06-12 14:29:25.772  INFO 70660 --- [main] s.d.schema.ModelContextKeyGenerator      : Cache Key Generated: java.lang.Object(true)
2017-06-12 14:29:25.773  INFO 70660 --- [main] s.d.spring.web.caching.CachingAspect     : Caching aspect applied for cache models with key java.lang.Object(true)
2017-06-12 14:29:25.773  INFO 70660 --- [main] s.d.schema.ModelContextKeyGenerator      : Cache Key Generated: java.lang.Object(true)
2017-06-12 14:29:25.773  INFO 70660 --- [main] s.d.spring.web.caching.CachingAspect     : Caching aspect applied for cache modelDependencies with key java.lang.Object(true)
2017-06-12 14:29:25.773  INFO 70660 --- [main] s.d.spring.web.OperationsKeyGenerator    : Cache key generated: /serchSZHDList.org.spring.springboot.controller.T_s_o2oCtrl.serchSZHDList.DefaultGenericTypeNamingStrategy
2017-06-12 14:29:25.774  INFO 70660 --- [main] s.d.spring.web.caching.CachingAspect     : Caching aspect applied for cache operations with key /serchSZHDList.org.spring.springboot.controller.T_s_o2oCtrl.serchSZHDList.DefaultGenericTypeNamingStrategy
2017-06-12 14:29:25.791  INFO 70660 --- [main] s.w.ClassOrApiAnnotationResourceGrouping : Group for method serchSZHDList was t-_s-_o-2o-ctrl
2017-06-12 14:29:25.799  INFO 70660 --- [main] s.w.ClassOrApiAnnotationResourceGrouping : Group for method serchSZHDList was t-_s-_o-2o-ctrl
2017-06-12 14:29:25.815  INFO 70660 --- [main] s.d.schema.ModelContextKeyGenerator      : Cache Key Generated: net.sf.json.JSON(true)
2017-06-12 14:29:25.815  INFO 70660 --- [main] s.d.spring.web.caching.CachingAspect     : Caching aspect applied for cache models with key net.sf.json.JSON(true)
2017-06-12 14:29:25.815  INFO 70660 --- [main] s.d.schema.ModelContextKeyGenerator      : Cache Key Generated: net.sf.json.JSON(true)
2017-06-12 14:29:25.816  INFO 70660 --- [main] s.d.spring.web.caching.CachingAspect     : Caching aspect applied for cache modelDependencies with key net.sf.json.JSON(true)
2017-06-12 14:29:25.816  INFO 70660 --- [main] s.d.spring.web.OperationsKeyGenerator    : Cache key generated: /serchStatus.org.spring.springboot.controller.T_s_o2oCtrl.serchStatus.DefaultGenericTypeNamingStrategy
2017-06-12 14:29:25.816  INFO 70660 --- [main] s.d.spring.web.caching.CachingAspect     : Caching aspect applied for cache operations with key /serchStatus.org.spring.springboot.controller.T_s_o2oCtrl.serchStatus.DefaultGenericTypeNamingStrategy
2017-06-12 14:29:25.833  INFO 70660 --- [main] s.w.ClassOrApiAnnotationResourceGrouping : Group for method serchStatus was t-_s-_o-2o-ctrl
2017-06-12 14:29:25.841  INFO 70660 --- [main] s.w.ClassOrApiAnnotationResourceGrouping : Group for method serchStatus was t-_s-_o-2o-ctrl
2017-06-12 14:29:25.857  INFO 70660 --- [main] s.d.schema.ModelContextKeyGenerator      : Cache Key Generated: net.sf.json.JSON(true)
2017-06-12 14:29:25.857  INFO 70660 --- [main] s.d.spring.web.caching.CachingAspect     : Caching aspect applied for cache models with key net.sf.json.JSON(true)
2017-06-12 14:29:25.857  INFO 70660 --- [main] s.d.schema.ModelContextKeyGenerator      : Cache Key Generated: net.sf.json.JSON(true)
2017-06-12 14:29:25.857  INFO 70660 --- [main] s.d.spring.web.caching.CachingAspect     : Caching aspect applied for cache modelDependencies with key net.sf.json.JSON(true)
2017-06-12 14:29:25.858  INFO 70660 --- [main] s.d.spring.web.OperationsKeyGenerator    : Cache key generated: /serchYCM.org.spring.springboot.controller.T_s_o2oCtrl.serchYCM.DefaultGenericTypeNamingStrategy
2017-06-12 14:29:25.858  INFO 70660 --- [main] s.d.spring.web.caching.CachingAspect     : Caching aspect applied for cache operations with key /serchYCM.org.spring.springboot.controller.T_s_o2oCtrl.serchYCM.DefaultGenericTypeNamingStrategy
2017-06-12 14:29:25.875  INFO 70660 --- [main] s.w.ClassOrApiAnnotationResourceGrouping : Group for method serchYCM was t-_s-_o-2o-ctrl
2017-06-12 14:29:25.883  INFO 70660 --- [main] s.w.ClassOrApiAnnotationResourceGrouping : Group for method serchYCM was t-_s-_o-2o-ctrl
2017-06-12 14:29:25.905  INFO 70660 --- [main] s.d.schema.ModelContextKeyGenerator      : Cache Key Generated: net.sf.json.JSON(true)
2017-06-12 14:29:25.905  INFO 70660 --- [main] s.d.spring.web.caching.CachingAspect     : Caching aspect applied for cache models with key net.sf.json.JSON(true)
2017-06-12 14:29:25.905  INFO 70660 --- [main] s.d.schema.ModelContextKeyGenerator      : Cache Key Generated: net.sf.json.JSON(true)
2017-06-12 14:29:25.905  INFO 70660 --- [main] s.d.spring.web.caching.CachingAspect     : Caching aspect applied for cache modelDependencies with key net.sf.json.JSON(true)
2017-06-12 14:29:25.905  INFO 70660 --- [main] s.d.spring.web.OperationsKeyGenerator    : Cache key generated: /serchYCMList.org.spring.springboot.controller.T_s_o2oCtrl.serchYCMList.DefaultGenericTypeNamingStrategy
2017-06-12 14:29:25.906  INFO 70660 --- [main] s.d.spring.web.caching.CachingAspect     : Caching aspect applied for cache operations with key /serchYCMList.org.spring.springboot.controller.T_s_o2oCtrl.serchYCMList.DefaultGenericTypeNamingStrategy
2017-06-12 14:29:25.940  INFO 70660 --- [main] s.w.ClassOrApiAnnotationResourceGrouping : Group for method serchYCMList was t-_s-_o-2o-ctrl
2017-06-12 14:29:25.948  INFO 70660 --- [main] s.w.ClassOrApiAnnotationResourceGrouping : Group for method serchYCMList was t-_s-_o-2o-ctrl
2017-06-12 14:29:25.965  INFO 70660 --- [main] s.d.schema.ModelContextKeyGenerator      : Cache Key Generated: net.sf.json.JSON(true)
2017-06-12 14:29:25.965  INFO 70660 --- [main] s.d.spring.web.caching.CachingAspect     : Caching aspect applied for cache models with key net.sf.json.JSON(true)
2017-06-12 14:29:25.965  INFO 70660 --- [main] s.d.schema.ModelContextKeyGenerator      : Cache Key Generated: net.sf.json.JSON(true)
2017-06-12 14:29:25.965  INFO 70660 --- [main] s.d.spring.web.caching.CachingAspect     : Caching aspect applied for cache modelDependencies with key net.sf.json.JSON(true)
2017-06-12 14:29:25.965  INFO 70660 --- [main] s.d.spring.web.OperationsKeyGenerator    : Cache key generated: /serchYHKH.org.spring.springboot.controller.T_s_o2oCtrl.serchYHKH.DefaultGenericTypeNamingStrategy
2017-06-12 14:29:25.966  INFO 70660 --- [main] s.d.spring.web.caching.CachingAspect     : Caching aspect applied for cache operations with key /serchYHKH.org.spring.springboot.controller.T_s_o2oCtrl.serchYHKH.DefaultGenericTypeNamingStrategy
2017-06-12 14:29:25.982  INFO 70660 --- [main] s.w.ClassOrApiAnnotationResourceGrouping : Group for method serchYHKH was t-_s-_o-2o-ctrl
2017-06-12 14:29:25.991  INFO 70660 --- [main] s.w.ClassOrApiAnnotationResourceGrouping : Group for method serchYHKH was t-_s-_o-2o-ctrl
2017-06-12 14:29:26.007  INFO 70660 --- [main] s.d.schema.ModelContextKeyGenerator      : Cache Key Generated: java.lang.Object(true)
2017-06-12 14:29:26.007  INFO 70660 --- [main] s.d.spring.web.caching.CachingAspect     : Caching aspect applied for cache models with key java.lang.Object(true)
2017-06-12 14:29:26.007  INFO 70660 --- [main] s.d.schema.ModelContextKeyGenerator      : Cache Key Generated: java.lang.Object(true)
2017-06-12 14:29:26.007  INFO 70660 --- [main] s.d.spring.web.caching.CachingAspect     : Caching aspect applied for cache modelDependencies with key java.lang.Object(true)
2017-06-12 14:29:26.008  INFO 70660 --- [main] s.d.spring.web.OperationsKeyGenerator    : Cache key generated: /serchYHKHList.org.spring.springboot.controller.T_s_o2oCtrl.serchYHKHList.DefaultGenericTypeNamingStrategy
2017-06-12 14:29:26.008  INFO 70660 --- [main] s.d.spring.web.caching.CachingAspect     : Caching aspect applied for cache operations with key /serchYHKHList.org.spring.springboot.controller.T_s_o2oCtrl.serchYHKHList.DefaultGenericTypeNamingStrategy
2017-06-12 14:29:26.025  INFO 70660 --- [main] s.w.ClassOrApiAnnotationResourceGrouping : Group for method serchYHKHList was t-_s-_o-2o-ctrl
2017-06-12 14:29:26.033  INFO 70660 --- [main] s.w.ClassOrApiAnnotationResourceGrouping : Group for method serchYHKHList was t-_s-_o-2o-ctrl
2017-06-12 14:29:26.052  INFO 70660 --- [main] s.d.schema.ModelContextKeyGenerator      : Cache Key Generated: net.sf.json.JSON(true)
2017-06-12 14:29:26.052  INFO 70660 --- [main] s.d.spring.web.caching.CachingAspect     : Caching aspect applied for cache models with key net.sf.json.JSON(true)
2017-06-12 14:29:26.052  INFO 70660 --- [main] s.d.schema.ModelContextKeyGenerator      : Cache Key Generated: net.sf.json.JSON(true)
2017-06-12 14:29:26.053  INFO 70660 --- [main] s.d.spring.web.caching.CachingAspect     : Caching aspect applied for cache modelDependencies with key net.sf.json.JSON(true)
2017-06-12 14:29:26.053  INFO 70660 --- [main] s.d.spring.web.OperationsKeyGenerator    : Cache key generated: /serchZZFF.org.spring.springboot.controller.T_s_o2oCtrl.serchZZFF.DefaultGenericTypeNamingStrategy
2017-06-12 14:29:26.053  INFO 70660 --- [main] s.d.spring.web.caching.CachingAspect     : Caching aspect applied for cache operations with key /serchZZFF.org.spring.springboot.controller.T_s_o2oCtrl.serchZZFF.DefaultGenericTypeNamingStrategy
2017-06-12 14:29:26.070  INFO 70660 --- [main] s.w.ClassOrApiAnnotationResourceGrouping : Group for method serchZZFF was t-_s-_o-2o-ctrl
2017-06-12 14:29:26.079  INFO 70660 --- [main] s.w.ClassOrApiAnnotationResourceGrouping : Group for method serchZZFF was t-_s-_o-2o-ctrl
2017-06-12 14:29:26.092  INFO 70660 --- [main] s.d.schema.ModelContextKeyGenerator      : Cache Key Generated: java.lang.Object(true)
2017-06-12 14:29:26.092  INFO 70660 --- [main] s.d.spring.web.caching.CachingAspect     : Caching aspect applied for cache models with key java.lang.Object(true)
2017-06-12 14:29:26.092  INFO 70660 --- [main] s.d.schema.ModelContextKeyGenerator      : Cache Key Generated: java.lang.Object(true)
2017-06-12 14:29:26.092  INFO 70660 --- [main] s.d.spring.web.caching.CachingAspect     : Caching aspect applied for cache modelDependencies with key java.lang.Object(true)
2017-06-12 14:29:26.092  INFO 70660 --- [main] s.d.spring.web.OperationsKeyGenerator    : Cache key generated: /serchZZFFList.org.spring.springboot.controller.T_s_o2oCtrl.serchZZFFList.DefaultGenericTypeNamingStrategy
2017-06-12 14:29:26.092  INFO 70660 --- [main] s.d.spring.web.caching.CachingAspect     : Caching aspect applied for cache operations with key /serchZZFFList.org.spring.springboot.controller.T_s_o2oCtrl.serchZZFFList.DefaultGenericTypeNamingStrategy
2017-06-12 14:29:26.102  INFO 70660 --- [main] s.w.ClassOrApiAnnotationResourceGrouping : Group for method serchZZFFList was t-_s-_o-2o-ctrl
2017-06-12 14:29:26.106  INFO 70660 --- [main] s.w.ClassOrApiAnnotationResourceGrouping : Group for method serchZZFFList was t-_s-_o-2o-ctrl
2017-06-12 14:29:26.116  INFO 70660 --- [main] s.d.schema.ModelContextKeyGenerator      : Cache Key Generated: net.sf.json.JSON(true)
2017-06-12 14:29:26.116  INFO 70660 --- [main] s.d.spring.web.caching.CachingAspect     : Caching aspect applied for cache models with key net.sf.json.JSON(true)
2017-06-12 14:29:26.116  INFO 70660 --- [main] s.d.schema.ModelContextKeyGenerator      : Cache Key Generated: net.sf.json.JSON(true)
2017-06-12 14:29:26.116  INFO 70660 --- [main] s.d.spring.web.caching.CachingAspect     : Caching aspect applied for cache modelDependencies with key net.sf.json.JSON(true)
2017-06-12 14:29:26.116  INFO 70660 --- [main] s.d.spring.web.OperationsKeyGenerator    : Cache key generated: /startMQ.org.spring.springboot.controller.T_s_o2oCtrl.startMQ.DefaultGenericTypeNamingStrategy
2017-06-12 14:29:26.117  INFO 70660 --- [main] s.d.spring.web.caching.CachingAspect     : Caching aspect applied for cache operations with key /startMQ.org.spring.springboot.controller.T_s_o2oCtrl.startMQ.DefaultGenericTypeNamingStrategy
2017-06-12 14:29:26.138  INFO 70660 --- [main] s.w.ClassOrApiAnnotationResourceGrouping : Group for method startMQ was t-_s-_o-2o-ctrl
2017-06-12 14:29:26.143  INFO 70660 --- [main] s.w.ClassOrApiAnnotationResourceGrouping : Group for method startMQ was t-_s-_o-2o-ctrl
2017-06-12 14:29:26.154  INFO 70660 --- [main] s.d.schema.ModelContextKeyGenerator      : Cache Key Generated: int(true)
2017-06-12 14:29:26.154  INFO 70660 --- [main] s.d.spring.web.caching.CachingAspect     : Caching aspect applied for cache models with key int(true)
2017-06-12 14:29:26.154  INFO 70660 --- [main] s.d.schema.ModelContextKeyGenerator      : Cache Key Generated: int(true)
2017-06-12 14:29:26.154  INFO 70660 --- [main] s.d.spring.web.caching.CachingAspect     : Caching aspect applied for cache modelDependencies with key int(true)
2017-06-12 14:29:26.155  INFO 70660 --- [main] s.d.spring.web.OperationsKeyGenerator    : Cache key generated: /updateAccount_state.org.spring.springboot.controller.T_s_o2oCtrl.updateAccount_state.DefaultGenericTypeNamingStrategy
2017-06-12 14:29:26.155  INFO 70660 --- [main] s.d.spring.web.caching.CachingAspect     : Caching aspect applied for cache operations with key /updateAccount_state.org.spring.springboot.controller.T_s_o2oCtrl.updateAccount_state.DefaultGenericTypeNamingStrategy
2017-06-12 14:29:26.169  INFO 70660 --- [main] s.w.ClassOrApiAnnotationResourceGrouping : Group for method updateAccount_state was t-_s-_o-2o-ctrl
2017-06-12 14:29:26.174  INFO 70660 --- [main] s.w.ClassOrApiAnnotationResourceGrouping : Group for method updateAccount_state was t-_s-_o-2o-ctrl
2017-06-12 14:29:26.182  INFO 70660 --- [main] s.d.schema.ModelContextKeyGenerator      : Cache Key Generated: int(true)
2017-06-12 14:29:26.183  INFO 70660 --- [main] s.d.spring.web.caching.CachingAspect     : Caching aspect applied for cache models with key int(true)
2017-06-12 14:29:26.183  INFO 70660 --- [main] s.d.schema.ModelContextKeyGenerator      : Cache Key Generated: int(true)
2017-06-12 14:29:26.183  INFO 70660 --- [main] s.d.spring.web.caching.CachingAspect     : Caching aspect applied for cache modelDependencies with key int(true)
2017-06-12 14:29:26.183  INFO 70660 --- [main] s.d.spring.web.OperationsKeyGenerator    : Cache key generated: /updateAllow_pic.org.spring.springboot.controller.T_s_o2oCtrl.updateAllow_pic.DefaultGenericTypeNamingStrategy
2017-06-12 14:29:26.183  INFO 70660 --- [main] s.d.spring.web.caching.CachingAspect     : Caching aspect applied for cache operations with key /updateAllow_pic.org.spring.springboot.controller.T_s_o2oCtrl.updateAllow_pic.DefaultGenericTypeNamingStrategy
2017-06-12 14:29:26.201  INFO 70660 --- [main] s.w.ClassOrApiAnnotationResourceGrouping : Group for method updateAllow_pic was t-_s-_o-2o-ctrl
2017-06-12 14:29:26.207  INFO 70660 --- [main] s.w.ClassOrApiAnnotationResourceGrouping : Group for method updateAllow_pic was t-_s-_o-2o-ctrl
2017-06-12 14:29:26.216  INFO 70660 --- [main] s.d.schema.ModelContextKeyGenerator      : Cache Key Generated: int(true)
2017-06-12 14:29:26.217  INFO 70660 --- [main] s.d.spring.web.caching.CachingAspect     : Caching aspect applied for cache models with key int(true)
2017-06-12 14:29:26.217  INFO 70660 --- [main] s.d.schema.ModelContextKeyGenerator      : Cache Key Generated: int(true)
2017-06-12 14:29:26.217  INFO 70660 --- [main] s.d.spring.web.caching.CachingAspect     : Caching aspect applied for cache modelDependencies with key int(true)
2017-06-12 14:29:26.217  INFO 70660 --- [main] s.d.spring.web.OperationsKeyGenerator    : Cache key generated: /updateAppointment_state.org.spring.springboot.controller.T_s_o2oCtrl.updateAppointment_state.DefaultGenericTypeNamingStrategy
2017-06-12 14:29:26.217  INFO 70660 --- [main] s.d.spring.web.caching.CachingAspect     : Caching aspect applied for cache operations with key /updateAppointment_state.org.spring.springboot.controller.T_s_o2oCtrl.updateAppointment_state.DefaultGenericTypeNamingStrategy
2017-06-12 14:29:26.231  INFO 70660 --- [main] s.w.ClassOrApiAnnotationResourceGrouping : Group for method updateAppointment_state was t-_s-_o-2o-ctrl
2017-06-12 14:29:26.236  INFO 70660 --- [main] s.w.ClassOrApiAnnotationResourceGrouping : Group for method updateAppointment_state was t-_s-_o-2o-ctrl
2017-06-12 14:29:26.245  INFO 70660 --- [main] s.d.schema.ModelContextKeyGenerator      : Cache Key Generated: int(true)
2017-06-12 14:29:26.245  INFO 70660 --- [main] s.d.spring.web.caching.CachingAspect     : Caching aspect applied for cache models with key int(true)
2017-06-12 14:29:26.246  INFO 70660 --- [main] s.d.schema.ModelContextKeyGenerator      : Cache Key Generated: int(true)
2017-06-12 14:29:26.246  INFO 70660 --- [main] s.d.spring.web.caching.CachingAspect     : Caching aspect applied for cache modelDependencies with key int(true)
2017-06-12 14:29:26.246  INFO 70660 --- [main] s.d.spring.web.OperationsKeyGenerator    : Cache key generated: /updateLicense.org.spring.springboot.controller.T_s_o2oCtrl.updateLicense.DefaultGenericTypeNamingStrategy
2017-06-12 14:29:26.246  INFO 70660 --- [main] s.d.spring.web.caching.CachingAspect     : Caching aspect applied for cache operations with key /updateLicense.org.spring.springboot.controller.T_s_o2oCtrl.updateLicense.DefaultGenericTypeNamingStrategy
2017-06-12 14:29:26.266  INFO 70660 --- [main] s.w.ClassOrApiAnnotationResourceGrouping : Group for method updateLicense was t-_s-_o-2o-ctrl
2017-06-12 14:29:26.271  INFO 70660 --- [main] s.w.ClassOrApiAnnotationResourceGrouping : Group for method updateLicense was t-_s-_o-2o-ctrl
2017-06-12 14:29:26.280  INFO 70660 --- [main] s.d.schema.ModelContextKeyGenerator      : Cache Key Generated: java.util.Map<java.lang.String,java.lang.String>(true)
2017-06-12 14:29:26.281  INFO 70660 --- [main] s.d.spring.web.caching.CachingAspect     : Caching aspect applied for cache models with key java.util.Map<java.lang.String,java.lang.String>(true)
2017-06-12 14:29:26.281  INFO 70660 --- [main] s.d.schema.ModelContextKeyGenerator      : Cache Key Generated: java.util.Map<java.lang.String,java.lang.String>(true)
2017-06-12 14:29:26.281  INFO 70660 --- [main] s.d.spring.web.caching.CachingAspect     : Caching aspect applied for cache modelDependencies with key java.util.Map<java.lang.String,java.lang.String>(true)
2017-06-12 14:29:26.281  INFO 70660 --- [main] s.d.s.p.ModelPropertiesKeyGenerator      : Cache key generated: java.util.Map<java.lang.String,java.lang.String>(true)
2017-06-12 14:29:26.282  INFO 70660 --- [main] s.d.spring.web.caching.CachingAspect     : Caching aspect applied for cache modelProperties with key java.util.Map<java.lang.String,java.lang.String>(true)
2017-06-12 14:29:26.282  INFO 70660 --- [main] s.d.schema.ModelContextKeyGenerator      : Cache Key Generated: java.lang.String(false)
2017-06-12 14:29:26.282  INFO 70660 --- [main] s.d.spring.web.caching.CachingAspect     : Caching aspect applied for cache models with key java.lang.String(false)
2017-06-12 14:29:26.282  INFO 70660 --- [main] s.d.schema.ModelContextKeyGenerator      : Cache Key Generated: java.lang.String(false)
2017-06-12 14:29:26.282  INFO 70660 --- [main] s.d.spring.web.caching.CachingAspect     : Caching aspect applied for cache modelDependencies with key java.lang.String(false)
2017-06-12 14:29:26.283  INFO 70660 --- [main] s.d.spring.web.OperationsKeyGenerator    : Cache key generated: /page/updateMQ.do.org.spring.springboot.controller.T_s_o2oCtrl.updateMQ.DefaultGenericTypeNamingStrategy
2017-06-12 14:29:26.283  INFO 70660 --- [main] s.d.spring.web.caching.CachingAspect     : Caching aspect applied for cache operations with key /page/updateMQ.do.org.spring.springboot.controller.T_s_o2oCtrl.updateMQ.DefaultGenericTypeNamingStrategy
2017-06-12 14:29:26.291  INFO 70660 --- [main] s.w.ClassOrApiAnnotationResourceGrouping : Group for method updateMQ was t-_s-_o-2o-ctrl
2017-06-12 14:29:26.297  INFO 70660 --- [main] s.w.ClassOrApiAnnotationResourceGrouping : Group for method updateMQ was t-_s-_o-2o-ctrl
2017-06-12 14:29:26.307  INFO 70660 --- [main] s.d.schema.ModelContextKeyGenerator      : Cache Key Generated: java.util.Map<java.lang.String,java.lang.String>(true)
2017-06-12 14:29:26.307  INFO 70660 --- [main] s.d.spring.web.caching.CachingAspect     : Caching aspect applied for cache models with key java.util.Map<java.lang.String,java.lang.String>(true)
2017-06-12 14:29:26.307  INFO 70660 --- [main] s.d.schema.ModelContextKeyGenerator      : Cache Key Generated: java.util.Map<java.lang.String,java.lang.String>(true)
2017-06-12 14:29:26.307  INFO 70660 --- [main] s.d.spring.web.caching.CachingAspect     : Caching aspect applied for cache modelDependencies with key java.util.Map<java.lang.String,java.lang.String>(true)
2017-06-12 14:29:26.308  INFO 70660 --- [main] s.d.schema.ModelContextKeyGenerator      : Cache Key Generated: java.lang.String(false)
2017-06-12 14:29:26.308  INFO 70660 --- [main] s.d.spring.web.caching.CachingAspect     : Caching aspect applied for cache models with key java.lang.String(false)
2017-06-12 14:29:26.308  INFO 70660 --- [main] s.d.schema.ModelContextKeyGenerator      : Cache Key Generated: java.lang.String(false)
2017-06-12 14:29:26.308  INFO 70660 --- [main] s.d.spring.web.caching.CachingAspect     : Caching aspect applied for cache modelDependencies with key java.lang.String(false)
2017-06-12 14:29:26.308  INFO 70660 --- [main] s.d.spring.web.OperationsKeyGenerator    : Cache key generated: /page/updateSZHD.do.org.spring.springboot.controller.T_s_o2oCtrl.updateSZHD.DefaultGenericTypeNamingStrategy
2017-06-12 14:29:26.309  INFO 70660 --- [main] s.d.spring.web.caching.CachingAspect     : Caching aspect applied for cache operations with key /page/updateSZHD.do.org.spring.springboot.controller.T_s_o2oCtrl.updateSZHD.DefaultGenericTypeNamingStrategy
2017-06-12 14:29:26.316  INFO 70660 --- [main] s.w.ClassOrApiAnnotationResourceGrouping : Group for method updateSZHD was t-_s-_o-2o-ctrl
2017-06-12 14:29:26.321  INFO 70660 --- [main] s.w.ClassOrApiAnnotationResourceGrouping : Group for method updateSZHD was t-_s-_o-2o-ctrl
2017-06-12 14:29:26.331  INFO 70660 --- [main] s.d.schema.ModelContextKeyGenerator      : Cache Key Generated: int(true)
2017-06-12 14:29:26.331  INFO 70660 --- [main] s.d.spring.web.caching.CachingAspect     : Caching aspect applied for cache models with key int(true)
2017-06-12 14:29:26.331  INFO 70660 --- [main] s.d.schema.ModelContextKeyGenerator      : Cache Key Generated: int(true)
2017-06-12 14:29:26.331  INFO 70660 --- [main] s.d.spring.web.caching.CachingAspect     : Caching aspect applied for cache modelDependencies with key int(true)
2017-06-12 14:29:26.332  INFO 70660 --- [main] s.d.spring.web.OperationsKeyGenerator    : Cache key generated: /updateSZHD_state.org.spring.springboot.controller.T_s_o2oCtrl.updateSZHD_state.DefaultGenericTypeNamingStrategy
2017-06-12 14:29:26.332  INFO 70660 --- [main] s.d.spring.web.caching.CachingAspect     : Caching aspect applied for cache operations with key /updateSZHD_state.org.spring.springboot.controller.T_s_o2oCtrl.updateSZHD_state.DefaultGenericTypeNamingStrategy
2017-06-12 14:29:26.346  INFO 70660 --- [main] s.w.ClassOrApiAnnotationResourceGrouping : Group for method updateSZHD_state was t-_s-_o-2o-ctrl
2017-06-12 14:29:26.352  INFO 70660 --- [main] s.w.ClassOrApiAnnotationResourceGrouping : Group for method updateSZHD_state was t-_s-_o-2o-ctrl
2017-06-12 14:29:26.363  INFO 70660 --- [main] s.d.schema.ModelContextKeyGenerator      : Cache Key Generated: net.sf.json.JSON(true)
2017-06-12 14:29:26.363  INFO 70660 --- [main] s.d.spring.web.caching.CachingAspect     : Caching aspect applied for cache models with key net.sf.json.JSON(true)
2017-06-12 14:29:26.363  INFO 70660 --- [main] s.d.schema.ModelContextKeyGenerator      : Cache Key Generated: net.sf.json.JSON(true)
2017-06-12 14:29:26.363  INFO 70660 --- [main] s.d.spring.web.caching.CachingAspect     : Caching aspect applied for cache modelDependencies with key net.sf.json.JSON(true)
2017-06-12 14:29:26.364  INFO 70660 --- [main] s.d.spring.web.OperationsKeyGenerator    : Cache key generated: /updateStartSZHD.org.spring.springboot.controller.T_s_o2oCtrl.updateStartSZHD.DefaultGenericTypeNamingStrategy
2017-06-12 14:29:26.364  INFO 70660 --- [main] s.d.spring.web.caching.CachingAspect     : Caching aspect applied for cache operations with key /updateStartSZHD.org.spring.springboot.controller.T_s_o2oCtrl.updateStartSZHD.DefaultGenericTypeNamingStrategy
2017-06-12 14:29:26.375  INFO 70660 --- [main] s.w.ClassOrApiAnnotationResourceGrouping : Group for method updateStartSZHD was t-_s-_o-2o-ctrl
2017-06-12 14:29:26.380  INFO 70660 --- [main] s.w.ClassOrApiAnnotationResourceGrouping : Group for method updateStartSZHD was t-_s-_o-2o-ctrl
2017-06-12 14:29:26.389  INFO 70660 --- [main] s.d.schema.ModelContextKeyGenerator      : Cache Key Generated: java.util.Map<java.lang.String,java.lang.String>(true)
2017-06-12 14:29:26.389  INFO 70660 --- [main] s.d.spring.web.caching.CachingAspect     : Caching aspect applied for cache models with key java.util.Map<java.lang.String,java.lang.String>(true)
2017-06-12 14:29:26.389  INFO 70660 --- [main] s.d.schema.ModelContextKeyGenerator      : Cache Key Generated: java.util.Map<java.lang.String,java.lang.String>(true)
2017-06-12 14:29:26.389  INFO 70660 --- [main] s.d.spring.web.caching.CachingAspect     : Caching aspect applied for cache modelDependencies with key java.util.Map<java.lang.String,java.lang.String>(true)
2017-06-12 14:29:26.389  INFO 70660 --- [main] s.d.schema.ModelContextKeyGenerator      : Cache Key Generated: java.lang.String(false)
2017-06-12 14:29:26.390  INFO 70660 --- [main] s.d.spring.web.caching.CachingAspect     : Caching aspect applied for cache models with key java.lang.String(false)
2017-06-12 14:29:26.390  INFO 70660 --- [main] s.d.schema.ModelContextKeyGenerator      : Cache Key Generated: java.lang.String(false)
2017-06-12 14:29:26.390  INFO 70660 --- [main] s.d.spring.web.caching.CachingAspect     : Caching aspect applied for cache modelDependencies with key java.lang.String(false)
2017-06-12 14:29:26.390  INFO 70660 --- [main] s.d.spring.web.OperationsKeyGenerator    : Cache key generated: /page/updateYHKH.do.org.spring.springboot.controller.T_s_o2oCtrl.updateYHKH.DefaultGenericTypeNamingStrategy
2017-06-12 14:29:26.390  INFO 70660 --- [main] s.d.spring.web.caching.CachingAspect     : Caching aspect applied for cache operations with key /page/updateYHKH.do.org.spring.springboot.controller.T_s_o2oCtrl.updateYHKH.DefaultGenericTypeNamingStrategy
2017-06-12 14:29:26.397  INFO 70660 --- [main] s.w.ClassOrApiAnnotationResourceGrouping : Group for method updateYHKH was t-_s-_o-2o-ctrl
2017-06-12 14:29:26.402  INFO 70660 --- [main] s.w.ClassOrApiAnnotationResourceGrouping : Group for method updateYHKH was t-_s-_o-2o-ctrl
2017-06-12 14:29:26.409  INFO 70660 --- [main] s.d.schema.ModelContextKeyGenerator      : Cache Key Generated: java.util.Map<java.lang.String,java.lang.String>(true)
2017-06-12 14:29:26.410  INFO 70660 --- [main] s.d.spring.web.caching.CachingAspect     : Caching aspect applied for cache models with key java.util.Map<java.lang.String,java.lang.String>(true)
2017-06-12 14:29:26.410  INFO 70660 --- [main] s.d.schema.ModelContextKeyGenerator      : Cache Key Generated: java.util.Map<java.lang.String,java.lang.String>(true)
2017-06-12 14:29:26.410  INFO 70660 --- [main] s.d.spring.web.caching.CachingAspect     : Caching aspect applied for cache modelDependencies with key java.util.Map<java.lang.String,java.lang.String>(true)
2017-06-12 14:29:26.410  INFO 70660 --- [main] s.d.schema.ModelContextKeyGenerator      : Cache Key Generated: java.lang.String(false)
2017-06-12 14:29:26.410  INFO 70660 --- [main] s.d.spring.web.caching.CachingAspect     : Caching aspect applied for cache models with key java.lang.String(false)
2017-06-12 14:29:26.411  INFO 70660 --- [main] s.d.schema.ModelContextKeyGenerator      : Cache Key Generated: java.lang.String(false)
2017-06-12 14:29:26.411  INFO 70660 --- [main] s.d.spring.web.caching.CachingAspect     : Caching aspect applied for cache modelDependencies with key java.lang.String(false)
2017-06-12 14:29:26.411  INFO 70660 --- [main] s.d.spring.web.OperationsKeyGenerator    : Cache key generated: /page/updateZZFF.do.org.spring.springboot.controller.T_s_o2oCtrl.updateZZFF.DefaultGenericTypeNamingStrategy
2017-06-12 14:29:26.411  INFO 70660 --- [main] s.d.spring.web.caching.CachingAspect     : Caching aspect applied for cache operations with key /page/updateZZFF.do.org.spring.springboot.controller.T_s_o2oCtrl.updateZZFF.DefaultGenericTypeNamingStrategy
2017-06-12 14:29:26.418  INFO 70660 --- [main] s.w.ClassOrApiAnnotationResourceGrouping : Group for method updateZZFF was t-_s-_o-2o-ctrl
2017-06-12 14:29:26.422  INFO 70660 --- [main] s.w.ClassOrApiAnnotationResourceGrouping : Group for method updateZZFF was t-_s-_o-2o-ctrl
2017-06-12 14:29:26.426  INFO 70660 --- [main] s.d.schema.ModelContextKeyGenerator      : Cache Key Generated: int(true)
2017-06-12 14:29:26.427  INFO 70660 --- [main] s.d.spring.web.caching.CachingAspect     : Caching aspect applied for cache models with key int(true)
2017-06-12 14:29:26.427  INFO 70660 --- [main] s.d.schema.ModelContextKeyGenerator      : Cache Key Generated: int(true)
2017-06-12 14:29:26.427  INFO 70660 --- [main] s.d.spring.web.caching.CachingAspect     : Caching aspect applied for cache modelDependencies with key int(true)
2017-06-12 14:29:26.427  INFO 70660 --- [main] s.d.spring.web.OperationsKeyGenerator    : Cache key generated: /UserUpdate.org.spring.springboot.controller.UserCtrl.UserUpdate.DefaultGenericTypeNamingStrategy
2017-06-12 14:29:26.427  INFO 70660 --- [main] s.d.spring.web.caching.CachingAspect     : Caching aspect applied for cache operations with key /UserUpdate.org.spring.springboot.controller.UserCtrl.UserUpdate.DefaultGenericTypeNamingStrategy
2017-06-12 14:29:26.430  INFO 70660 --- [main] s.w.ClassOrApiAnnotationResourceGrouping : Group for method UserUpdate was user-ctrl
2017-06-12 14:29:26.431  INFO 70660 --- [main] s.w.ClassOrApiAnnotationResourceGrouping : Group for method UserUpdate was user-ctrl
2017-06-12 14:29:26.434  INFO 70660 --- [main] s.d.schema.ModelContextKeyGenerator      : Cache Key Generated: java.lang.String(true)
2017-06-12 14:29:26.434  INFO 70660 --- [main] s.d.spring.web.caching.CachingAspect     : Caching aspect applied for cache models with key java.lang.String(true)
2017-06-12 14:29:26.434  INFO 70660 --- [main] s.d.schema.ModelContextKeyGenerator      : Cache Key Generated: java.lang.String(true)
2017-06-12 14:29:26.434  INFO 70660 --- [main] s.d.spring.web.caching.CachingAspect     : Caching aspect applied for cache modelDependencies with key java.lang.String(true)
2017-06-12 14:29:26.435  INFO 70660 --- [main] s.d.spring.web.OperationsKeyGenerator    : Cache key generated: /checkMessage.org.spring.springboot.controller.UserCtrl.checkMessage.DefaultGenericTypeNamingStrategy
2017-06-12 14:29:26.435  INFO 70660 --- [main] s.d.spring.web.caching.CachingAspect     : Caching aspect applied for cache operations with key /checkMessage.org.spring.springboot.controller.UserCtrl.checkMessage.DefaultGenericTypeNamingStrategy
2017-06-12 14:29:26.438  INFO 70660 --- [main] s.w.ClassOrApiAnnotationResourceGrouping : Group for method checkMessage was user-ctrl
2017-06-12 14:29:26.440  INFO 70660 --- [main] s.w.ClassOrApiAnnotationResourceGrouping : Group for method checkMessage was user-ctrl
2017-06-12 14:29:26.441  INFO 70660 --- [main] s.d.schema.ModelContextKeyGenerator      : Cache Key Generated: int(true)
2017-06-12 14:29:26.442  INFO 70660 --- [main] s.d.spring.web.caching.CachingAspect     : Caching aspect applied for cache models with key int(true)
2017-06-12 14:29:26.442  INFO 70660 --- [main] s.d.schema.ModelContextKeyGenerator      : Cache Key Generated: int(true)
2017-06-12 14:29:26.442  INFO 70660 --- [main] s.d.spring.web.caching.CachingAspect     : Caching aspect applied for cache modelDependencies with key int(true)
2017-06-12 14:29:26.442  INFO 70660 --- [main] s.d.spring.web.OperationsKeyGenerator    : Cache key generated: /verfymobile.org.spring.springboot.controller.UserCtrl.verfymobile.DefaultGenericTypeNamingStrategy
2017-06-12 14:29:26.442  INFO 70660 --- [main] s.d.spring.web.caching.CachingAspect     : Caching aspect applied for cache operations with key /verfymobile.org.spring.springboot.controller.UserCtrl.verfymobile.DefaultGenericTypeNamingStrategy
2017-06-12 14:29:26.445  INFO 70660 --- [main] s.w.ClassOrApiAnnotationResourceGrouping : Group for method verfymobile was user-ctrl
2017-06-12 14:29:26.446  INFO 70660 --- [main] s.w.ClassOrApiAnnotationResourceGrouping : Group for method verfymobile was user-ctrl
2017-06-12 14:29:26.516  INFO 70660 --- [main] s.b.c.e.t.TomcatEmbeddedServletContainer : Tomcat started on port(s): 8082 (http)
2017-06-12 14:29:26.526  INFO 70660 --- [main] org.spring.springboot.Application        : Started Application in 7.332 seconds (JVM running for 7.668)
2017-06-12 14:29:35.194  INFO 70660 --- [http-nio-8082-exec-1] o.apache.tomcat.util.http.parser.Cookie  : A cookie header was received [1491885647,1491899812,1492755653; UM_distinctid=15bec591b78195-06a5b24983bd52-6a11157a-100200-15bec591b7948d; CNZZDATA1015985=cnzz_eid%3D1018386225-1494314878-%26ntime%3D1494314878] that contained an invalid cookie. That cookie will be ignored.Note: further occurrences of this error will be logged at DEBUG level.
2017-06-12 14:29:35.199  INFO 70660 --- [http-nio-8082-exec-1] o.a.c.c.C.[Tomcat].[localhost].[/]       : Initializing Spring FrameworkServlet 'dispatcherServlet'
2017-06-12 14:29:35.200  INFO 70660 --- [http-nio-8082-exec-1] o.s.web.servlet.DispatcherServlet        : FrameworkServlet 'dispatcherServlet': initialization started
2017-06-12 14:29:35.220  INFO 70660 --- [http-nio-8082-exec-1] o.s.web.servlet.DispatcherServlet        : FrameworkServlet 'dispatcherServlet': initialization completed in 20 ms
2017-06-12 14:31:29.060 ERROR 70404 --- [main] o.s.b.l.LoggingApplicationListener       : Cannot set level: INFO   for 'org.springframework.web'
2017-06-12 14:31:29.065 ERROR 70404 --- [main] o.s.b.l.LoggingApplicationListener       : Cannot set level: ERROR   for 'org.hibernate'
2017-06-12 14:31:29.172  INFO 70404 --- [main] org.spring.springboot.Application        : Starting Application on MS-20161208GPVU with PID 70404 (D:\springboot\target\classes started by Administrator in D:\springboot)
2017-06-12 14:31:29.172  INFO 70404 --- [main] org.spring.springboot.Application        : No active profile set, falling back to default profiles: default
2017-06-12 14:31:29.238  INFO 70404 --- [main] ationConfigEmbeddedWebApplicationContext : Refreshing org.springframework.boot.context.embedded.AnnotationConfigEmbeddedWebApplicationContext@60ef7ec1: startup date [Mon Jun 12 14:31:29 GMT+08:00 2017]; root of context hierarchy
2017-06-12 14:31:30.375  INFO 70404 --- [main] o.s.b.f.s.DefaultListableBeanFactory     : Overriding bean definition for bean 'dataSource' with a different definition: replacing [Root bean: class [null]; scope=; abstract=false; lazyInit=false; autowireMode=3; dependencyCheck=0; autowireCandidate=true; primary=false; factoryBeanName=org.springframework.boot.autoconfigure.jdbc.DataSourceConfiguration$Dbcp; factoryMethodName=dataSource; initMethodName=null; destroyMethodName=(inferred); defined in class path resource [org/springframework/boot/autoconfigure/jdbc/DataSourceConfiguration$Dbcp.class]] with [Root bean: class [null]; scope=; abstract=false; lazyInit=false; autowireMode=3; dependencyCheck=0; autowireCandidate=true; primary=false; factoryBeanName=org.springframework.boot.autoconfigure.jdbc.DataSourceConfiguration$Tomcat; factoryMethodName=dataSource; initMethodName=null; destroyMethodName=(inferred); defined in class path resource [org/springframework/boot/autoconfigure/jdbc/DataSourceConfiguration$Tomcat.class]]
2017-06-12 14:31:30.834  INFO 70404 --- [main] trationDelegate$BeanPostProcessorChecker : Bean 'org.springframework.boot.autoconfigure.validation.ValidationAutoConfiguration' of type [class org.springframework.boot.autoconfigure.validation.ValidationAutoConfiguration] is not eligible for getting processed by all BeanPostProcessors (for example: not eligible for auto-proxying)
2017-06-12 14:31:30.907  INFO 70404 --- [main] trationDelegate$BeanPostProcessorChecker : Bean 'validator' of type [class org.springframework.validation.beanvalidation.LocalValidatorFactoryBean] is not eligible for getting processed by all BeanPostProcessors (for example: not eligible for auto-proxying)
2017-06-12 14:31:30.998  INFO 70404 --- [main] trationDelegate$BeanPostProcessorChecker : Bean 'org.springframework.transaction.annotation.ProxyTransactionManagementConfiguration' of type [class org.springframework.transaction.annotation.ProxyTransactionManagementConfiguration$$EnhancerBySpringCGLIB$$c7521530] is not eligible for getting processed by all BeanPostProcessors (for example: not eligible for auto-proxying)
2017-06-12 14:31:31.619  INFO 70404 --- [main] s.b.c.e.t.TomcatEmbeddedServletContainer : Tomcat initialized with port(s): 8082 (http)
2017-06-12 14:31:31.632  INFO 70404 --- [main] o.apache.catalina.core.StandardService   : Starting service Tomcat
2017-06-12 14:31:31.633  INFO 70404 --- [main] org.apache.catalina.core.StandardEngine  : Starting Servlet Engine: Apache Tomcat/8.5.11
2017-06-12 14:31:31.741  INFO 70404 --- [localhost-startStop-1] o.a.c.c.C.[Tomcat].[localhost].[/]       : Initializing Spring embedded WebApplicationContext
2017-06-12 14:31:31.741  INFO 70404 --- [localhost-startStop-1] o.s.web.context.ContextLoader            : Root WebApplicationContext: initialization completed in 2505 ms
2017-06-12 14:31:31.932  INFO 70404 --- [localhost-startStop-1] o.s.b.w.servlet.ServletRegistrationBean  : Mapping servlet: 'dispatcherServlet' to [/]
2017-06-12 14:31:31.936  INFO 70404 --- [localhost-startStop-1] o.s.b.w.servlet.FilterRegistrationBean   : Mapping filter: 'characterEncodingFilter' to: [/*]
2017-06-12 14:31:31.936  INFO 70404 --- [localhost-startStop-1] o.s.b.w.servlet.FilterRegistrationBean   : Mapping filter: 'hiddenHttpMethodFilter' to: [/*]
2017-06-12 14:31:31.936  INFO 70404 --- [localhost-startStop-1] o.s.b.w.servlet.FilterRegistrationBean   : Mapping filter: 'httpPutFormContentFilter' to: [/*]
2017-06-12 14:31:31.937  INFO 70404 --- [localhost-startStop-1] o.s.b.w.servlet.FilterRegistrationBean   : Mapping filter: 'requestContextFilter' to: [/*]
2017-06-12 14:31:31.937  INFO 70404 --- [localhost-startStop-1] o.s.b.w.servlet.FilterRegistrationBean   : Mapping filter: 'corsFilter' to: [/*]
2017-06-12 14:31:33.402  INFO 70404 --- [main] s.w.s.m.m.a.RequestMappingHandlerMapping : Mapped "{[/getAccessToken],methods=[GET]}" onto public org.spring.springboot.weixin.Token org.spring.springboot.controller.AccessTokenCtrl.getToken(java.lang.String)
2017-06-12 14:31:33.403  INFO 70404 --- [main] s.w.s.m.m.a.RequestMappingHandlerMapping : Mapped "{[/getOppen_id],methods=[GET]}" onto public net.sf.json.JSON org.spring.springboot.controller.AccessTokenCtrl.getOppen_id(java.lang.String,java.lang.String)
2017-06-12 14:31:33.403  INFO 70404 --- [main] s.w.s.m.m.a.RequestMappingHandlerMapping : Mapped "{[/getJSApiTicket],methods=[GET]}" onto public net.sf.json.JSON org.spring.springboot.controller.AccessTokenCtrl.getJSApiTicket(java.lang.String)
2017-06-12 14:31:33.411  INFO 70404 --- [main] s.w.s.m.m.a.RequestMappingHandlerMapping : Mapped "{[/page/updateSZHD.do],methods=[POST]}" onto public java.util.Map<java.lang.String, java.lang.String> org.spring.springboot.controller.T_s_o2oCtrl.updateSZHD(java.lang.String,javax.servlet.http.HttpServletRequest,javax.servlet.http.HttpServletResponse) throws java.io.IOException
2017-06-12 14:31:33.411  INFO 70404 --- [main] s.w.s.m.m.a.RequestMappingHandlerMapping : Mapped "{[/serchCompany],methods=[GET]}" onto public net.sf.json.JSON org.spring.springboot.controller.T_s_o2oCtrl.serchCompany(int,java.lang.String,java.lang.String)
2017-06-12 14:31:33.411  INFO 70404 --- [main] s.w.s.m.m.a.RequestMappingHandlerMapping : Mapped "{[/serchStatus],methods=[GET]}" onto public net.sf.json.JSON org.spring.springboot.controller.T_s_o2oCtrl.serchStatus(java.lang.String)
2017-06-12 14:31:33.412  INFO 70404 --- [main] s.w.s.m.m.a.RequestMappingHandlerMapping : Mapped "{[/page/updateYHKH.do],methods=[POST]}" onto public java.util.Map<java.lang.String, java.lang.String> org.spring.springboot.controller.T_s_o2oCtrl.updateYHKH(java.lang.String,javax.servlet.http.HttpServletRequest,javax.servlet.http.HttpServletResponse) throws java.io.IOException
2017-06-12 14:31:33.412  INFO 70404 --- [main] s.w.s.m.m.a.RequestMappingHandlerMapping : Mapped "{[/page/updateZZFF.do],methods=[POST]}" onto public java.util.Map<java.lang.String, java.lang.String> org.spring.springboot.controller.T_s_o2oCtrl.updateZZFF(java.lang.String,javax.servlet.http.HttpServletRequest,javax.servlet.http.HttpServletResponse) throws java.io.IOException
2017-06-12 14:31:33.412  INFO 70404 --- [main] s.w.s.m.m.a.RequestMappingHandlerMapping : Mapped "{[/page/updateMQ.do],methods=[POST]}" onto public java.util.Map<java.lang.String, java.lang.String> org.spring.springboot.controller.T_s_o2oCtrl.updateMQ(java.lang.String,javax.servlet.http.HttpServletRequest,javax.servlet.http.HttpServletResponse) throws java.io.IOException
2017-06-12 14:31:33.413  INFO 70404 --- [main] s.w.s.m.m.a.RequestMappingHandlerMapping : Mapped "{[/page/insertYCM.do],methods=[POST]}" onto public net.sf.json.JSONObject org.spring.springboot.controller.T_s_o2oCtrl.insertYCM(java.lang.String,javax.servlet.http.HttpServletRequest,javax.servlet.http.HttpServletResponse) throws java.io.IOException
2017-06-12 14:31:33.413  INFO 70404 --- [main] s.w.s.m.m.a.RequestMappingHandlerMapping : Mapped "{[/serchCompanyList],methods=[GET]}" onto public net.sf.json.JSON org.spring.springboot.controller.T_s_o2oCtrl.serchCompanyList(java.lang.String,java.lang.String)
2017-06-12 14:31:33.414  INFO 70404 --- [main] s.w.s.m.m.a.RequestMappingHandlerMapping : Mapped "{[/ee_u_applynotifylist],methods=[GET]}" onto public net.sf.json.JSON org.spring.springboot.controller.T_s_o2oCtrl.ee_u_applynotifylist(java.lang.String)
2017-06-12 14:31:33.414  INFO 70404 --- [main] s.w.s.m.m.a.RequestMappingHandlerMapping : Mapped "{[/ee_u_applynotify],methods=[GET]}" onto public net.sf.json.JSON org.spring.springboot.controller.T_s_o2oCtrl.serchAllowNotice(java.lang.String)
2017-06-12 14:31:33.414  INFO 70404 --- [main] s.w.s.m.m.a.RequestMappingHandlerMapping : Mapped "{[/updateAllow_pic],methods=[GET]}" onto public int org.spring.springboot.controller.T_s_o2oCtrl.updateAllow_pic(java.lang.String,java.lang.String)
2017-06-12 14:31:33.415  INFO 70404 --- [main] s.w.s.m.m.a.RequestMappingHandlerMapping : Mapped "{[/updateAppointment_state],methods=[GET]}" onto public int org.spring.springboot.controller.T_s_o2oCtrl.updateAppointment_state(java.lang.String,int)
2017-06-12 14:31:33.415  INFO 70404 --- [main] s.w.s.m.m.a.RequestMappingHandlerMapping : Mapped "{[/updateAccount_state],methods=[GET]}" onto public int org.spring.springboot.controller.T_s_o2oCtrl.updateAccount_state(java.lang.String,int)
2017-06-12 14:31:33.415  INFO 70404 --- [main] s.w.s.m.m.a.RequestMappingHandlerMapping : Mapped "{[/updateStartSZHD],methods=[GET]}" onto public net.sf.json.JSON org.spring.springboot.controller.T_s_o2oCtrl.updateStartSZHD(java.lang.String,java.lang.String,java.lang.String,java.lang.String)
2017-06-12 14:31:33.416  INFO 70404 --- [main] s.w.s.m.m.a.RequestMappingHandlerMapping : Mapped "{[/updateSZHD_state],methods=[GET]}" onto public int org.spring.springboot.controller.T_s_o2oCtrl.updateSZHD_state(java.lang.String,java.lang.String,java.lang.String,java.lang.String)
2017-06-12 14:31:33.416  INFO 70404 --- [main] s.w.s.m.m.a.RequestMappingHandlerMapping : Mapped "{[/serchCompanyAdmin],methods=[GET]}" onto public net.sf.json.JSON org.spring.springboot.controller.T_s_o2oCtrl.serchCompanyAdmin(int,int,java.lang.String)
2017-06-12 14:31:33.416  INFO 70404 --- [main] s.w.s.m.m.a.RequestMappingHandlerMapping : Mapped "{[/serchYCMList],methods=[GET]}" onto public net.sf.json.JSON org.spring.springboot.controller.T_s_o2oCtrl.serchYCMList(int,int,java.lang.String)
2017-06-12 14:31:33.417  INFO 70404 --- [main] s.w.s.m.m.a.RequestMappingHandlerMapping : Mapped "{[/serchYCM],methods=[GET]}" onto public net.sf.json.JSON org.spring.springboot.controller.T_s_o2oCtrl.serchYCM(java.lang.String)
2017-06-12 14:31:33.417  INFO 70404 --- [main] s.w.s.m.m.a.RequestMappingHandlerMapping : Mapped "{[/page/YCMCheck.do],methods=[GET]}" onto public int org.spring.springboot.controller.T_s_o2oCtrl.YCMCheck(java.lang.String,java.lang.String,java.lang.String)
2017-06-12 14:31:33.417  INFO 70404 --- [main] s.w.s.m.m.a.RequestMappingHandlerMapping : Mapped "{[/serchMQList],methods=[GET]}" onto public java.util.Map<java.lang.String, java.lang.Object> org.spring.springboot.controller.T_s_o2oCtrl.serchMQList(java.lang.String)
2017-06-12 14:31:33.418  INFO 70404 --- [main] s.w.s.m.m.a.RequestMappingHandlerMapping : Mapped "{[/startMQ],methods=[GET]}" onto public net.sf.json.JSON org.spring.springboot.controller.T_s_o2oCtrl.startMQ(java.lang.String,java.lang.String,java.lang.String,int)
2017-06-12 14:31:33.418  INFO 70404 --- [main] s.w.s.m.m.a.RequestMappingHandlerMapping : Mapped "{[/confirmMQ],methods=[GET]}" onto public net.sf.json.JSON org.spring.springboot.controller.T_s_o2oCtrl.confirmMQ(java.lang.String)
2017-06-12 14:31:33.418  INFO 70404 --- [main] s.w.s.m.m.a.RequestMappingHandlerMapping : Mapped "{[/serchZZFFList],methods=[GET]}" onto public java.util.Map<java.lang.String, java.lang.Object> org.spring.springboot.controller.T_s_o2oCtrl.serchZZFFList(java.lang.String)
2017-06-12 14:31:33.419  INFO 70404 --- [main] s.w.s.m.m.a.RequestMappingHandlerMapping : Mapped "{[/serchZZFF],methods=[GET]}" onto public net.sf.json.JSON org.spring.springboot.controller.T_s_o2oCtrl.serchZZFF(java.lang.String)
2017-06-12 14:31:33.419  INFO 70404 --- [main] s.w.s.m.m.a.RequestMappingHandlerMapping : Mapped "{[/updateLicense],methods=[GET]}" onto public int org.spring.springboot.controller.T_s_o2oCtrl.updateLicense(java.lang.String,java.lang.String,java.lang.String,java.lang.String,int)
2017-06-12 14:31:33.419  INFO 70404 --- [main] s.w.s.m.m.a.RequestMappingHandlerMapping : Mapped "{[/serchYHKHList],methods=[GET]}" onto public java.util.Map<java.lang.String, java.lang.Object> org.spring.springboot.controller.T_s_o2oCtrl.serchYHKHList(java.lang.String)
2017-06-12 14:31:33.420  INFO 70404 --- [main] s.w.s.m.m.a.RequestMappingHandlerMapping : Mapped "{[/serchYHKH],methods=[GET]}" onto public net.sf.json.JSON org.spring.springboot.controller.T_s_o2oCtrl.serchYHKH(java.lang.String)
2017-06-12 14:31:33.420  INFO 70404 --- [main] s.w.s.m.m.a.RequestMappingHandlerMapping : Mapped "{[/ee_u_progress],methods=[GET]}" onto public net.sf.json.JSON org.spring.springboot.controller.T_s_o2oCtrl.ee_u_progress()
2017-06-12 14:31:33.420  INFO 70404 --- [main] s.w.s.m.m.a.RequestMappingHandlerMapping : Mapped "{[/serchSZHDList],methods=[GET]}" onto public java.util.Map<java.lang.String, java.lang.Object> org.spring.springboot.controller.T_s_o2oCtrl.serchSZHDList(java.lang.String)
2017-06-12 14:31:33.421  INFO 70404 --- [main] s.w.s.m.m.a.RequestMappingHandlerMapping : Mapped "{[/confirmSZHD],methods=[GET]}" onto public net.sf.json.JSON org.spring.springboot.controller.T_s_o2oCtrl.confirmSZHD(java.lang.String)
2017-06-12 14:31:33.424  INFO 70404 --- [main] s.w.s.m.m.a.RequestMappingHandlerMapping : Mapped "{[/UserUpdate],methods=[GET]}" onto public int org.spring.springboot.controller.UserCtrl.UserUpdate(java.lang.String,java.lang.String)
2017-06-12 14:31:33.424  INFO 70404 --- [main] s.w.s.m.m.a.RequestMappingHandlerMapping : Mapped "{[/checkMessage],methods=[GET]}" onto public java.lang.String org.spring.springboot.controller.UserCtrl.checkMessage(java.lang.String) throws java.io.IOException
2017-06-12 14:31:33.425  INFO 70404 --- [main] s.w.s.m.m.a.RequestMappingHandlerMapping : Mapped "{[/verfymobile],methods=[GET]}" onto public int org.spring.springboot.controller.UserCtrl.verfymobile(java.lang.String)
2017-06-12 14:31:33.425  INFO 70404 --- [main] s.w.s.m.m.a.RequestMappingHandlerMapping : Mapped "{[/v2/api-docs],methods=[GET]}" onto public org.springframework.http.ResponseEntity<springfox.documentation.spring.web.json.Json> springfox.documentation.swagger2.web.Swagger2Controller.getDocumentation(java.lang.String)
2017-06-12 14:31:33.430  INFO 70404 --- [main] s.w.s.m.m.a.RequestMappingHandlerMapping : Mapped "{[/configuration/security]}" onto org.springframework.http.ResponseEntity<springfox.documentation.swagger.web.SecurityConfiguration> springfox.documentation.swagger.web.ApiResourceController.securityConfiguration()
2017-06-12 14:31:33.430  INFO 70404 --- [main] s.w.s.m.m.a.RequestMappingHandlerMapping : Mapped "{[/configuration/ui]}" onto org.springframework.http.ResponseEntity<springfox.documentation.swagger.web.UiConfiguration> springfox.documentation.swagger.web.ApiResourceController.uiConfiguration()
2017-06-12 14:31:33.431  INFO 70404 --- [main] s.w.s.m.m.a.RequestMappingHandlerMapping : Mapped "{[/swagger-resources]}" onto org.springframework.http.ResponseEntity<java.util.List<springfox.documentation.swagger.web.SwaggerResource>> springfox.documentation.swagger.web.ApiResourceController.swaggerResources()
2017-06-12 14:31:33.435  INFO 70404 --- [main] s.w.s.m.m.a.RequestMappingHandlerMapping : Mapped "{[/error]}" onto public org.springframework.http.ResponseEntity<java.util.Map<java.lang.String, java.lang.Object>> org.springframework.boot.autoconfigure.web.BasicErrorController.error(javax.servlet.http.HttpServletRequest)
2017-06-12 14:31:33.436  INFO 70404 --- [main] s.w.s.m.m.a.RequestMappingHandlerMapping : Mapped "{[/error],produces=[text/html]}" onto public org.springframework.web.servlet.ModelAndView org.springframework.boot.autoconfigure.web.BasicErrorController.errorHtml(javax.servlet.http.HttpServletRequest,javax.servlet.http.HttpServletResponse)
2017-06-12 14:31:33.763  INFO 70404 --- [main] s.w.s.m.m.a.RequestMappingHandlerAdapter : Looking for @ControllerAdvice: org.springframework.boot.context.embedded.AnnotationConfigEmbeddedWebApplicationContext@60ef7ec1: startup date [Mon Jun 12 14:31:29 GMT+08:00 2017]; root of context hierarchy
2017-06-12 14:31:33.860  INFO 70404 --- [main] o.s.w.s.handler.SimpleUrlHandlerMapping  : Mapped URL path [/webjars/**] onto handler of type [class org.springframework.web.servlet.resource.ResourceHttpRequestHandler]
2017-06-12 14:31:33.860  INFO 70404 --- [main] o.s.w.s.handler.SimpleUrlHandlerMapping  : Mapped URL path [/**] onto handler of type [class org.springframework.web.servlet.resource.ResourceHttpRequestHandler]
2017-06-12 14:31:33.918  INFO 70404 --- [main] o.s.w.s.handler.SimpleUrlHandlerMapping  : Mapped URL path [/**/favicon.ico] onto handler of type [class org.springframework.web.servlet.resource.ResourceHttpRequestHandler]
2017-06-12 14:31:34.540  INFO 70404 --- [main] o.s.j.e.a.AnnotationMBeanExporter        : Registering beans for JMX exposure on startup
2017-06-12 14:31:34.600  INFO 70404 --- [main] d.s.w.p.DocumentationPluginsBootstrapper : Context refreshed
2017-06-12 14:31:34.624  INFO 70404 --- [main] d.s.w.p.DocumentationPluginsBootstrapper : Found {0} custom documentation plugin(s)
2017-06-12 14:31:34.634  INFO 70404 --- [main] s.d.s.w.s.ApiListingReferenceScanner     : Scanning for api listing references
2017-06-12 14:31:34.639  INFO 70404 --- [main] s.w.ClassOrApiAnnotationResourceGrouping : Group for method UserUpdate was user-ctrl
2017-06-12 14:31:34.641  INFO 70404 --- [main] s.d.s.w.s.ApiListingReferenceScanner     : Request mapping: UserUpdate belongs to groups: [[ResourceGroup{groupName='user-ctrl', position=0, controller=org.spring.springboot.controller.UserCtrl}]] 
2017-06-12 14:31:34.643  INFO 70404 --- [main] s.w.ClassOrApiAnnotationResourceGrouping : Group for method checkMessage was user-ctrl
2017-06-12 14:31:34.643  INFO 70404 --- [main] s.d.s.w.s.ApiListingReferenceScanner     : Request mapping: checkMessage belongs to groups: [[ResourceGroup{groupName='user-ctrl', position=0, controller=org.spring.springboot.controller.UserCtrl}]] 
2017-06-12 14:31:34.644  INFO 70404 --- [main] s.w.ClassOrApiAnnotationResourceGrouping : Group for method confirmMQ was t-_s-_o-2o-ctrl
2017-06-12 14:31:34.644  INFO 70404 --- [main] s.d.s.w.s.ApiListingReferenceScanner     : Request mapping: confirmMQ belongs to groups: [[ResourceGroup{groupName='t-_s-_o-2o-ctrl', position=0, controller=org.spring.springboot.controller.T_s_o2oCtrl}]] 
2017-06-12 14:31:34.644  INFO 70404 --- [main] s.w.ClassOrApiAnnotationResourceGrouping : Group for method confirmSZHD was t-_s-_o-2o-ctrl
2017-06-12 14:31:34.645  INFO 70404 --- [main] s.d.s.w.s.ApiListingReferenceScanner     : Request mapping: confirmSZHD belongs to groups: [[ResourceGroup{groupName='t-_s-_o-2o-ctrl', position=0, controller=org.spring.springboot.controller.T_s_o2oCtrl}]] 
2017-06-12 14:31:34.646  INFO 70404 --- [main] s.w.ClassOrApiAnnotationResourceGrouping : Group for method serchAllowNotice was t-_s-_o-2o-ctrl
2017-06-12 14:31:34.646  INFO 70404 --- [main] s.d.s.w.s.ApiListingReferenceScanner     : Request mapping: serchAllowNotice belongs to groups: [[ResourceGroup{groupName='t-_s-_o-2o-ctrl', position=0, controller=org.spring.springboot.controller.T_s_o2oCtrl}]] 
2017-06-12 14:31:34.647  INFO 70404 --- [main] s.w.ClassOrApiAnnotationResourceGrouping : Group for method ee_u_applynotifylist was t-_s-_o-2o-ctrl
2017-06-12 14:31:34.647  INFO 70404 --- [main] s.d.s.w.s.ApiListingReferenceScanner     : Request mapping: ee_u_applynotifylist belongs to groups: [[ResourceGroup{groupName='t-_s-_o-2o-ctrl', position=0, controller=org.spring.springboot.controller.T_s_o2oCtrl}]] 
2017-06-12 14:31:34.648  INFO 70404 --- [main] s.w.ClassOrApiAnnotationResourceGrouping : Group for method ee_u_progress was t-_s-_o-2o-ctrl
2017-06-12 14:31:34.648  INFO 70404 --- [main] s.d.s.w.s.ApiListingReferenceScanner     : Request mapping: ee_u_progress belongs to groups: [[ResourceGroup{groupName='t-_s-_o-2o-ctrl', position=0, controller=org.spring.springboot.controller.T_s_o2oCtrl}]] 
2017-06-12 14:31:34.649  INFO 70404 --- [main] s.w.ClassOrApiAnnotationResourceGrouping : Group for method getToken was access-token-ctrl
2017-06-12 14:31:34.649  INFO 70404 --- [main] s.d.s.w.s.ApiListingReferenceScanner     : Request mapping: getToken belongs to groups: [[ResourceGroup{groupName='access-token-ctrl', position=0, controller=org.spring.springboot.controller.AccessTokenCtrl}]] 
2017-06-12 14:31:34.650  INFO 70404 --- [main] s.w.ClassOrApiAnnotationResourceGrouping : Group for method getJSApiTicket was access-token-ctrl
2017-06-12 14:31:34.650  INFO 70404 --- [main] s.d.s.w.s.ApiListingReferenceScanner     : Request mapping: getJSApiTicket belongs to groups: [[ResourceGroup{groupName='access-token-ctrl', position=0, controller=org.spring.springboot.controller.AccessTokenCtrl}]] 
2017-06-12 14:31:34.651  INFO 70404 --- [main] s.w.ClassOrApiAnnotationResourceGrouping : Group for method getOppen_id was access-token-ctrl
2017-06-12 14:31:34.651  INFO 70404 --- [main] s.d.s.w.s.ApiListingReferenceScanner     : Request mapping: getOppen_id belongs to groups: [[ResourceGroup{groupName='access-token-ctrl', position=0, controller=org.spring.springboot.controller.AccessTokenCtrl}]] 
2017-06-12 14:31:34.652  INFO 70404 --- [main] s.w.ClassOrApiAnnotationResourceGrouping : Group for method YCMCheck was t-_s-_o-2o-ctrl
2017-06-12 14:31:34.652  INFO 70404 --- [main] s.d.s.w.s.ApiListingReferenceScanner     : Request mapping: YCMCheck belongs to groups: [[ResourceGroup{groupName='t-_s-_o-2o-ctrl', position=0, controller=org.spring.springboot.controller.T_s_o2oCtrl}]] 
2017-06-12 14:31:34.652  INFO 70404 --- [main] s.w.ClassOrApiAnnotationResourceGrouping : Group for method insertYCM was t-_s-_o-2o-ctrl
2017-06-12 14:31:34.653  INFO 70404 --- [main] s.d.s.w.s.ApiListingReferenceScanner     : Request mapping: insertYCM belongs to groups: [[ResourceGroup{groupName='t-_s-_o-2o-ctrl', position=0, controller=org.spring.springboot.controller.T_s_o2oCtrl}]] 
2017-06-12 14:31:34.653  INFO 70404 --- [main] s.w.ClassOrApiAnnotationResourceGrouping : Group for method updateMQ was t-_s-_o-2o-ctrl
2017-06-12 14:31:34.653  INFO 70404 --- [main] s.d.s.w.s.ApiListingReferenceScanner     : Request mapping: updateMQ belongs to groups: [[ResourceGroup{groupName='t-_s-_o-2o-ctrl', position=0, controller=org.spring.springboot.controller.T_s_o2oCtrl}]] 
2017-06-12 14:31:34.654  INFO 70404 --- [main] s.w.ClassOrApiAnnotationResourceGrouping : Group for method updateSZHD was t-_s-_o-2o-ctrl
2017-06-12 14:31:34.654  INFO 70404 --- [main] s.d.s.w.s.ApiListingReferenceScanner     : Request mapping: updateSZHD belongs to groups: [[ResourceGroup{groupName='t-_s-_o-2o-ctrl', position=0, controller=org.spring.springboot.controller.T_s_o2oCtrl}]] 
2017-06-12 14:31:34.654  INFO 70404 --- [main] s.w.ClassOrApiAnnotationResourceGrouping : Group for method updateYHKH was t-_s-_o-2o-ctrl
2017-06-12 14:31:34.655  INFO 70404 --- [main] s.d.s.w.s.ApiListingReferenceScanner     : Request mapping: updateYHKH belongs to groups: [[ResourceGroup{groupName='t-_s-_o-2o-ctrl', position=0, controller=org.spring.springboot.controller.T_s_o2oCtrl}]] 
2017-06-12 14:31:34.655  INFO 70404 --- [main] s.w.ClassOrApiAnnotationResourceGrouping : Group for method updateZZFF was t-_s-_o-2o-ctrl
2017-06-12 14:31:34.655  INFO 70404 --- [main] s.d.s.w.s.ApiListingReferenceScanner     : Request mapping: updateZZFF belongs to groups: [[ResourceGroup{groupName='t-_s-_o-2o-ctrl', position=0, controller=org.spring.springboot.controller.T_s_o2oCtrl}]] 
2017-06-12 14:31:34.656  INFO 70404 --- [main] s.w.ClassOrApiAnnotationResourceGrouping : Group for method serchCompanyAdmin was t-_s-_o-2o-ctrl
2017-06-12 14:31:34.656  INFO 70404 --- [main] s.d.s.w.s.ApiListingReferenceScanner     : Request mapping: serchCompanyAdmin belongs to groups: [[ResourceGroup{groupName='t-_s-_o-2o-ctrl', position=0, controller=org.spring.springboot.controller.T_s_o2oCtrl}]] 
2017-06-12 14:31:34.657  INFO 70404 --- [main] s.w.ClassOrApiAnnotationResourceGrouping : Group for method serchCompanyList was t-_s-_o-2o-ctrl
2017-06-12 14:31:34.657  INFO 70404 --- [main] s.d.s.w.s.ApiListingReferenceScanner     : Request mapping: serchCompanyList belongs to groups: [[ResourceGroup{groupName='t-_s-_o-2o-ctrl', position=0, controller=org.spring.springboot.controller.T_s_o2oCtrl}]] 
2017-06-12 14:31:34.657  INFO 70404 --- [main] s.w.ClassOrApiAnnotationResourceGrouping : Group for method serchCompany was t-_s-_o-2o-ctrl
2017-06-12 14:31:34.657  INFO 70404 --- [main] s.d.s.w.s.ApiListingReferenceScanner     : Request mapping: serchCompany belongs to groups: [[ResourceGroup{groupName='t-_s-_o-2o-ctrl', position=0, controller=org.spring.springboot.controller.T_s_o2oCtrl}]] 
2017-06-12 14:31:34.658  INFO 70404 --- [main] s.w.ClassOrApiAnnotationResourceGrouping : Group for method serchMQList was t-_s-_o-2o-ctrl
2017-06-12 14:31:34.658  INFO 70404 --- [main] s.d.s.w.s.ApiListingReferenceScanner     : Request mapping: serchMQList belongs to groups: [[ResourceGroup{groupName='t-_s-_o-2o-ctrl', position=0, controller=org.spring.springboot.controller.T_s_o2oCtrl}]] 
2017-06-12 14:31:34.659  INFO 70404 --- [main] s.w.ClassOrApiAnnotationResourceGrouping : Group for method serchSZHDList was t-_s-_o-2o-ctrl
2017-06-12 14:31:34.659  INFO 70404 --- [main] s.d.s.w.s.ApiListingReferenceScanner     : Request mapping: serchSZHDList belongs to groups: [[ResourceGroup{groupName='t-_s-_o-2o-ctrl', position=0, controller=org.spring.springboot.controller.T_s_o2oCtrl}]] 
2017-06-12 14:31:34.659  INFO 70404 --- [main] s.w.ClassOrApiAnnotationResourceGrouping : Group for method serchStatus was t-_s-_o-2o-ctrl
2017-06-12 14:31:34.659  INFO 70404 --- [main] s.d.s.w.s.ApiListingReferenceScanner     : Request mapping: serchStatus belongs to groups: [[ResourceGroup{groupName='t-_s-_o-2o-ctrl', position=0, controller=org.spring.springboot.controller.T_s_o2oCtrl}]] 
2017-06-12 14:31:34.660  INFO 70404 --- [main] s.w.ClassOrApiAnnotationResourceGrouping : Group for method serchYCMList was t-_s-_o-2o-ctrl
2017-06-12 14:31:34.660  INFO 70404 --- [main] s.d.s.w.s.ApiListingReferenceScanner     : Request mapping: serchYCMList belongs to groups: [[ResourceGroup{groupName='t-_s-_o-2o-ctrl', position=0, controller=org.spring.springboot.controller.T_s_o2oCtrl}]] 
2017-06-12 14:31:34.661  INFO 70404 --- [main] s.w.ClassOrApiAnnotationResourceGrouping : Group for method serchYCM was t-_s-_o-2o-ctrl
2017-06-12 14:31:34.661  INFO 70404 --- [main] s.d.s.w.s.ApiListingReferenceScanner     : Request mapping: serchYCM belongs to groups: [[ResourceGroup{groupName='t-_s-_o-2o-ctrl', position=0, controller=org.spring.springboot.controller.T_s_o2oCtrl}]] 
2017-06-12 14:31:34.661  INFO 70404 --- [main] s.w.ClassOrApiAnnotationResourceGrouping : Group for method serchYHKHList was t-_s-_o-2o-ctrl
2017-06-12 14:31:34.662  INFO 70404 --- [main] s.d.s.w.s.ApiListingReferenceScanner     : Request mapping: serchYHKHList belongs to groups: [[ResourceGroup{groupName='t-_s-_o-2o-ctrl', position=0, controller=org.spring.springboot.controller.T_s_o2oCtrl}]] 
2017-06-12 14:31:34.662  INFO 70404 --- [main] s.w.ClassOrApiAnnotationResourceGrouping : Group for method serchYHKH was t-_s-_o-2o-ctrl
2017-06-12 14:31:34.662  INFO 70404 --- [main] s.d.s.w.s.ApiListingReferenceScanner     : Request mapping: serchYHKH belongs to groups: [[ResourceGroup{groupName='t-_s-_o-2o-ctrl', position=0, controller=org.spring.springboot.controller.T_s_o2oCtrl}]] 
2017-06-12 14:31:34.663  INFO 70404 --- [main] s.w.ClassOrApiAnnotationResourceGrouping : Group for method serchZZFFList was t-_s-_o-2o-ctrl
2017-06-12 14:31:34.663  INFO 70404 --- [main] s.d.s.w.s.ApiListingReferenceScanner     : Request mapping: serchZZFFList belongs to groups: [[ResourceGroup{groupName='t-_s-_o-2o-ctrl', position=0, controller=org.spring.springboot.controller.T_s_o2oCtrl}]] 
2017-06-12 14:31:34.663  INFO 70404 --- [main] s.w.ClassOrApiAnnotationResourceGrouping : Group for method serchZZFF was t-_s-_o-2o-ctrl
2017-06-12 14:31:34.664  INFO 70404 --- [main] s.d.s.w.s.ApiListingReferenceScanner     : Request mapping: serchZZFF belongs to groups: [[ResourceGroup{groupName='t-_s-_o-2o-ctrl', position=0, controller=org.spring.springboot.controller.T_s_o2oCtrl}]] 
2017-06-12 14:31:34.664  INFO 70404 --- [main] s.w.ClassOrApiAnnotationResourceGrouping : Group for method startMQ was t-_s-_o-2o-ctrl
2017-06-12 14:31:34.664  INFO 70404 --- [main] s.d.s.w.s.ApiListingReferenceScanner     : Request mapping: startMQ belongs to groups: [[ResourceGroup{groupName='t-_s-_o-2o-ctrl', position=0, controller=org.spring.springboot.controller.T_s_o2oCtrl}]] 
2017-06-12 14:31:34.665  INFO 70404 --- [main] s.w.ClassOrApiAnnotationResourceGrouping : Group for method updateAccount_state was t-_s-_o-2o-ctrl
2017-06-12 14:31:34.665  INFO 70404 --- [main] s.d.s.w.s.ApiListingReferenceScanner     : Request mapping: updateAccount_state belongs to groups: [[ResourceGroup{groupName='t-_s-_o-2o-ctrl', position=0, controller=org.spring.springboot.controller.T_s_o2oCtrl}]] 
2017-06-12 14:31:34.666  INFO 70404 --- [main] s.w.ClassOrApiAnnotationResourceGrouping : Group for method updateAllow_pic was t-_s-_o-2o-ctrl
2017-06-12 14:31:34.666  INFO 70404 --- [main] s.d.s.w.s.ApiListingReferenceScanner     : Request mapping: updateAllow_pic belongs to groups: [[ResourceGroup{groupName='t-_s-_o-2o-ctrl', position=0, controller=org.spring.springboot.controller.T_s_o2oCtrl}]] 
2017-06-12 14:31:34.666  INFO 70404 --- [main] s.w.ClassOrApiAnnotationResourceGrouping : Group for method updateAppointment_state was t-_s-_o-2o-ctrl
2017-06-12 14:31:34.666  INFO 70404 --- [main] s.d.s.w.s.ApiListingReferenceScanner     : Request mapping: updateAppointment_state belongs to groups: [[ResourceGroup{groupName='t-_s-_o-2o-ctrl', position=0, controller=org.spring.springboot.controller.T_s_o2oCtrl}]] 
2017-06-12 14:31:34.667  INFO 70404 --- [main] s.w.ClassOrApiAnnotationResourceGrouping : Group for method updateLicense was t-_s-_o-2o-ctrl
2017-06-12 14:31:34.667  INFO 70404 --- [main] s.d.s.w.s.ApiListingReferenceScanner     : Request mapping: updateLicense belongs to groups: [[ResourceGroup{groupName='t-_s-_o-2o-ctrl', position=0, controller=org.spring.springboot.controller.T_s_o2oCtrl}]] 
2017-06-12 14:31:34.668  INFO 70404 --- [main] s.w.ClassOrApiAnnotationResourceGrouping : Group for method updateSZHD_state was t-_s-_o-2o-ctrl
2017-06-12 14:31:34.668  INFO 70404 --- [main] s.d.s.w.s.ApiListingReferenceScanner     : Request mapping: updateSZHD_state belongs to groups: [[ResourceGroup{groupName='t-_s-_o-2o-ctrl', position=0, controller=org.spring.springboot.controller.T_s_o2oCtrl}]] 
2017-06-12 14:31:34.668  INFO 70404 --- [main] s.w.ClassOrApiAnnotationResourceGrouping : Group for method updateStartSZHD was t-_s-_o-2o-ctrl
2017-06-12 14:31:34.669  INFO 70404 --- [main] s.d.s.w.s.ApiListingReferenceScanner     : Request mapping: updateStartSZHD belongs to groups: [[ResourceGroup{groupName='t-_s-_o-2o-ctrl', position=0, controller=org.spring.springboot.controller.T_s_o2oCtrl}]] 
2017-06-12 14:31:34.670  INFO 70404 --- [main] s.w.ClassOrApiAnnotationResourceGrouping : Group for method verfymobile was user-ctrl
2017-06-12 14:31:34.670  INFO 70404 --- [main] s.d.s.w.s.ApiListingReferenceScanner     : Request mapping: verfymobile belongs to groups: [[ResourceGroup{groupName='user-ctrl', position=0, controller=org.spring.springboot.controller.UserCtrl}]] 
2017-06-12 14:31:34.674  INFO 70404 --- [main] s.d.s.w.s.ApiListingReferenceScanner     : Created resource listing Path: /default/t-_s-_o-2o-ctrl Description: t-_s-_o-2o-ctrl Position: 0
2017-06-12 14:31:34.675  INFO 70404 --- [main] s.d.s.w.s.ApiListingReferenceScanner     : Created resource listing Path: /default/user-ctrl Description: user-ctrl Position: 0
2017-06-12 14:31:34.675  INFO 70404 --- [main] s.d.s.w.s.ApiListingReferenceScanner     : Created resource listing Path: /default/access-token-ctrl Description: access-token-ctrl Position: 0
2017-06-12 14:31:34.698  INFO 70404 --- [main] s.d.schema.ModelContextKeyGenerator      : Cache Key Generated: net.sf.json.JSON(true)
2017-06-12 14:31:34.698  INFO 70404 --- [main] s.d.spring.web.caching.CachingAspect     : Caching aspect applied for cache models with key net.sf.json.JSON(true)
2017-06-12 14:31:34.710  INFO 70404 --- [main] s.d.s.p.ModelPropertiesKeyGenerator      : Cache key generated: net.sf.json.JSON(true)
2017-06-12 14:31:34.710  INFO 70404 --- [main] s.d.spring.web.caching.CachingAspect     : Caching aspect applied for cache modelProperties with key net.sf.json.JSON(true)
2017-06-12 14:31:34.734  INFO 70404 --- [main] s.d.schema.ModelContextKeyGenerator      : Cache Key Generated: net.sf.json.JSON(true)
2017-06-12 14:31:34.735  INFO 70404 --- [main] s.d.spring.web.caching.CachingAspect     : Caching aspect applied for cache modelDependencies with key net.sf.json.JSON(true)
2017-06-12 14:31:34.743  INFO 70404 --- [main] s.d.s.p.ModelPropertiesKeyGenerator      : Cache key generated: net.sf.json.JSON(true)
2017-06-12 14:31:34.743  INFO 70404 --- [main] s.d.spring.web.caching.CachingAspect     : Caching aspect applied for cache modelProperties with key net.sf.json.JSON(true)
2017-06-12 14:31:34.746  INFO 70404 --- [main] s.d.spring.web.OperationsKeyGenerator    : Cache key generated: /getJSApiTicket.org.spring.springboot.controller.AccessTokenCtrl.getJSApiTicket.DefaultGenericTypeNamingStrategy
2017-06-12 14:31:34.747  INFO 70404 --- [main] s.d.spring.web.caching.CachingAspect     : Caching aspect applied for cache operations with key /getJSApiTicket.org.spring.springboot.controller.AccessTokenCtrl.getJSApiTicket.DefaultGenericTypeNamingStrategy
2017-06-12 14:31:34.775  INFO 70404 --- [main] s.w.ClassOrApiAnnotationResourceGrouping : Group for method getJSApiTicket was access-token-ctrl
2017-06-12 14:31:34.791  INFO 70404 --- [main] s.w.ClassOrApiAnnotationResourceGrouping : Group for method getJSApiTicket was access-token-ctrl
2017-06-12 14:31:34.799  INFO 70404 --- [main] s.d.schema.ModelContextKeyGenerator      : Cache Key Generated: net.sf.json.JSON(true)
2017-06-12 14:31:34.800  INFO 70404 --- [main] s.d.spring.web.caching.CachingAspect     : Caching aspect applied for cache models with key net.sf.json.JSON(true)
2017-06-12 14:31:34.800  INFO 70404 --- [main] s.d.schema.ModelContextKeyGenerator      : Cache Key Generated: net.sf.json.JSON(true)
2017-06-12 14:31:34.800  INFO 70404 --- [main] s.d.spring.web.caching.CachingAspect     : Caching aspect applied for cache modelDependencies with key net.sf.json.JSON(true)
2017-06-12 14:31:34.800  INFO 70404 --- [main] s.d.spring.web.OperationsKeyGenerator    : Cache key generated: /getOppen_id.org.spring.springboot.controller.AccessTokenCtrl.getOppen_id.DefaultGenericTypeNamingStrategy
2017-06-12 14:31:34.801  INFO 70404 --- [main] s.d.spring.web.caching.CachingAspect     : Caching aspect applied for cache operations with key /getOppen_id.org.spring.springboot.controller.AccessTokenCtrl.getOppen_id.DefaultGenericTypeNamingStrategy
2017-06-12 14:31:34.805  INFO 70404 --- [main] s.w.ClassOrApiAnnotationResourceGrouping : Group for method getOppen_id was access-token-ctrl
2017-06-12 14:31:34.807  INFO 70404 --- [main] s.w.ClassOrApiAnnotationResourceGrouping : Group for method getOppen_id was access-token-ctrl
2017-06-12 14:31:34.809  INFO 70404 --- [main] s.d.schema.ModelContextKeyGenerator      : Cache Key Generated: org.spring.springboot.weixin.Token(true)
2017-06-12 14:31:34.809  INFO 70404 --- [main] s.d.spring.web.caching.CachingAspect     : Caching aspect applied for cache models with key org.spring.springboot.weixin.Token(true)
2017-06-12 14:31:34.810  INFO 70404 --- [main] s.d.s.p.ModelPropertiesKeyGenerator      : Cache key generated: org.spring.springboot.weixin.Token(true)
2017-06-12 14:31:34.810  INFO 70404 --- [main] s.d.spring.web.caching.CachingAspect     : Caching aspect applied for cache modelProperties with key org.spring.springboot.weixin.Token(true)
2017-06-12 14:31:34.812  INFO 70404 --- [main] s.d.schema.ModelContextKeyGenerator      : Cache Key Generated: org.spring.springboot.weixin.Token(true)
2017-06-12 14:31:34.812  INFO 70404 --- [main] s.d.spring.web.caching.CachingAspect     : Caching aspect applied for cache modelDependencies with key org.spring.springboot.weixin.Token(true)
2017-06-12 14:31:34.813  INFO 70404 --- [main] s.d.s.p.ModelPropertiesKeyGenerator      : Cache key generated: org.spring.springboot.weixin.Token(true)
2017-06-12 14:31:34.813  INFO 70404 --- [main] s.d.spring.web.caching.CachingAspect     : Caching aspect applied for cache modelProperties with key org.spring.springboot.weixin.Token(true)
2017-06-12 14:31:34.813  INFO 70404 --- [main] s.d.spring.web.OperationsKeyGenerator    : Cache key generated: /getAccessToken.org.spring.springboot.controller.AccessTokenCtrl.getToken.DefaultGenericTypeNamingStrategy
2017-06-12 14:31:34.814  INFO 70404 --- [main] s.d.spring.web.caching.CachingAspect     : Caching aspect applied for cache operations with key /getAccessToken.org.spring.springboot.controller.AccessTokenCtrl.getToken.DefaultGenericTypeNamingStrategy
2017-06-12 14:31:34.819  INFO 70404 --- [main] s.w.ClassOrApiAnnotationResourceGrouping : Group for method getToken was access-token-ctrl
2017-06-12 14:31:34.820  INFO 70404 --- [main] s.w.ClassOrApiAnnotationResourceGrouping : Group for method getToken was access-token-ctrl
2017-06-12 14:31:34.852  INFO 70404 --- [main] s.d.schema.ModelContextKeyGenerator      : Cache Key Generated: int(true)
2017-06-12 14:31:34.852  INFO 70404 --- [main] s.d.spring.web.caching.CachingAspect     : Caching aspect applied for cache models with key int(true)
2017-06-12 14:31:34.853  INFO 70404 --- [main] s.d.schema.ModelContextKeyGenerator      : Cache Key Generated: int(true)
2017-06-12 14:31:34.853  INFO 70404 --- [main] s.d.spring.web.caching.CachingAspect     : Caching aspect applied for cache modelDependencies with key int(true)
2017-06-12 14:31:34.853  INFO 70404 --- [main] s.d.spring.web.OperationsKeyGenerator    : Cache key generated: /page/YCMCheck.do.org.spring.springboot.controller.T_s_o2oCtrl.YCMCheck.DefaultGenericTypeNamingStrategy
2017-06-12 14:31:34.853  INFO 70404 --- [main] s.d.spring.web.caching.CachingAspect     : Caching aspect applied for cache operations with key /page/YCMCheck.do.org.spring.springboot.controller.T_s_o2oCtrl.YCMCheck.DefaultGenericTypeNamingStrategy
2017-06-12 14:31:34.874  INFO 70404 --- [main] s.w.ClassOrApiAnnotationResourceGrouping : Group for method YCMCheck was t-_s-_o-2o-ctrl
2017-06-12 14:31:34.882  INFO 70404 --- [main] s.w.ClassOrApiAnnotationResourceGrouping : Group for method YCMCheck was t-_s-_o-2o-ctrl
2017-06-12 14:31:34.898  INFO 70404 --- [main] s.d.schema.ModelContextKeyGenerator      : Cache Key Generated: net.sf.json.JSON(true)
2017-06-12 14:31:34.899  INFO 70404 --- [main] s.d.spring.web.caching.CachingAspect     : Caching aspect applied for cache models with key net.sf.json.JSON(true)
2017-06-12 14:31:34.899  INFO 70404 --- [main] s.d.schema.ModelContextKeyGenerator      : Cache Key Generated: net.sf.json.JSON(true)
2017-06-12 14:31:34.899  INFO 70404 --- [main] s.d.spring.web.caching.CachingAspect     : Caching aspect applied for cache modelDependencies with key net.sf.json.JSON(true)
2017-06-12 14:31:34.900  INFO 70404 --- [main] s.d.spring.web.OperationsKeyGenerator    : Cache key generated: /confirmMQ.org.spring.springboot.controller.T_s_o2oCtrl.confirmMQ.DefaultGenericTypeNamingStrategy
2017-06-12 14:31:34.900  INFO 70404 --- [main] s.d.spring.web.caching.CachingAspect     : Caching aspect applied for cache operations with key /confirmMQ.org.spring.springboot.controller.T_s_o2oCtrl.confirmMQ.DefaultGenericTypeNamingStrategy
2017-06-12 14:31:34.917  INFO 70404 --- [main] s.w.ClassOrApiAnnotationResourceGrouping : Group for method confirmMQ was t-_s-_o-2o-ctrl
2017-06-12 14:31:34.926  INFO 70404 --- [main] s.w.ClassOrApiAnnotationResourceGrouping : Group for method confirmMQ was t-_s-_o-2o-ctrl
2017-06-12 14:31:34.948  INFO 70404 --- [main] s.d.schema.ModelContextKeyGenerator      : Cache Key Generated: net.sf.json.JSON(true)
2017-06-12 14:31:34.948  INFO 70404 --- [main] s.d.spring.web.caching.CachingAspect     : Caching aspect applied for cache models with key net.sf.json.JSON(true)
2017-06-12 14:31:34.948  INFO 70404 --- [main] s.d.schema.ModelContextKeyGenerator      : Cache Key Generated: net.sf.json.JSON(true)
2017-06-12 14:31:34.949  INFO 70404 --- [main] s.d.spring.web.caching.CachingAspect     : Caching aspect applied for cache modelDependencies with key net.sf.json.JSON(true)
2017-06-12 14:31:34.949  INFO 70404 --- [main] s.d.spring.web.OperationsKeyGenerator    : Cache key generated: /confirmSZHD.org.spring.springboot.controller.T_s_o2oCtrl.confirmSZHD.DefaultGenericTypeNamingStrategy
2017-06-12 14:31:34.949  INFO 70404 --- [main] s.d.spring.web.caching.CachingAspect     : Caching aspect applied for cache operations with key /confirmSZHD.org.spring.springboot.controller.T_s_o2oCtrl.confirmSZHD.DefaultGenericTypeNamingStrategy
2017-06-12 14:31:34.964  INFO 70404 --- [main] s.w.ClassOrApiAnnotationResourceGrouping : Group for method confirmSZHD was t-_s-_o-2o-ctrl
2017-06-12 14:31:34.973  INFO 70404 --- [main] s.w.ClassOrApiAnnotationResourceGrouping : Group for method confirmSZHD was t-_s-_o-2o-ctrl
2017-06-12 14:31:34.988  INFO 70404 --- [main] s.d.schema.ModelContextKeyGenerator      : Cache Key Generated: net.sf.json.JSON(true)
2017-06-12 14:31:34.988  INFO 70404 --- [main] s.d.spring.web.caching.CachingAspect     : Caching aspect applied for cache models with key net.sf.json.JSON(true)
2017-06-12 14:31:34.988  INFO 70404 --- [main] s.d.schema.ModelContextKeyGenerator      : Cache Key Generated: net.sf.json.JSON(true)
2017-06-12 14:31:34.989  INFO 70404 --- [main] s.d.spring.web.caching.CachingAspect     : Caching aspect applied for cache modelDependencies with key net.sf.json.JSON(true)
2017-06-12 14:31:34.989  INFO 70404 --- [main] s.d.spring.web.OperationsKeyGenerator    : Cache key generated: /ee_u_applynotifylist.org.spring.springboot.controller.T_s_o2oCtrl.ee_u_applynotifylist.DefaultGenericTypeNamingStrategy
2017-06-12 14:31:34.989  INFO 70404 --- [main] s.d.spring.web.caching.CachingAspect     : Caching aspect applied for cache operations with key /ee_u_applynotifylist.org.spring.springboot.controller.T_s_o2oCtrl.ee_u_applynotifylist.DefaultGenericTypeNamingStrategy
2017-06-12 14:31:35.003  INFO 70404 --- [main] s.w.ClassOrApiAnnotationResourceGrouping : Group for method ee_u_applynotifylist was t-_s-_o-2o-ctrl
2017-06-12 14:31:35.011  INFO 70404 --- [main] s.w.ClassOrApiAnnotationResourceGrouping : Group for method ee_u_applynotifylist was t-_s-_o-2o-ctrl
2017-06-12 14:31:35.031  INFO 70404 --- [main] s.d.schema.ModelContextKeyGenerator      : Cache Key Generated: net.sf.json.JSON(true)
2017-06-12 14:31:35.031  INFO 70404 --- [main] s.d.spring.web.caching.CachingAspect     : Caching aspect applied for cache models with key net.sf.json.JSON(true)
2017-06-12 14:31:35.032  INFO 70404 --- [main] s.d.schema.ModelContextKeyGenerator      : Cache Key Generated: net.sf.json.JSON(true)
2017-06-12 14:31:35.032  INFO 70404 --- [main] s.d.spring.web.caching.CachingAspect     : Caching aspect applied for cache modelDependencies with key net.sf.json.JSON(true)
2017-06-12 14:31:35.032  INFO 70404 --- [main] s.d.spring.web.OperationsKeyGenerator    : Cache key generated: /ee_u_progress.org.spring.springboot.controller.T_s_o2oCtrl.ee_u_progress.DefaultGenericTypeNamingStrategy
2017-06-12 14:31:35.032  INFO 70404 --- [main] s.d.spring.web.caching.CachingAspect     : Caching aspect applied for cache operations with key /ee_u_progress.org.spring.springboot.controller.T_s_o2oCtrl.ee_u_progress.DefaultGenericTypeNamingStrategy
2017-06-12 14:31:35.044  INFO 70404 --- [main] s.w.ClassOrApiAnnotationResourceGrouping : Group for method ee_u_progress was t-_s-_o-2o-ctrl
2017-06-12 14:31:35.052  INFO 70404 --- [main] s.w.ClassOrApiAnnotationResourceGrouping : Group for method ee_u_progress was t-_s-_o-2o-ctrl
2017-06-12 14:31:35.067  INFO 70404 --- [main] s.d.schema.ModelContextKeyGenerator      : Cache Key Generated: net.sf.json.JSONObject(true)
2017-06-12 14:31:35.068  INFO 70404 --- [main] s.d.spring.web.caching.CachingAspect     : Caching aspect applied for cache models with key net.sf.json.JSONObject(true)
2017-06-12 14:31:35.068  INFO 70404 --- [main] s.d.schema.ModelContextKeyGenerator      : Cache Key Generated: net.sf.json.JSONObject(true)
2017-06-12 14:31:35.068  INFO 70404 --- [main] s.d.spring.web.caching.CachingAspect     : Caching aspect applied for cache modelDependencies with key net.sf.json.JSONObject(true)
2017-06-12 14:31:35.068  INFO 70404 --- [main] s.d.s.p.ModelPropertiesKeyGenerator      : Cache key generated: net.sf.json.JSONObject(true)
2017-06-12 14:31:35.069  INFO 70404 --- [main] s.d.spring.web.caching.CachingAspect     : Caching aspect applied for cache modelProperties with key net.sf.json.JSONObject(true)
2017-06-12 14:31:35.083  INFO 70404 --- [main] s.d.schema.ModelContextKeyGenerator      : Cache Key Generated: java.lang.String(false)
2017-06-12 14:31:35.083  INFO 70404 --- [main] s.d.spring.web.caching.CachingAspect     : Caching aspect applied for cache models with key java.lang.String(false)
2017-06-12 14:31:35.083  INFO 70404 --- [main] s.d.schema.ModelContextKeyGenerator      : Cache Key Generated: java.lang.String(false)
2017-06-12 14:31:35.083  INFO 70404 --- [main] s.d.spring.web.caching.CachingAspect     : Caching aspect applied for cache modelDependencies with key java.lang.String(false)
2017-06-12 14:31:35.084  INFO 70404 --- [main] s.d.spring.web.OperationsKeyGenerator    : Cache key generated: /page/insertYCM.do.org.spring.springboot.controller.T_s_o2oCtrl.insertYCM.DefaultGenericTypeNamingStrategy
2017-06-12 14:31:35.084  INFO 70404 --- [main] s.d.spring.web.caching.CachingAspect     : Caching aspect applied for cache operations with key /page/insertYCM.do.org.spring.springboot.controller.T_s_o2oCtrl.insertYCM.DefaultGenericTypeNamingStrategy
2017-06-12 14:31:35.098  INFO 70404 --- [main] s.w.ClassOrApiAnnotationResourceGrouping : Group for method insertYCM was t-_s-_o-2o-ctrl
2017-06-12 14:31:35.106  INFO 70404 --- [main] s.w.ClassOrApiAnnotationResourceGrouping : Group for method insertYCM was t-_s-_o-2o-ctrl
2017-06-12 14:31:35.122  INFO 70404 --- [main] s.d.schema.ModelContextKeyGenerator      : Cache Key Generated: net.sf.json.JSON(true)
2017-06-12 14:31:35.122  INFO 70404 --- [main] s.d.spring.web.caching.CachingAspect     : Caching aspect applied for cache models with key net.sf.json.JSON(true)
2017-06-12 14:31:35.122  INFO 70404 --- [main] s.d.schema.ModelContextKeyGenerator      : Cache Key Generated: net.sf.json.JSON(true)
2017-06-12 14:31:35.123  INFO 70404 --- [main] s.d.spring.web.caching.CachingAspect     : Caching aspect applied for cache modelDependencies with key net.sf.json.JSON(true)
2017-06-12 14:31:35.123  INFO 70404 --- [main] s.d.spring.web.OperationsKeyGenerator    : Cache key generated: /ee_u_applynotify.org.spring.springboot.controller.T_s_o2oCtrl.serchAllowNotice.DefaultGenericTypeNamingStrategy
2017-06-12 14:31:35.123  INFO 70404 --- [main] s.d.spring.web.caching.CachingAspect     : Caching aspect applied for cache operations with key /ee_u_applynotify.org.spring.springboot.controller.T_s_o2oCtrl.serchAllowNotice.DefaultGenericTypeNamingStrategy
2017-06-12 14:31:35.138  INFO 70404 --- [main] s.w.ClassOrApiAnnotationResourceGrouping : Group for method serchAllowNotice was t-_s-_o-2o-ctrl
2017-06-12 14:31:35.147  INFO 70404 --- [main] s.w.ClassOrApiAnnotationResourceGrouping : Group for method serchAllowNotice was t-_s-_o-2o-ctrl
2017-06-12 14:31:35.164  INFO 70404 --- [main] s.d.schema.ModelContextKeyGenerator      : Cache Key Generated: net.sf.json.JSON(true)
2017-06-12 14:31:35.164  INFO 70404 --- [main] s.d.spring.web.caching.CachingAspect     : Caching aspect applied for cache models with key net.sf.json.JSON(true)
2017-06-12 14:31:35.164  INFO 70404 --- [main] s.d.schema.ModelContextKeyGenerator      : Cache Key Generated: net.sf.json.JSON(true)
2017-06-12 14:31:35.164  INFO 70404 --- [main] s.d.spring.web.caching.CachingAspect     : Caching aspect applied for cache modelDependencies with key net.sf.json.JSON(true)
2017-06-12 14:31:35.165  INFO 70404 --- [main] s.d.spring.web.OperationsKeyGenerator    : Cache key generated: /serchCompany.org.spring.springboot.controller.T_s_o2oCtrl.serchCompany.DefaultGenericTypeNamingStrategy
2017-06-12 14:31:35.165  INFO 70404 --- [main] s.d.spring.web.caching.CachingAspect     : Caching aspect applied for cache operations with key /serchCompany.org.spring.springboot.controller.T_s_o2oCtrl.serchCompany.DefaultGenericTypeNamingStrategy
2017-06-12 14:31:35.188  INFO 70404 --- [main] s.w.ClassOrApiAnnotationResourceGrouping : Group for method serchCompany was t-_s-_o-2o-ctrl
2017-06-12 14:31:35.197  INFO 70404 --- [main] s.w.ClassOrApiAnnotationResourceGrouping : Group for method serchCompany was t-_s-_o-2o-ctrl
2017-06-12 14:31:35.215  INFO 70404 --- [main] s.d.schema.ModelContextKeyGenerator      : Cache Key Generated: net.sf.json.JSON(true)
2017-06-12 14:31:35.215  INFO 70404 --- [main] s.d.spring.web.caching.CachingAspect     : Caching aspect applied for cache models with key net.sf.json.JSON(true)
2017-06-12 14:31:35.215  INFO 70404 --- [main] s.d.schema.ModelContextKeyGenerator      : Cache Key Generated: net.sf.json.JSON(true)
2017-06-12 14:31:35.215  INFO 70404 --- [main] s.d.spring.web.caching.CachingAspect     : Caching aspect applied for cache modelDependencies with key net.sf.json.JSON(true)
2017-06-12 14:31:35.216  INFO 70404 --- [main] s.d.spring.web.OperationsKeyGenerator    : Cache key generated: /serchCompanyAdmin.org.spring.springboot.controller.T_s_o2oCtrl.serchCompanyAdmin.DefaultGenericTypeNamingStrategy
2017-06-12 14:31:35.216  INFO 70404 --- [main] s.d.spring.web.caching.CachingAspect     : Caching aspect applied for cache operations with key /serchCompanyAdmin.org.spring.springboot.controller.T_s_o2oCtrl.serchCompanyAdmin.DefaultGenericTypeNamingStrategy
2017-06-12 14:31:35.239  INFO 70404 --- [main] s.w.ClassOrApiAnnotationResourceGrouping : Group for method serchCompanyAdmin was t-_s-_o-2o-ctrl
2017-06-12 14:31:35.248  INFO 70404 --- [main] s.w.ClassOrApiAnnotationResourceGrouping : Group for method serchCompanyAdmin was t-_s-_o-2o-ctrl
2017-06-12 14:31:35.266  INFO 70404 --- [main] s.d.schema.ModelContextKeyGenerator      : Cache Key Generated: net.sf.json.JSON(true)
2017-06-12 14:31:35.266  INFO 70404 --- [main] s.d.spring.web.caching.CachingAspect     : Caching aspect applied for cache models with key net.sf.json.JSON(true)
2017-06-12 14:31:35.267  INFO 70404 --- [main] s.d.schema.ModelContextKeyGenerator      : Cache Key Generated: net.sf.json.JSON(true)
2017-06-12 14:31:35.267  INFO 70404 --- [main] s.d.spring.web.caching.CachingAspect     : Caching aspect applied for cache modelDependencies with key net.sf.json.JSON(true)
2017-06-12 14:31:35.267  INFO 70404 --- [main] s.d.spring.web.OperationsKeyGenerator    : Cache key generated: /serchCompanyList.org.spring.springboot.controller.T_s_o2oCtrl.serchCompanyList.DefaultGenericTypeNamingStrategy
2017-06-12 14:31:35.267  INFO 70404 --- [main] s.d.spring.web.caching.CachingAspect     : Caching aspect applied for cache operations with key /serchCompanyList.org.spring.springboot.controller.T_s_o2oCtrl.serchCompanyList.DefaultGenericTypeNamingStrategy
2017-06-12 14:31:35.292  INFO 70404 --- [main] s.w.ClassOrApiAnnotationResourceGrouping : Group for method serchCompanyList was t-_s-_o-2o-ctrl
2017-06-12 14:31:35.300  INFO 70404 --- [main] s.w.ClassOrApiAnnotationResourceGrouping : Group for method serchCompanyList was t-_s-_o-2o-ctrl
2017-06-12 14:31:35.322  INFO 70404 --- [main] s.d.schema.ModelContextKeyGenerator      : Cache Key Generated: java.lang.Object(true)
2017-06-12 14:31:35.322  INFO 70404 --- [main] s.d.spring.web.caching.CachingAspect     : Caching aspect applied for cache models with key java.lang.Object(true)
2017-06-12 14:31:35.323  INFO 70404 --- [main] s.d.schema.ModelContextKeyGenerator      : Cache Key Generated: java.lang.Object(true)
2017-06-12 14:31:35.323  INFO 70404 --- [main] s.d.spring.web.caching.CachingAspect     : Caching aspect applied for cache modelDependencies with key java.lang.Object(true)
2017-06-12 14:31:35.323  INFO 70404 --- [main] s.d.spring.web.OperationsKeyGenerator    : Cache key generated: /serchMQList.org.spring.springboot.controller.T_s_o2oCtrl.serchMQList.DefaultGenericTypeNamingStrategy
2017-06-12 14:31:35.323  INFO 70404 --- [main] s.d.spring.web.caching.CachingAspect     : Caching aspect applied for cache operations with key /serchMQList.org.spring.springboot.controller.T_s_o2oCtrl.serchMQList.DefaultGenericTypeNamingStrategy
2017-06-12 14:31:35.339  INFO 70404 --- [main] s.w.ClassOrApiAnnotationResourceGrouping : Group for method serchMQList was t-_s-_o-2o-ctrl
2017-06-12 14:31:35.347  INFO 70404 --- [main] s.w.ClassOrApiAnnotationResourceGrouping : Group for method serchMQList was t-_s-_o-2o-ctrl
2017-06-12 14:31:35.365  INFO 70404 --- [main] s.d.schema.ModelContextKeyGenerator      : Cache Key Generated: java.lang.Object(true)
2017-06-12 14:31:35.366  INFO 70404 --- [main] s.d.spring.web.caching.CachingAspect     : Caching aspect applied for cache models with key java.lang.Object(true)
2017-06-12 14:31:35.366  INFO 70404 --- [main] s.d.schema.ModelContextKeyGenerator      : Cache Key Generated: java.lang.Object(true)
2017-06-12 14:31:35.366  INFO 70404 --- [main] s.d.spring.web.caching.CachingAspect     : Caching aspect applied for cache modelDependencies with key java.lang.Object(true)
2017-06-12 14:31:35.366  INFO 70404 --- [main] s.d.spring.web.OperationsKeyGenerator    : Cache key generated: /serchSZHDList.org.spring.springboot.controller.T_s_o2oCtrl.serchSZHDList.DefaultGenericTypeNamingStrategy
2017-06-12 14:31:35.366  INFO 70404 --- [main] s.d.spring.web.caching.CachingAspect     : Caching aspect applied for cache operations with key /serchSZHDList.org.spring.springboot.controller.T_s_o2oCtrl.serchSZHDList.DefaultGenericTypeNamingStrategy
2017-06-12 14:31:35.381  INFO 70404 --- [main] s.w.ClassOrApiAnnotationResourceGrouping : Group for method serchSZHDList was t-_s-_o-2o-ctrl
2017-06-12 14:31:35.390  INFO 70404 --- [main] s.w.ClassOrApiAnnotationResourceGrouping : Group for method serchSZHDList was t-_s-_o-2o-ctrl
2017-06-12 14:31:35.405  INFO 70404 --- [main] s.d.schema.ModelContextKeyGenerator      : Cache Key Generated: net.sf.json.JSON(true)
2017-06-12 14:31:35.405  INFO 70404 --- [main] s.d.spring.web.caching.CachingAspect     : Caching aspect applied for cache models with key net.sf.json.JSON(true)
2017-06-12 14:31:35.405  INFO 70404 --- [main] s.d.schema.ModelContextKeyGenerator      : Cache Key Generated: net.sf.json.JSON(true)
2017-06-12 14:31:35.405  INFO 70404 --- [main] s.d.spring.web.caching.CachingAspect     : Caching aspect applied for cache modelDependencies with key net.sf.json.JSON(true)
2017-06-12 14:31:35.406  INFO 70404 --- [main] s.d.spring.web.OperationsKeyGenerator    : Cache key generated: /serchStatus.org.spring.springboot.controller.T_s_o2oCtrl.serchStatus.DefaultGenericTypeNamingStrategy
2017-06-12 14:31:35.406  INFO 70404 --- [main] s.d.spring.web.caching.CachingAspect     : Caching aspect applied for cache operations with key /serchStatus.org.spring.springboot.controller.T_s_o2oCtrl.serchStatus.DefaultGenericTypeNamingStrategy
2017-06-12 14:31:35.422  INFO 70404 --- [main] s.w.ClassOrApiAnnotationResourceGrouping : Group for method serchStatus was t-_s-_o-2o-ctrl
2017-06-12 14:31:35.431  INFO 70404 --- [main] s.w.ClassOrApiAnnotationResourceGrouping : Group for method serchStatus was t-_s-_o-2o-ctrl
2017-06-12 14:31:35.447  INFO 70404 --- [main] s.d.schema.ModelContextKeyGenerator      : Cache Key Generated: net.sf.json.JSON(true)
2017-06-12 14:31:35.447  INFO 70404 --- [main] s.d.spring.web.caching.CachingAspect     : Caching aspect applied for cache models with key net.sf.json.JSON(true)
2017-06-12 14:31:35.448  INFO 70404 --- [main] s.d.schema.ModelContextKeyGenerator      : Cache Key Generated: net.sf.json.JSON(true)
2017-06-12 14:31:35.448  INFO 70404 --- [main] s.d.spring.web.caching.CachingAspect     : Caching aspect applied for cache modelDependencies with key net.sf.json.JSON(true)
2017-06-12 14:31:35.448  INFO 70404 --- [main] s.d.spring.web.OperationsKeyGenerator    : Cache key generated: /serchYCM.org.spring.springboot.controller.T_s_o2oCtrl.serchYCM.DefaultGenericTypeNamingStrategy
2017-06-12 14:31:35.448  INFO 70404 --- [main] s.d.spring.web.caching.CachingAspect     : Caching aspect applied for cache operations with key /serchYCM.org.spring.springboot.controller.T_s_o2oCtrl.serchYCM.DefaultGenericTypeNamingStrategy
2017-06-12 14:31:35.463  INFO 70404 --- [main] s.w.ClassOrApiAnnotationResourceGrouping : Group for method serchYCM was t-_s-_o-2o-ctrl
2017-06-12 14:31:35.472  INFO 70404 --- [main] s.w.ClassOrApiAnnotationResourceGrouping : Group for method serchYCM was t-_s-_o-2o-ctrl
2017-06-12 14:31:35.487  INFO 70404 --- [main] s.d.schema.ModelContextKeyGenerator      : Cache Key Generated: net.sf.json.JSON(true)
2017-06-12 14:31:35.488  INFO 70404 --- [main] s.d.spring.web.caching.CachingAspect     : Caching aspect applied for cache models with key net.sf.json.JSON(true)
2017-06-12 14:31:35.488  INFO 70404 --- [main] s.d.schema.ModelContextKeyGenerator      : Cache Key Generated: net.sf.json.JSON(true)
2017-06-12 14:31:35.488  INFO 70404 --- [main] s.d.spring.web.caching.CachingAspect     : Caching aspect applied for cache modelDependencies with key net.sf.json.JSON(true)
2017-06-12 14:31:35.488  INFO 70404 --- [main] s.d.spring.web.OperationsKeyGenerator    : Cache key generated: /serchYCMList.org.spring.springboot.controller.T_s_o2oCtrl.serchYCMList.DefaultGenericTypeNamingStrategy
2017-06-12 14:31:35.489  INFO 70404 --- [main] s.d.spring.web.caching.CachingAspect     : Caching aspect applied for cache operations with key /serchYCMList.org.spring.springboot.controller.T_s_o2oCtrl.serchYCMList.DefaultGenericTypeNamingStrategy
2017-06-12 14:31:35.518  INFO 70404 --- [main] s.w.ClassOrApiAnnotationResourceGrouping : Group for method serchYCMList was t-_s-_o-2o-ctrl
2017-06-12 14:31:35.526  INFO 70404 --- [main] s.w.ClassOrApiAnnotationResourceGrouping : Group for method serchYCMList was t-_s-_o-2o-ctrl
2017-06-12 14:31:35.543  INFO 70404 --- [main] s.d.schema.ModelContextKeyGenerator      : Cache Key Generated: net.sf.json.JSON(true)
2017-06-12 14:31:35.543  INFO 70404 --- [main] s.d.spring.web.caching.CachingAspect     : Caching aspect applied for cache models with key net.sf.json.JSON(true)
2017-06-12 14:31:35.543  INFO 70404 --- [main] s.d.schema.ModelContextKeyGenerator      : Cache Key Generated: net.sf.json.JSON(true)
2017-06-12 14:31:35.543  INFO 70404 --- [main] s.d.spring.web.caching.CachingAspect     : Caching aspect applied for cache modelDependencies with key net.sf.json.JSON(true)
2017-06-12 14:31:35.544  INFO 70404 --- [main] s.d.spring.web.OperationsKeyGenerator    : Cache key generated: /serchYHKH.org.spring.springboot.controller.T_s_o2oCtrl.serchYHKH.DefaultGenericTypeNamingStrategy
2017-06-12 14:31:35.544  INFO 70404 --- [main] s.d.spring.web.caching.CachingAspect     : Caching aspect applied for cache operations with key /serchYHKH.org.spring.springboot.controller.T_s_o2oCtrl.serchYHKH.DefaultGenericTypeNamingStrategy
2017-06-12 14:31:35.565  INFO 70404 --- [main] s.w.ClassOrApiAnnotationResourceGrouping : Group for method serchYHKH was t-_s-_o-2o-ctrl
2017-06-12 14:31:35.577  INFO 70404 --- [main] s.w.ClassOrApiAnnotationResourceGrouping : Group for method serchYHKH was t-_s-_o-2o-ctrl
2017-06-12 14:31:35.598  INFO 70404 --- [main] s.d.schema.ModelContextKeyGenerator      : Cache Key Generated: java.lang.Object(true)
2017-06-12 14:31:35.599  INFO 70404 --- [main] s.d.spring.web.caching.CachingAspect     : Caching aspect applied for cache models with key java.lang.Object(true)
2017-06-12 14:31:35.599  INFO 70404 --- [main] s.d.schema.ModelContextKeyGenerator      : Cache Key Generated: java.lang.Object(true)
2017-06-12 14:31:35.599  INFO 70404 --- [main] s.d.spring.web.caching.CachingAspect     : Caching aspect applied for cache modelDependencies with key java.lang.Object(true)
2017-06-12 14:31:35.599  INFO 70404 --- [main] s.d.spring.web.OperationsKeyGenerator    : Cache key generated: /serchYHKHList.org.spring.springboot.controller.T_s_o2oCtrl.serchYHKHList.DefaultGenericTypeNamingStrategy
2017-06-12 14:31:35.599  INFO 70404 --- [main] s.d.spring.web.caching.CachingAspect     : Caching aspect applied for cache operations with key /serchYHKHList.org.spring.springboot.controller.T_s_o2oCtrl.serchYHKHList.DefaultGenericTypeNamingStrategy
2017-06-12 14:31:35.615  INFO 70404 --- [main] s.w.ClassOrApiAnnotationResourceGrouping : Group for method serchYHKHList was t-_s-_o-2o-ctrl
2017-06-12 14:31:35.623  INFO 70404 --- [main] s.w.ClassOrApiAnnotationResourceGrouping : Group for method serchYHKHList was t-_s-_o-2o-ctrl
2017-06-12 14:31:35.643  INFO 70404 --- [main] s.d.schema.ModelContextKeyGenerator      : Cache Key Generated: net.sf.json.JSON(true)
2017-06-12 14:31:35.644  INFO 70404 --- [main] s.d.spring.web.caching.CachingAspect     : Caching aspect applied for cache models with key net.sf.json.JSON(true)
2017-06-12 14:31:35.644  INFO 70404 --- [main] s.d.schema.ModelContextKeyGenerator      : Cache Key Generated: net.sf.json.JSON(true)
2017-06-12 14:31:35.644  INFO 70404 --- [main] s.d.spring.web.caching.CachingAspect     : Caching aspect applied for cache modelDependencies with key net.sf.json.JSON(true)
2017-06-12 14:31:35.644  INFO 70404 --- [main] s.d.spring.web.OperationsKeyGenerator    : Cache key generated: /serchZZFF.org.spring.springboot.controller.T_s_o2oCtrl.serchZZFF.DefaultGenericTypeNamingStrategy
2017-06-12 14:31:35.644  INFO 70404 --- [main] s.d.spring.web.caching.CachingAspect     : Caching aspect applied for cache operations with key /serchZZFF.org.spring.springboot.controller.T_s_o2oCtrl.serchZZFF.DefaultGenericTypeNamingStrategy
2017-06-12 14:31:35.661  INFO 70404 --- [main] s.w.ClassOrApiAnnotationResourceGrouping : Group for method serchZZFF was t-_s-_o-2o-ctrl
2017-06-12 14:31:35.671  INFO 70404 --- [main] s.w.ClassOrApiAnnotationResourceGrouping : Group for method serchZZFF was t-_s-_o-2o-ctrl
2017-06-12 14:31:35.684  INFO 70404 --- [main] s.d.schema.ModelContextKeyGenerator      : Cache Key Generated: java.lang.Object(true)
2017-06-12 14:31:35.684  INFO 70404 --- [main] s.d.spring.web.caching.CachingAspect     : Caching aspect applied for cache models with key java.lang.Object(true)
2017-06-12 14:31:35.685  INFO 70404 --- [main] s.d.schema.ModelContextKeyGenerator      : Cache Key Generated: java.lang.Object(true)
2017-06-12 14:31:35.685  INFO 70404 --- [main] s.d.spring.web.caching.CachingAspect     : Caching aspect applied for cache modelDependencies with key java.lang.Object(true)
2017-06-12 14:31:35.685  INFO 70404 --- [main] s.d.spring.web.OperationsKeyGenerator    : Cache key generated: /serchZZFFList.org.spring.springboot.controller.T_s_o2oCtrl.serchZZFFList.DefaultGenericTypeNamingStrategy
2017-06-12 14:31:35.685  INFO 70404 --- [main] s.d.spring.web.caching.CachingAspect     : Caching aspect applied for cache operations with key /serchZZFFList.org.spring.springboot.controller.T_s_o2oCtrl.serchZZFFList.DefaultGenericTypeNamingStrategy
2017-06-12 14:31:35.700  INFO 70404 --- [main] s.w.ClassOrApiAnnotationResourceGrouping : Group for method serchZZFFList was t-_s-_o-2o-ctrl
2017-06-12 14:31:35.708  INFO 70404 --- [main] s.w.ClassOrApiAnnotationResourceGrouping : Group for method serchZZFFList was t-_s-_o-2o-ctrl
2017-06-12 14:31:35.720  INFO 70404 --- [main] s.d.schema.ModelContextKeyGenerator      : Cache Key Generated: net.sf.json.JSON(true)
2017-06-12 14:31:35.720  INFO 70404 --- [main] s.d.spring.web.caching.CachingAspect     : Caching aspect applied for cache models with key net.sf.json.JSON(true)
2017-06-12 14:31:35.720  INFO 70404 --- [main] s.d.schema.ModelContextKeyGenerator      : Cache Key Generated: net.sf.json.JSON(true)
2017-06-12 14:31:35.720  INFO 70404 --- [main] s.d.spring.web.caching.CachingAspect     : Caching aspect applied for cache modelDependencies with key net.sf.json.JSON(true)
2017-06-12 14:31:35.721  INFO 70404 --- [main] s.d.spring.web.OperationsKeyGenerator    : Cache key generated: /startMQ.org.spring.springboot.controller.T_s_o2oCtrl.startMQ.DefaultGenericTypeNamingStrategy
2017-06-12 14:31:35.721  INFO 70404 --- [main] s.d.spring.web.caching.CachingAspect     : Caching aspect applied for cache operations with key /startMQ.org.spring.springboot.controller.T_s_o2oCtrl.startMQ.DefaultGenericTypeNamingStrategy
2017-06-12 14:31:35.741  INFO 70404 --- [main] s.w.ClassOrApiAnnotationResourceGrouping : Group for method startMQ was t-_s-_o-2o-ctrl
2017-06-12 14:31:35.748  INFO 70404 --- [main] s.w.ClassOrApiAnnotationResourceGrouping : Group for method startMQ was t-_s-_o-2o-ctrl
2017-06-12 14:31:35.759  INFO 70404 --- [main] s.d.schema.ModelContextKeyGenerator      : Cache Key Generated: int(true)
2017-06-12 14:31:35.759  INFO 70404 --- [main] s.d.spring.web.caching.CachingAspect     : Caching aspect applied for cache models with key int(true)
2017-06-12 14:31:35.759  INFO 70404 --- [main] s.d.schema.ModelContextKeyGenerator      : Cache Key Generated: int(true)
2017-06-12 14:31:35.759  INFO 70404 --- [main] s.d.spring.web.caching.CachingAspect     : Caching aspect applied for cache modelDependencies with key int(true)
2017-06-12 14:31:35.760  INFO 70404 --- [main] s.d.spring.web.OperationsKeyGenerator    : Cache key generated: /updateAccount_state.org.spring.springboot.controller.T_s_o2oCtrl.updateAccount_state.DefaultGenericTypeNamingStrategy
2017-06-12 14:31:35.760  INFO 70404 --- [main] s.d.spring.web.caching.CachingAspect     : Caching aspect applied for cache operations with key /updateAccount_state.org.spring.springboot.controller.T_s_o2oCtrl.updateAccount_state.DefaultGenericTypeNamingStrategy
2017-06-12 14:31:35.773  INFO 70404 --- [main] s.w.ClassOrApiAnnotationResourceGrouping : Group for method updateAccount_state was t-_s-_o-2o-ctrl
2017-06-12 14:31:35.780  INFO 70404 --- [main] s.w.ClassOrApiAnnotationResourceGrouping : Group for method updateAccount_state was t-_s-_o-2o-ctrl
2017-06-12 14:31:35.793  INFO 70404 --- [main] s.d.schema.ModelContextKeyGenerator      : Cache Key Generated: int(true)
2017-06-12 14:31:35.793  INFO 70404 --- [main] s.d.spring.web.caching.CachingAspect     : Caching aspect applied for cache models with key int(true)
2017-06-12 14:31:35.793  INFO 70404 --- [main] s.d.schema.ModelContextKeyGenerator      : Cache Key Generated: int(true)
2017-06-12 14:31:35.793  INFO 70404 --- [main] s.d.spring.web.caching.CachingAspect     : Caching aspect applied for cache modelDependencies with key int(true)
2017-06-12 14:31:35.794  INFO 70404 --- [main] s.d.spring.web.OperationsKeyGenerator    : Cache key generated: /updateAllow_pic.org.spring.springboot.controller.T_s_o2oCtrl.updateAllow_pic.DefaultGenericTypeNamingStrategy
2017-06-12 14:31:35.794  INFO 70404 --- [main] s.d.spring.web.caching.CachingAspect     : Caching aspect applied for cache operations with key /updateAllow_pic.org.spring.springboot.controller.T_s_o2oCtrl.updateAllow_pic.DefaultGenericTypeNamingStrategy
2017-06-12 14:31:35.808  INFO 70404 --- [main] s.w.ClassOrApiAnnotationResourceGrouping : Group for method updateAllow_pic was t-_s-_o-2o-ctrl
2017-06-12 14:31:35.814  INFO 70404 --- [main] s.w.ClassOrApiAnnotationResourceGrouping : Group for method updateAllow_pic was t-_s-_o-2o-ctrl
2017-06-12 14:31:35.827  INFO 70404 --- [main] s.d.schema.ModelContextKeyGenerator      : Cache Key Generated: int(true)
2017-06-12 14:31:35.827  INFO 70404 --- [main] s.d.spring.web.caching.CachingAspect     : Caching aspect applied for cache models with key int(true)
2017-06-12 14:31:35.827  INFO 70404 --- [main] s.d.schema.ModelContextKeyGenerator      : Cache Key Generated: int(true)
2017-06-12 14:31:35.827  INFO 70404 --- [main] s.d.spring.web.caching.CachingAspect     : Caching aspect applied for cache modelDependencies with key int(true)
2017-06-12 14:31:35.828  INFO 70404 --- [main] s.d.spring.web.OperationsKeyGenerator    : Cache key generated: /updateAppointment_state.org.spring.springboot.controller.T_s_o2oCtrl.updateAppointment_state.DefaultGenericTypeNamingStrategy
2017-06-12 14:31:35.828  INFO 70404 --- [main] s.d.spring.web.caching.CachingAspect     : Caching aspect applied for cache operations with key /updateAppointment_state.org.spring.springboot.controller.T_s_o2oCtrl.updateAppointment_state.DefaultGenericTypeNamingStrategy
2017-06-12 14:31:35.842  INFO 70404 --- [main] s.w.ClassOrApiAnnotationResourceGrouping : Group for method updateAppointment_state was t-_s-_o-2o-ctrl
2017-06-12 14:31:35.849  INFO 70404 --- [main] s.w.ClassOrApiAnnotationResourceGrouping : Group for method updateAppointment_state was t-_s-_o-2o-ctrl
2017-06-12 14:31:35.864  INFO 70404 --- [main] s.d.schema.ModelContextKeyGenerator      : Cache Key Generated: int(true)
2017-06-12 14:31:35.864  INFO 70404 --- [main] s.d.spring.web.caching.CachingAspect     : Caching aspect applied for cache models with key int(true)
2017-06-12 14:31:35.864  INFO 70404 --- [main] s.d.schema.ModelContextKeyGenerator      : Cache Key Generated: int(true)
2017-06-12 14:31:35.864  INFO 70404 --- [main] s.d.spring.web.caching.CachingAspect     : Caching aspect applied for cache modelDependencies with key int(true)
2017-06-12 14:31:35.864  INFO 70404 --- [main] s.d.spring.web.OperationsKeyGenerator    : Cache key generated: /updateLicense.org.spring.springboot.controller.T_s_o2oCtrl.updateLicense.DefaultGenericTypeNamingStrategy
2017-06-12 14:31:35.864  INFO 70404 --- [main] s.d.spring.web.caching.CachingAspect     : Caching aspect applied for cache operations with key /updateLicense.org.spring.springboot.controller.T_s_o2oCtrl.updateLicense.DefaultGenericTypeNamingStrategy
2017-06-12 14:31:35.889  INFO 70404 --- [main] s.w.ClassOrApiAnnotationResourceGrouping : Group for method updateLicense was t-_s-_o-2o-ctrl
2017-06-12 14:31:35.897  INFO 70404 --- [main] s.w.ClassOrApiAnnotationResourceGrouping : Group for method updateLicense was t-_s-_o-2o-ctrl
2017-06-12 14:31:35.910  INFO 70404 --- [main] s.d.schema.ModelContextKeyGenerator      : Cache Key Generated: java.util.Map<java.lang.String,java.lang.String>(true)
2017-06-12 14:31:35.910  INFO 70404 --- [main] s.d.spring.web.caching.CachingAspect     : Caching aspect applied for cache models with key java.util.Map<java.lang.String,java.lang.String>(true)
2017-06-12 14:31:35.910  INFO 70404 --- [main] s.d.schema.ModelContextKeyGenerator      : Cache Key Generated: java.util.Map<java.lang.String,java.lang.String>(true)
2017-06-12 14:31:35.910  INFO 70404 --- [main] s.d.spring.web.caching.CachingAspect     : Caching aspect applied for cache modelDependencies with key java.util.Map<java.lang.String,java.lang.String>(true)
2017-06-12 14:31:35.911  INFO 70404 --- [main] s.d.s.p.ModelPropertiesKeyGenerator      : Cache key generated: java.util.Map<java.lang.String,java.lang.String>(true)
2017-06-12 14:31:35.911  INFO 70404 --- [main] s.d.spring.web.caching.CachingAspect     : Caching aspect applied for cache modelProperties with key java.util.Map<java.lang.String,java.lang.String>(true)
2017-06-12 14:31:35.912  INFO 70404 --- [main] s.d.schema.ModelContextKeyGenerator      : Cache Key Generated: java.lang.String(false)
2017-06-12 14:31:35.912  INFO 70404 --- [main] s.d.spring.web.caching.CachingAspect     : Caching aspect applied for cache models with key java.lang.String(false)
2017-06-12 14:31:35.912  INFO 70404 --- [main] s.d.schema.ModelContextKeyGenerator      : Cache Key Generated: java.lang.String(false)
2017-06-12 14:31:35.913  INFO 70404 --- [main] s.d.spring.web.caching.CachingAspect     : Caching aspect applied for cache modelDependencies with key java.lang.String(false)
2017-06-12 14:31:35.913  INFO 70404 --- [main] s.d.spring.web.OperationsKeyGenerator    : Cache key generated: /page/updateMQ.do.org.spring.springboot.controller.T_s_o2oCtrl.updateMQ.DefaultGenericTypeNamingStrategy
2017-06-12 14:31:35.913  INFO 70404 --- [main] s.d.spring.web.caching.CachingAspect     : Caching aspect applied for cache operations with key /page/updateMQ.do.org.spring.springboot.controller.T_s_o2oCtrl.updateMQ.DefaultGenericTypeNamingStrategy
2017-06-12 14:31:35.926  INFO 70404 --- [main] s.w.ClassOrApiAnnotationResourceGrouping : Group for method updateMQ was t-_s-_o-2o-ctrl
2017-06-12 14:31:35.933  INFO 70404 --- [main] s.w.ClassOrApiAnnotationResourceGrouping : Group for method updateMQ was t-_s-_o-2o-ctrl
2017-06-12 14:31:35.945  INFO 70404 --- [main] s.d.schema.ModelContextKeyGenerator      : Cache Key Generated: java.util.Map<java.lang.String,java.lang.String>(true)
2017-06-12 14:31:35.945  INFO 70404 --- [main] s.d.spring.web.caching.CachingAspect     : Caching aspect applied for cache models with key java.util.Map<java.lang.String,java.lang.String>(true)
2017-06-12 14:31:35.946  INFO 70404 --- [main] s.d.schema.ModelContextKeyGenerator      : Cache Key Generated: java.util.Map<java.lang.String,java.lang.String>(true)
2017-06-12 14:31:35.946  INFO 70404 --- [main] s.d.spring.web.caching.CachingAspect     : Caching aspect applied for cache modelDependencies with key java.util.Map<java.lang.String,java.lang.String>(true)
2017-06-12 14:31:35.946  INFO 70404 --- [main] s.d.schema.ModelContextKeyGenerator      : Cache Key Generated: java.lang.String(false)
2017-06-12 14:31:35.946  INFO 70404 --- [main] s.d.spring.web.caching.CachingAspect     : Caching aspect applied for cache models with key java.lang.String(false)
2017-06-12 14:31:35.946  INFO 70404 --- [main] s.d.schema.ModelContextKeyGenerator      : Cache Key Generated: java.lang.String(false)
2017-06-12 14:31:35.946  INFO 70404 --- [main] s.d.spring.web.caching.CachingAspect     : Caching aspect applied for cache modelDependencies with key java.lang.String(false)
2017-06-12 14:31:35.947  INFO 70404 --- [main] s.d.spring.web.OperationsKeyGenerator    : Cache key generated: /page/updateSZHD.do.org.spring.springboot.controller.T_s_o2oCtrl.updateSZHD.DefaultGenericTypeNamingStrategy
2017-06-12 14:31:35.947  INFO 70404 --- [main] s.d.spring.web.caching.CachingAspect     : Caching aspect applied for cache operations with key /page/updateSZHD.do.org.spring.springboot.controller.T_s_o2oCtrl.updateSZHD.DefaultGenericTypeNamingStrategy
2017-06-12 14:31:35.958  INFO 70404 --- [main] s.w.ClassOrApiAnnotationResourceGrouping : Group for method updateSZHD was t-_s-_o-2o-ctrl
2017-06-12 14:31:35.965  INFO 70404 --- [main] s.w.ClassOrApiAnnotationResourceGrouping : Group for method updateSZHD was t-_s-_o-2o-ctrl
2017-06-12 14:31:35.976  INFO 70404 --- [main] s.d.schema.ModelContextKeyGenerator      : Cache Key Generated: int(true)
2017-06-12 14:31:35.976  INFO 70404 --- [main] s.d.spring.web.caching.CachingAspect     : Caching aspect applied for cache models with key int(true)
2017-06-12 14:31:35.977  INFO 70404 --- [main] s.d.schema.ModelContextKeyGenerator      : Cache Key Generated: int(true)
2017-06-12 14:31:35.977  INFO 70404 --- [main] s.d.spring.web.caching.CachingAspect     : Caching aspect applied for cache modelDependencies with key int(true)
2017-06-12 14:31:35.977  INFO 70404 --- [main] s.d.spring.web.OperationsKeyGenerator    : Cache key generated: /updateSZHD_state.org.spring.springboot.controller.T_s_o2oCtrl.updateSZHD_state.DefaultGenericTypeNamingStrategy
2017-06-12 14:31:35.977  INFO 70404 --- [main] s.d.spring.web.caching.CachingAspect     : Caching aspect applied for cache operations with key /updateSZHD_state.org.spring.springboot.controller.T_s_o2oCtrl.updateSZHD_state.DefaultGenericTypeNamingStrategy
2017-06-12 14:31:35.991  INFO 70404 --- [main] s.w.ClassOrApiAnnotationResourceGrouping : Group for method updateSZHD_state was t-_s-_o-2o-ctrl
2017-06-12 14:31:35.996  INFO 70404 --- [main] s.w.ClassOrApiAnnotationResourceGrouping : Group for method updateSZHD_state was t-_s-_o-2o-ctrl
2017-06-12 14:31:36.004  INFO 70404 --- [main] s.d.schema.ModelContextKeyGenerator      : Cache Key Generated: net.sf.json.JSON(true)
2017-06-12 14:31:36.004  INFO 70404 --- [main] s.d.spring.web.caching.CachingAspect     : Caching aspect applied for cache models with key net.sf.json.JSON(true)
2017-06-12 14:31:36.005  INFO 70404 --- [main] s.d.schema.ModelContextKeyGenerator      : Cache Key Generated: net.sf.json.JSON(true)
2017-06-12 14:31:36.005  INFO 70404 --- [main] s.d.spring.web.caching.CachingAspect     : Caching aspect applied for cache modelDependencies with key net.sf.json.JSON(true)
2017-06-12 14:31:36.005  INFO 70404 --- [main] s.d.spring.web.OperationsKeyGenerator    : Cache key generated: /updateStartSZHD.org.spring.springboot.controller.T_s_o2oCtrl.updateStartSZHD.DefaultGenericTypeNamingStrategy
2017-06-12 14:31:36.005  INFO 70404 --- [main] s.d.spring.web.caching.CachingAspect     : Caching aspect applied for cache operations with key /updateStartSZHD.org.spring.springboot.controller.T_s_o2oCtrl.updateStartSZHD.DefaultGenericTypeNamingStrategy
2017-06-12 14:31:36.019  INFO 70404 --- [main] s.w.ClassOrApiAnnotationResourceGrouping : Group for method updateStartSZHD was t-_s-_o-2o-ctrl
2017-06-12 14:31:36.024  INFO 70404 --- [main] s.w.ClassOrApiAnnotationResourceGrouping : Group for method updateStartSZHD was t-_s-_o-2o-ctrl
2017-06-12 14:31:36.032  INFO 70404 --- [main] s.d.schema.ModelContextKeyGenerator      : Cache Key Generated: java.util.Map<java.lang.String,java.lang.String>(true)
2017-06-12 14:31:36.033  INFO 70404 --- [main] s.d.spring.web.caching.CachingAspect     : Caching aspect applied for cache models with key java.util.Map<java.lang.String,java.lang.String>(true)
2017-06-12 14:31:36.033  INFO 70404 --- [main] s.d.schema.ModelContextKeyGenerator      : Cache Key Generated: java.util.Map<java.lang.String,java.lang.String>(true)
2017-06-12 14:31:36.033  INFO 70404 --- [main] s.d.spring.web.caching.CachingAspect     : Caching aspect applied for cache modelDependencies with key java.util.Map<java.lang.String,java.lang.String>(true)
2017-06-12 14:31:36.033  INFO 70404 --- [main] s.d.schema.ModelContextKeyGenerator      : Cache Key Generated: java.lang.String(false)
2017-06-12 14:31:36.033  INFO 70404 --- [main] s.d.spring.web.caching.CachingAspect     : Caching aspect applied for cache models with key java.lang.String(false)
2017-06-12 14:31:36.033  INFO 70404 --- [main] s.d.schema.ModelContextKeyGenerator      : Cache Key Generated: java.lang.String(false)
2017-06-12 14:31:36.034  INFO 70404 --- [main] s.d.spring.web.caching.CachingAspect     : Caching aspect applied for cache modelDependencies with key java.lang.String(false)
2017-06-12 14:31:36.034  INFO 70404 --- [main] s.d.spring.web.OperationsKeyGenerator    : Cache key generated: /page/updateYHKH.do.org.spring.springboot.controller.T_s_o2oCtrl.updateYHKH.DefaultGenericTypeNamingStrategy
2017-06-12 14:31:36.034  INFO 70404 --- [main] s.d.spring.web.caching.CachingAspect     : Caching aspect applied for cache operations with key /page/updateYHKH.do.org.spring.springboot.controller.T_s_o2oCtrl.updateYHKH.DefaultGenericTypeNamingStrategy
2017-06-12 14:31:36.041  INFO 70404 --- [main] s.w.ClassOrApiAnnotationResourceGrouping : Group for method updateYHKH was t-_s-_o-2o-ctrl
2017-06-12 14:31:36.046  INFO 70404 --- [main] s.w.ClassOrApiAnnotationResourceGrouping : Group for method updateYHKH was t-_s-_o-2o-ctrl
2017-06-12 14:31:36.059  INFO 70404 --- [main] s.d.schema.ModelContextKeyGenerator      : Cache Key Generated: java.util.Map<java.lang.String,java.lang.String>(true)
2017-06-12 14:31:36.060  INFO 70404 --- [main] s.d.spring.web.caching.CachingAspect     : Caching aspect applied for cache models with key java.util.Map<java.lang.String,java.lang.String>(true)
2017-06-12 14:31:36.060  INFO 70404 --- [main] s.d.schema.ModelContextKeyGenerator      : Cache Key Generated: java.util.Map<java.lang.String,java.lang.String>(true)
2017-06-12 14:31:36.060  INFO 70404 --- [main] s.d.spring.web.caching.CachingAspect     : Caching aspect applied for cache modelDependencies with key java.util.Map<java.lang.String,java.lang.String>(true)
2017-06-12 14:31:36.061  INFO 70404 --- [main] s.d.schema.ModelContextKeyGenerator      : Cache Key Generated: java.lang.String(false)
2017-06-12 14:31:36.061  INFO 70404 --- [main] s.d.spring.web.caching.CachingAspect     : Caching aspect applied for cache models with key java.lang.String(false)
2017-06-12 14:31:36.061  INFO 70404 --- [main] s.d.schema.ModelContextKeyGenerator      : Cache Key Generated: java.lang.String(false)
2017-06-12 14:31:36.062  INFO 70404 --- [main] s.d.spring.web.caching.CachingAspect     : Caching aspect applied for cache modelDependencies with key java.lang.String(false)
2017-06-12 14:31:36.062  INFO 70404 --- [main] s.d.spring.web.OperationsKeyGenerator    : Cache key generated: /page/updateZZFF.do.org.spring.springboot.controller.T_s_o2oCtrl.updateZZFF.DefaultGenericTypeNamingStrategy
2017-06-12 14:31:36.062  INFO 70404 --- [main] s.d.spring.web.caching.CachingAspect     : Caching aspect applied for cache operations with key /page/updateZZFF.do.org.spring.springboot.controller.T_s_o2oCtrl.updateZZFF.DefaultGenericTypeNamingStrategy
2017-06-12 14:31:36.070  INFO 70404 --- [main] s.w.ClassOrApiAnnotationResourceGrouping : Group for method updateZZFF was t-_s-_o-2o-ctrl
2017-06-12 14:31:36.074  INFO 70404 --- [main] s.w.ClassOrApiAnnotationResourceGrouping : Group for method updateZZFF was t-_s-_o-2o-ctrl
2017-06-12 14:31:36.078  INFO 70404 --- [main] s.d.schema.ModelContextKeyGenerator      : Cache Key Generated: int(true)
2017-06-12 14:31:36.079  INFO 70404 --- [main] s.d.spring.web.caching.CachingAspect     : Caching aspect applied for cache models with key int(true)
2017-06-12 14:31:36.079  INFO 70404 --- [main] s.d.schema.ModelContextKeyGenerator      : Cache Key Generated: int(true)
2017-06-12 14:31:36.079  INFO 70404 --- [main] s.d.spring.web.caching.CachingAspect     : Caching aspect applied for cache modelDependencies with key int(true)
2017-06-12 14:31:36.079  INFO 70404 --- [main] s.d.spring.web.OperationsKeyGenerator    : Cache key generated: /UserUpdate.org.spring.springboot.controller.UserCtrl.UserUpdate.DefaultGenericTypeNamingStrategy
2017-06-12 14:31:36.079  INFO 70404 --- [main] s.d.spring.web.caching.CachingAspect     : Caching aspect applied for cache operations with key /UserUpdate.org.spring.springboot.controller.UserCtrl.UserUpdate.DefaultGenericTypeNamingStrategy
2017-06-12 14:31:36.082  INFO 70404 --- [main] s.w.ClassOrApiAnnotationResourceGrouping : Group for method UserUpdate was user-ctrl
2017-06-12 14:31:36.083  INFO 70404 --- [main] s.w.ClassOrApiAnnotationResourceGrouping : Group for method UserUpdate was user-ctrl
2017-06-12 14:31:36.084  INFO 70404 --- [main] s.d.schema.ModelContextKeyGenerator      : Cache Key Generated: java.lang.String(true)
2017-06-12 14:31:36.085  INFO 70404 --- [main] s.d.spring.web.caching.CachingAspect     : Caching aspect applied for cache models with key java.lang.String(true)
2017-06-12 14:31:36.085  INFO 70404 --- [main] s.d.schema.ModelContextKeyGenerator      : Cache Key Generated: java.lang.String(true)
2017-06-12 14:31:36.085  INFO 70404 --- [main] s.d.spring.web.caching.CachingAspect     : Caching aspect applied for cache modelDependencies with key java.lang.String(true)
2017-06-12 14:31:36.085  INFO 70404 --- [main] s.d.spring.web.OperationsKeyGenerator    : Cache key generated: /checkMessage.org.spring.springboot.controller.UserCtrl.checkMessage.DefaultGenericTypeNamingStrategy
2017-06-12 14:31:36.085  INFO 70404 --- [main] s.d.spring.web.caching.CachingAspect     : Caching aspect applied for cache operations with key /checkMessage.org.spring.springboot.controller.UserCtrl.checkMessage.DefaultGenericTypeNamingStrategy
2017-06-12 14:31:36.087  INFO 70404 --- [main] s.w.ClassOrApiAnnotationResourceGrouping : Group for method checkMessage was user-ctrl
2017-06-12 14:31:36.088  INFO 70404 --- [main] s.w.ClassOrApiAnnotationResourceGrouping : Group for method checkMessage was user-ctrl
2017-06-12 14:31:36.090  INFO 70404 --- [main] s.d.schema.ModelContextKeyGenerator      : Cache Key Generated: int(true)
2017-06-12 14:31:36.090  INFO 70404 --- [main] s.d.spring.web.caching.CachingAspect     : Caching aspect applied for cache models with key int(true)
2017-06-12 14:31:36.090  INFO 70404 --- [main] s.d.schema.ModelContextKeyGenerator      : Cache Key Generated: int(true)
2017-06-12 14:31:36.090  INFO 70404 --- [main] s.d.spring.web.caching.CachingAspect     : Caching aspect applied for cache modelDependencies with key int(true)
2017-06-12 14:31:36.091  INFO 70404 --- [main] s.d.spring.web.OperationsKeyGenerator    : Cache key generated: /verfymobile.org.spring.springboot.controller.UserCtrl.verfymobile.DefaultGenericTypeNamingStrategy
2017-06-12 14:31:36.091  INFO 70404 --- [main] s.d.spring.web.caching.CachingAspect     : Caching aspect applied for cache operations with key /verfymobile.org.spring.springboot.controller.UserCtrl.verfymobile.DefaultGenericTypeNamingStrategy
2017-06-12 14:31:36.092  INFO 70404 --- [main] s.w.ClassOrApiAnnotationResourceGrouping : Group for method verfymobile was user-ctrl
2017-06-12 14:31:36.093  INFO 70404 --- [main] s.w.ClassOrApiAnnotationResourceGrouping : Group for method verfymobile was user-ctrl
2017-06-12 14:31:36.142 ERROR 70404 --- [main] o.a.coyote.http11.Http11NioProtocol      : Failed to start end point associated with ProtocolHandler [http-nio-8082]

java.net.BindException: Address already in use: bind
	at sun.nio.ch.Net.bind0(Native Method) ~[na:1.7.0_71]
	at sun.nio.ch.Net.bind(Unknown Source) ~[na:1.7.0_71]
	at sun.nio.ch.Net.bind(Unknown Source) ~[na:1.7.0_71]
	at sun.nio.ch.ServerSocketChannelImpl.bind(Unknown Source) ~[na:1.7.0_71]
	at sun.nio.ch.ServerSocketAdaptor.bind(Unknown Source) ~[na:1.7.0_71]
	at org.apache.tomcat.util.net.NioEndpoint.bind(NioEndpoint.java:210) ~[tomcat-embed-core-8.5.11.jar:8.5.11]
	at org.apache.tomcat.util.net.AbstractEndpoint.start(AbstractEndpoint.java:980) ~[tomcat-embed-core-8.5.11.jar:8.5.11]
	at org.apache.coyote.AbstractProtocol.start(AbstractProtocol.java:573) ~[tomcat-embed-core-8.5.11.jar:8.5.11]
	at org.apache.catalina.connector.Connector.startInternal(Connector.java:993) [tomcat-embed-core-8.5.11.jar:8.5.11]
	at org.apache.catalina.util.LifecycleBase.start(LifecycleBase.java:150) [tomcat-embed-core-8.5.11.jar:8.5.11]
	at org.apache.catalina.core.StandardService.addConnector(StandardService.java:225) [tomcat-embed-core-8.5.11.jar:8.5.11]
	at org.springframework.boot.context.embedded.tomcat.TomcatEmbeddedServletContainer.addPreviouslyRemovedConnectors(TomcatEmbeddedServletContainer.java:241) [spring-boot-1.5.1.RELEASE.jar:1.5.1.RELEASE]
	at org.springframework.boot.context.embedded.tomcat.TomcatEmbeddedServletContainer.start(TomcatEmbeddedServletContainer.java:184) [spring-boot-1.5.1.RELEASE.jar:1.5.1.RELEASE]
	at org.springframework.boot.context.embedded.EmbeddedWebApplicationContext.startEmbeddedServletContainer(EmbeddedWebApplicationContext.java:297) [spring-boot-1.5.1.RELEASE.jar:1.5.1.RELEASE]
	at org.springframework.boot.context.embedded.EmbeddedWebApplicationContext.finishRefresh(EmbeddedWebApplicationContext.java:145) [spring-boot-1.5.1.RELEASE.jar:1.5.1.RELEASE]
	at org.springframework.context.support.AbstractApplicationContext.refresh(AbstractApplicationContext.java:545) [spring-context-4.3.6.RELEASE.jar:4.3.6.RELEASE]
	at org.springframework.boot.context.embedded.EmbeddedWebApplicationContext.refresh(EmbeddedWebApplicationContext.java:122) [spring-boot-1.5.1.RELEASE.jar:1.5.1.RELEASE]
	at org.springframework.boot.SpringApplication.refresh(SpringApplication.java:737) [spring-boot-1.5.1.RELEASE.jar:1.5.1.RELEASE]
	at org.springframework.boot.SpringApplication.refreshContext(SpringApplication.java:370) [spring-boot-1.5.1.RELEASE.jar:1.5.1.RELEASE]
	at org.springframework.boot.SpringApplication.run(SpringApplication.java:314) [spring-boot-1.5.1.RELEASE.jar:1.5.1.RELEASE]
	at org.springframework.boot.SpringApplication.run(SpringApplication.java:1162) [spring-boot-1.5.1.RELEASE.jar:1.5.1.RELEASE]
	at org.springframework.boot.SpringApplication.run(SpringApplication.java:1151) [spring-boot-1.5.1.RELEASE.jar:1.5.1.RELEASE]
	at org.spring.springboot.Application.main(Application.java:24) [classes/:na]

2017-06-12 14:31:36.144 ERROR 70404 --- [main] o.apache.catalina.core.StandardService   : Failed to start connector [Connector[HTTP/1.1-8082]]

org.apache.catalina.LifecycleException: Failed to start component [Connector[HTTP/1.1-8082]]
	at org.apache.catalina.util.LifecycleBase.start(LifecycleBase.java:167) ~[tomcat-embed-core-8.5.11.jar:8.5.11]
	at org.apache.catalina.core.StandardService.addConnector(StandardService.java:225) ~[tomcat-embed-core-8.5.11.jar:8.5.11]
	at org.springframework.boot.context.embedded.tomcat.TomcatEmbeddedServletContainer.addPreviouslyRemovedConnectors(TomcatEmbeddedServletContainer.java:241) [spring-boot-1.5.1.RELEASE.jar:1.5.1.RELEASE]
	at org.springframework.boot.context.embedded.tomcat.TomcatEmbeddedServletContainer.start(TomcatEmbeddedServletContainer.java:184) [spring-boot-1.5.1.RELEASE.jar:1.5.1.RELEASE]
	at org.springframework.boot.context.embedded.EmbeddedWebApplicationContext.startEmbeddedServletContainer(EmbeddedWebApplicationContext.java:297) [spring-boot-1.5.1.RELEASE.jar:1.5.1.RELEASE]
	at org.springframework.boot.context.embedded.EmbeddedWebApplicationContext.finishRefresh(EmbeddedWebApplicationContext.java:145) [spring-boot-1.5.1.RELEASE.jar:1.5.1.RELEASE]
	at org.springframework.context.support.AbstractApplicationContext.refresh(AbstractApplicationContext.java:545) [spring-context-4.3.6.RELEASE.jar:4.3.6.RELEASE]
	at org.springframework.boot.context.embedded.EmbeddedWebApplicationContext.refresh(EmbeddedWebApplicationContext.java:122) [spring-boot-1.5.1.RELEASE.jar:1.5.1.RELEASE]
	at org.springframework.boot.SpringApplication.refresh(SpringApplication.java:737) [spring-boot-1.5.1.RELEASE.jar:1.5.1.RELEASE]
	at org.springframework.boot.SpringApplication.refreshContext(SpringApplication.java:370) [spring-boot-1.5.1.RELEASE.jar:1.5.1.RELEASE]
	at org.springframework.boot.SpringApplication.run(SpringApplication.java:314) [spring-boot-1.5.1.RELEASE.jar:1.5.1.RELEASE]
	at org.springframework.boot.SpringApplication.run(SpringApplication.java:1162) [spring-boot-1.5.1.RELEASE.jar:1.5.1.RELEASE]
	at org.springframework.boot.SpringApplication.run(SpringApplication.java:1151) [spring-boot-1.5.1.RELEASE.jar:1.5.1.RELEASE]
	at org.spring.springboot.Application.main(Application.java:24) [classes/:na]
Caused by: org.apache.catalina.LifecycleException: service.getName(): "Tomcat";  Protocol handler start failed
	at org.apache.catalina.connector.Connector.startInternal(Connector.java:1000) ~[tomcat-embed-core-8.5.11.jar:8.5.11]
	at org.apache.catalina.util.LifecycleBase.start(LifecycleBase.java:150) ~[tomcat-embed-core-8.5.11.jar:8.5.11]
	... 13 common frames omitted
Caused by: java.net.BindException: Address already in use: bind
	at sun.nio.ch.Net.bind0(Native Method) ~[na:1.7.0_71]
	at sun.nio.ch.Net.bind(Unknown Source) ~[na:1.7.0_71]
	at sun.nio.ch.Net.bind(Unknown Source) ~[na:1.7.0_71]
	at sun.nio.ch.ServerSocketChannelImpl.bind(Unknown Source) ~[na:1.7.0_71]
	at sun.nio.ch.ServerSocketAdaptor.bind(Unknown Source) ~[na:1.7.0_71]
	at org.apache.tomcat.util.net.NioEndpoint.bind(NioEndpoint.java:210) ~[tomcat-embed-core-8.5.11.jar:8.5.11]
	at org.apache.tomcat.util.net.AbstractEndpoint.start(AbstractEndpoint.java:980) ~[tomcat-embed-core-8.5.11.jar:8.5.11]
	at org.apache.coyote.AbstractProtocol.start(AbstractProtocol.java:573) ~[tomcat-embed-core-8.5.11.jar:8.5.11]
	at org.apache.catalina.connector.Connector.startInternal(Connector.java:993) ~[tomcat-embed-core-8.5.11.jar:8.5.11]
	... 14 common frames omitted

2017-06-12 14:31:36.155  INFO 70404 --- [main] o.apache.catalina.core.StandardService   : Stopping service Tomcat
2017-06-12 14:31:36.164  WARN 70404 --- [localhost-startStop-1] o.a.c.loader.WebappClassLoaderBase       : The web application [ROOT] appears to have started a thread named [Abandoned connection cleanup thread] but has failed to stop it. This is very likely to create a memory leak. Stack trace of thread:
 java.lang.Object.wait(Native Method)
 java.lang.ref.ReferenceQueue.remove(Unknown Source)
 com.mysql.jdbc.AbandonedConnectionCleanupThread.run(AbandonedConnectionCleanupThread.java:43)
2017-06-12 14:31:36.174  INFO 70404 --- [main] utoConfigurationReportLoggingInitializer : 

Error starting ApplicationContext. To display the auto-configuration report re-run your application with 'debug' enabled.
2017-06-12 14:31:36.178 ERROR 70404 --- [main] o.s.b.d.LoggingFailureAnalysisReporter   : 

***************************
APPLICATION FAILED TO START
***************************

Description:

The Tomcat connector configured to listen on port 8082 failed to start. The port may already be in use or the connector may be misconfigured.

Action:

Verify the connector's configuration, identify and stop any process that's listening on port 8082, or configure this application to listen on another port.

2017-06-12 14:31:36.179  INFO 70404 --- [main] ationConfigEmbeddedWebApplicationContext : Closing org.springframework.boot.context.embedded.AnnotationConfigEmbeddedWebApplicationContext@60ef7ec1: startup date [Mon Jun 12 14:31:29 GMT+08:00 2017]; root of context hierarchy
2017-06-12 14:31:36.184  INFO 70404 --- [main] o.s.j.e.a.AnnotationMBeanExporter        : Unregistering JMX-exposed beans on shutdown
2017-06-12 14:32:43.476 ERROR 69160 --- [main] o.s.b.l.LoggingApplicationListener       : Cannot set level: INFO   for 'org.springframework.web'
2017-06-12 14:32:43.480 ERROR 69160 --- [main] o.s.b.l.LoggingApplicationListener       : Cannot set level: ERROR   for 'org.hibernate'
2017-06-12 14:32:43.578  INFO 69160 --- [main] org.spring.springboot.Application        : Starting Application on MS-20161208GPVU with PID 69160 (D:\springboot\target\classes started by Administrator in D:\springboot)
2017-06-12 14:32:43.578  INFO 69160 --- [main] org.spring.springboot.Application        : No active profile set, falling back to default profiles: default
2017-06-12 14:32:43.642  INFO 69160 --- [main] ationConfigEmbeddedWebApplicationContext : Refreshing org.springframework.boot.context.embedded.AnnotationConfigEmbeddedWebApplicationContext@3c38a5d7: startup date [Mon Jun 12 14:32:43 GMT+08:00 2017]; root of context hierarchy
2017-06-12 14:32:44.775  INFO 69160 --- [main] o.s.b.f.s.DefaultListableBeanFactory     : Overriding bean definition for bean 'dataSource' with a different definition: replacing [Root bean: class [null]; scope=; abstract=false; lazyInit=false; autowireMode=3; dependencyCheck=0; autowireCandidate=true; primary=false; factoryBeanName=org.springframework.boot.autoconfigure.jdbc.DataSourceConfiguration$Dbcp; factoryMethodName=dataSource; initMethodName=null; destroyMethodName=(inferred); defined in class path resource [org/springframework/boot/autoconfigure/jdbc/DataSourceConfiguration$Dbcp.class]] with [Root bean: class [null]; scope=; abstract=false; lazyInit=false; autowireMode=3; dependencyCheck=0; autowireCandidate=true; primary=false; factoryBeanName=org.springframework.boot.autoconfigure.jdbc.DataSourceConfiguration$Tomcat; factoryMethodName=dataSource; initMethodName=null; destroyMethodName=(inferred); defined in class path resource [org/springframework/boot/autoconfigure/jdbc/DataSourceConfiguration$Tomcat.class]]
2017-06-12 14:32:45.252  INFO 69160 --- [main] trationDelegate$BeanPostProcessorChecker : Bean 'org.springframework.boot.autoconfigure.validation.ValidationAutoConfiguration' of type [class org.springframework.boot.autoconfigure.validation.ValidationAutoConfiguration] is not eligible for getting processed by all BeanPostProcessors (for example: not eligible for auto-proxying)
2017-06-12 14:32:45.328  INFO 69160 --- [main] trationDelegate$BeanPostProcessorChecker : Bean 'validator' of type [class org.springframework.validation.beanvalidation.LocalValidatorFactoryBean] is not eligible for getting processed by all BeanPostProcessors (for example: not eligible for auto-proxying)
2017-06-12 14:32:45.419  INFO 69160 --- [main] trationDelegate$BeanPostProcessorChecker : Bean 'org.springframework.transaction.annotation.ProxyTransactionManagementConfiguration' of type [class org.springframework.transaction.annotation.ProxyTransactionManagementConfiguration$$EnhancerBySpringCGLIB$$68af79cd] is not eligible for getting processed by all BeanPostProcessors (for example: not eligible for auto-proxying)
2017-06-12 14:32:46.062  INFO 69160 --- [main] s.b.c.e.t.TomcatEmbeddedServletContainer : Tomcat initialized with port(s): 8082 (http)
2017-06-12 14:32:46.075  INFO 69160 --- [main] o.apache.catalina.core.StandardService   : Starting service Tomcat
2017-06-12 14:32:46.076  INFO 69160 --- [main] org.apache.catalina.core.StandardEngine  : Starting Servlet Engine: Apache Tomcat/8.5.11
2017-06-12 14:32:46.208  INFO 69160 --- [localhost-startStop-1] o.a.c.c.C.[Tomcat].[localhost].[/]       : Initializing Spring embedded WebApplicationContext
2017-06-12 14:32:46.208  INFO 69160 --- [localhost-startStop-1] o.s.web.context.ContextLoader            : Root WebApplicationContext: initialization completed in 2568 ms
2017-06-12 14:32:46.409  INFO 69160 --- [localhost-startStop-1] o.s.b.w.servlet.ServletRegistrationBean  : Mapping servlet: 'dispatcherServlet' to [/]
2017-06-12 14:32:46.413  INFO 69160 --- [localhost-startStop-1] o.s.b.w.servlet.FilterRegistrationBean   : Mapping filter: 'characterEncodingFilter' to: [/*]
2017-06-12 14:32:46.414  INFO 69160 --- [localhost-startStop-1] o.s.b.w.servlet.FilterRegistrationBean   : Mapping filter: 'hiddenHttpMethodFilter' to: [/*]
2017-06-12 14:32:46.414  INFO 69160 --- [localhost-startStop-1] o.s.b.w.servlet.FilterRegistrationBean   : Mapping filter: 'httpPutFormContentFilter' to: [/*]
2017-06-12 14:32:46.414  INFO 69160 --- [localhost-startStop-1] o.s.b.w.servlet.FilterRegistrationBean   : Mapping filter: 'requestContextFilter' to: [/*]
2017-06-12 14:32:46.414  INFO 69160 --- [localhost-startStop-1] o.s.b.w.servlet.FilterRegistrationBean   : Mapping filter: 'corsFilter' to: [/*]
2017-06-12 14:32:47.853  INFO 69160 --- [main] s.w.s.m.m.a.RequestMappingHandlerMapping : Mapped "{[/getAccessToken],methods=[GET]}" onto public org.spring.springboot.weixin.Token org.spring.springboot.controller.AccessTokenCtrl.getToken(java.lang.String)
2017-06-12 14:32:47.854  INFO 69160 --- [main] s.w.s.m.m.a.RequestMappingHandlerMapping : Mapped "{[/getOppen_id],methods=[GET]}" onto public net.sf.json.JSON org.spring.springboot.controller.AccessTokenCtrl.getOppen_id(java.lang.String,java.lang.String)
2017-06-12 14:32:47.854  INFO 69160 --- [main] s.w.s.m.m.a.RequestMappingHandlerMapping : Mapped "{[/getJSApiTicket],methods=[GET]}" onto public net.sf.json.JSON org.spring.springboot.controller.AccessTokenCtrl.getJSApiTicket(java.lang.String)
2017-06-12 14:32:47.861  INFO 69160 --- [main] s.w.s.m.m.a.RequestMappingHandlerMapping : Mapped "{[/serchMQList],methods=[GET]}" onto public java.util.Map<java.lang.String, java.lang.Object> org.spring.springboot.controller.T_s_o2oCtrl.serchMQList(java.lang.String)
2017-06-12 14:32:47.861  INFO 69160 --- [main] s.w.s.m.m.a.RequestMappingHandlerMapping : Mapped "{[/startMQ],methods=[GET]}" onto public net.sf.json.JSON org.spring.springboot.controller.T_s_o2oCtrl.startMQ(java.lang.String,java.lang.String,java.lang.String,int)
2017-06-12 14:32:47.861  INFO 69160 --- [main] s.w.s.m.m.a.RequestMappingHandlerMapping : Mapped "{[/confirmMQ],methods=[GET]}" onto public net.sf.json.JSON org.spring.springboot.controller.T_s_o2oCtrl.confirmMQ(java.lang.String)
2017-06-12 14:32:47.861  INFO 69160 --- [main] s.w.s.m.m.a.RequestMappingHandlerMapping : Mapped "{[/serchZZFFList],methods=[GET]}" onto public java.util.Map<java.lang.String, java.lang.Object> org.spring.springboot.controller.T_s_o2oCtrl.serchZZFFList(java.lang.String)
2017-06-12 14:32:47.862  INFO 69160 --- [main] s.w.s.m.m.a.RequestMappingHandlerMapping : Mapped "{[/serchZZFF],methods=[GET]}" onto public net.sf.json.JSON org.spring.springboot.controller.T_s_o2oCtrl.serchZZFF(java.lang.String)
2017-06-12 14:32:47.862  INFO 69160 --- [main] s.w.s.m.m.a.RequestMappingHandlerMapping : Mapped "{[/updateLicense],methods=[GET]}" onto public int org.spring.springboot.controller.T_s_o2oCtrl.updateLicense(java.lang.String,java.lang.String,java.lang.String,java.lang.String,int)
2017-06-12 14:32:47.862  INFO 69160 --- [main] s.w.s.m.m.a.RequestMappingHandlerMapping : Mapped "{[/serchYHKHList],methods=[GET]}" onto public java.util.Map<java.lang.String, java.lang.Object> org.spring.springboot.controller.T_s_o2oCtrl.serchYHKHList(java.lang.String)
2017-06-12 14:32:47.862  INFO 69160 --- [main] s.w.s.m.m.a.RequestMappingHandlerMapping : Mapped "{[/serchYHKH],methods=[GET]}" onto public net.sf.json.JSON org.spring.springboot.controller.T_s_o2oCtrl.serchYHKH(java.lang.String)
2017-06-12 14:32:47.863  INFO 69160 --- [main] s.w.s.m.m.a.RequestMappingHandlerMapping : Mapped "{[/ee_u_progress],methods=[GET]}" onto public net.sf.json.JSON org.spring.springboot.controller.T_s_o2oCtrl.ee_u_progress()
2017-06-12 14:32:47.863  INFO 69160 --- [main] s.w.s.m.m.a.RequestMappingHandlerMapping : Mapped "{[/serchSZHDList],methods=[GET]}" onto public java.util.Map<java.lang.String, java.lang.Object> org.spring.springboot.controller.T_s_o2oCtrl.serchSZHDList(java.lang.String)
2017-06-12 14:32:47.863  INFO 69160 --- [main] s.w.s.m.m.a.RequestMappingHandlerMapping : Mapped "{[/confirmSZHD],methods=[GET]}" onto public net.sf.json.JSON org.spring.springboot.controller.T_s_o2oCtrl.confirmSZHD(java.lang.String)
2017-06-12 14:32:47.863  INFO 69160 --- [main] s.w.s.m.m.a.RequestMappingHandlerMapping : Mapped "{[/page/updateSZHD.do],methods=[POST]}" onto public java.util.Map<java.lang.String, java.lang.String> org.spring.springboot.controller.T_s_o2oCtrl.updateSZHD(java.lang.String,javax.servlet.http.HttpServletRequest,javax.servlet.http.HttpServletResponse) throws java.io.IOException
2017-06-12 14:32:47.864  INFO 69160 --- [main] s.w.s.m.m.a.RequestMappingHandlerMapping : Mapped "{[/serchCompany],methods=[GET]}" onto public net.sf.json.JSON org.spring.springboot.controller.T_s_o2oCtrl.serchCompany(int,java.lang.String,java.lang.String)
2017-06-12 14:32:47.864  INFO 69160 --- [main] s.w.s.m.m.a.RequestMappingHandlerMapping : Mapped "{[/serchStatus],methods=[GET]}" onto public net.sf.json.JSON org.spring.springboot.controller.T_s_o2oCtrl.serchStatus(java.lang.String)
2017-06-12 14:32:47.864  INFO 69160 --- [main] s.w.s.m.m.a.RequestMappingHandlerMapping : Mapped "{[/page/updateYHKH.do],methods=[POST]}" onto public java.util.Map<java.lang.String, java.lang.String> org.spring.springboot.controller.T_s_o2oCtrl.updateYHKH(java.lang.String,javax.servlet.http.HttpServletRequest,javax.servlet.http.HttpServletResponse) throws java.io.IOException
2017-06-12 14:32:47.864  INFO 69160 --- [main] s.w.s.m.m.a.RequestMappingHandlerMapping : Mapped "{[/page/updateZZFF.do],methods=[POST]}" onto public java.util.Map<java.lang.String, java.lang.String> org.spring.springboot.controller.T_s_o2oCtrl.updateZZFF(java.lang.String,javax.servlet.http.HttpServletRequest,javax.servlet.http.HttpServletResponse) throws java.io.IOException
2017-06-12 14:32:47.865  INFO 69160 --- [main] s.w.s.m.m.a.RequestMappingHandlerMapping : Mapped "{[/page/updateMQ.do],methods=[POST]}" onto public java.util.Map<java.lang.String, java.lang.String> org.spring.springboot.controller.T_s_o2oCtrl.updateMQ(java.lang.String,javax.servlet.http.HttpServletRequest,javax.servlet.http.HttpServletResponse) throws java.io.IOException
2017-06-12 14:32:47.865  INFO 69160 --- [main] s.w.s.m.m.a.RequestMappingHandlerMapping : Mapped "{[/page/insertYCM.do],methods=[POST]}" onto public net.sf.json.JSONObject org.spring.springboot.controller.T_s_o2oCtrl.insertYCM(java.lang.String,javax.servlet.http.HttpServletRequest,javax.servlet.http.HttpServletResponse) throws java.io.IOException
2017-06-12 14:32:47.865  INFO 69160 --- [main] s.w.s.m.m.a.RequestMappingHandlerMapping : Mapped "{[/serchYCMList],methods=[GET]}" onto public net.sf.json.JSON org.spring.springboot.controller.T_s_o2oCtrl.serchYCMList(int,int,java.lang.String)
2017-06-12 14:32:47.865  INFO 69160 --- [main] s.w.s.m.m.a.RequestMappingHandlerMapping : Mapped "{[/serchYCM],methods=[GET]}" onto public net.sf.json.JSON org.spring.springboot.controller.T_s_o2oCtrl.serchYCM(java.lang.String)
2017-06-12 14:32:47.866  INFO 69160 --- [main] s.w.s.m.m.a.RequestMappingHandlerMapping : Mapped "{[/page/YCMCheck.do],methods=[GET]}" onto public int org.spring.springboot.controller.T_s_o2oCtrl.YCMCheck(java.lang.String,java.lang.String,java.lang.String)
2017-06-12 14:32:47.866  INFO 69160 --- [main] s.w.s.m.m.a.RequestMappingHandlerMapping : Mapped "{[/serchCompanyList],methods=[GET]}" onto public net.sf.json.JSON org.spring.springboot.controller.T_s_o2oCtrl.serchCompanyList(java.lang.String,java.lang.String)
2017-06-12 14:32:47.866  INFO 69160 --- [main] s.w.s.m.m.a.RequestMappingHandlerMapping : Mapped "{[/ee_u_applynotifylist],methods=[GET]}" onto public net.sf.json.JSON org.spring.springboot.controller.T_s_o2oCtrl.ee_u_applynotifylist(java.lang.String)
2017-06-12 14:32:47.866  INFO 69160 --- [main] s.w.s.m.m.a.RequestMappingHandlerMapping : Mapped "{[/ee_u_applynotify],methods=[GET]}" onto public net.sf.json.JSON org.spring.springboot.controller.T_s_o2oCtrl.serchAllowNotice(java.lang.String)
2017-06-12 14:32:47.866  INFO 69160 --- [main] s.w.s.m.m.a.RequestMappingHandlerMapping : Mapped "{[/updateAllow_pic],methods=[GET]}" onto public int org.spring.springboot.controller.T_s_o2oCtrl.updateAllow_pic(java.lang.String,java.lang.String)
2017-06-12 14:32:47.867  INFO 69160 --- [main] s.w.s.m.m.a.RequestMappingHandlerMapping : Mapped "{[/updateAppointment_state],methods=[GET]}" onto public int org.spring.springboot.controller.T_s_o2oCtrl.updateAppointment_state(java.lang.String,int)
2017-06-12 14:32:47.867  INFO 69160 --- [main] s.w.s.m.m.a.RequestMappingHandlerMapping : Mapped "{[/updateAccount_state],methods=[GET]}" onto public int org.spring.springboot.controller.T_s_o2oCtrl.updateAccount_state(java.lang.String,int)
2017-06-12 14:32:47.867  INFO 69160 --- [main] s.w.s.m.m.a.RequestMappingHandlerMapping : Mapped "{[/updateStartSZHD],methods=[GET]}" onto public net.sf.json.JSON org.spring.springboot.controller.T_s_o2oCtrl.updateStartSZHD(java.lang.String,java.lang.String,java.lang.String,java.lang.String)
2017-06-12 14:32:47.867  INFO 69160 --- [main] s.w.s.m.m.a.RequestMappingHandlerMapping : Mapped "{[/updateSZHD_state],methods=[GET]}" onto public int org.spring.springboot.controller.T_s_o2oCtrl.updateSZHD_state(java.lang.String,java.lang.String,java.lang.String,java.lang.String)
2017-06-12 14:32:47.868  INFO 69160 --- [main] s.w.s.m.m.a.RequestMappingHandlerMapping : Mapped "{[/serchCompanyAdmin],methods=[GET]}" onto public net.sf.json.JSON org.spring.springboot.controller.T_s_o2oCtrl.serchCompanyAdmin(int,int,java.lang.String)
2017-06-12 14:32:47.870  INFO 69160 --- [main] s.w.s.m.m.a.RequestMappingHandlerMapping : Mapped "{[/UserUpdate],methods=[GET]}" onto public int org.spring.springboot.controller.UserCtrl.UserUpdate(java.lang.String,java.lang.String)
2017-06-12 14:32:47.870  INFO 69160 --- [main] s.w.s.m.m.a.RequestMappingHandlerMapping : Mapped "{[/checkMessage],methods=[GET]}" onto public java.lang.String org.spring.springboot.controller.UserCtrl.checkMessage(java.lang.String) throws java.io.IOException
2017-06-12 14:32:47.870  INFO 69160 --- [main] s.w.s.m.m.a.RequestMappingHandlerMapping : Mapped "{[/verfymobile],methods=[GET]}" onto public int org.spring.springboot.controller.UserCtrl.verfymobile(java.lang.String)
2017-06-12 14:32:47.871  INFO 69160 --- [main] s.w.s.m.m.a.RequestMappingHandlerMapping : Mapped "{[/v2/api-docs],methods=[GET]}" onto public org.springframework.http.ResponseEntity<springfox.documentation.spring.web.json.Json> springfox.documentation.swagger2.web.Swagger2Controller.getDocumentation(java.lang.String)
2017-06-12 14:32:47.875  INFO 69160 --- [main] s.w.s.m.m.a.RequestMappingHandlerMapping : Mapped "{[/configuration/security]}" onto org.springframework.http.ResponseEntity<springfox.documentation.swagger.web.SecurityConfiguration> springfox.documentation.swagger.web.ApiResourceController.securityConfiguration()
2017-06-12 14:32:47.875  INFO 69160 --- [main] s.w.s.m.m.a.RequestMappingHandlerMapping : Mapped "{[/configuration/ui]}" onto org.springframework.http.ResponseEntity<springfox.documentation.swagger.web.UiConfiguration> springfox.documentation.swagger.web.ApiResourceController.uiConfiguration()
2017-06-12 14:32:47.876  INFO 69160 --- [main] s.w.s.m.m.a.RequestMappingHandlerMapping : Mapped "{[/swagger-resources]}" onto org.springframework.http.ResponseEntity<java.util.List<springfox.documentation.swagger.web.SwaggerResource>> springfox.documentation.swagger.web.ApiResourceController.swaggerResources()
2017-06-12 14:32:47.879  INFO 69160 --- [main] s.w.s.m.m.a.RequestMappingHandlerMapping : Mapped "{[/error]}" onto public org.springframework.http.ResponseEntity<java.util.Map<java.lang.String, java.lang.Object>> org.springframework.boot.autoconfigure.web.BasicErrorController.error(javax.servlet.http.HttpServletRequest)
2017-06-12 14:32:47.879  INFO 69160 --- [main] s.w.s.m.m.a.RequestMappingHandlerMapping : Mapped "{[/error],produces=[text/html]}" onto public org.springframework.web.servlet.ModelAndView org.springframework.boot.autoconfigure.web.BasicErrorController.errorHtml(javax.servlet.http.HttpServletRequest,javax.servlet.http.HttpServletResponse)
2017-06-12 14:32:48.203  INFO 69160 --- [main] s.w.s.m.m.a.RequestMappingHandlerAdapter : Looking for @ControllerAdvice: org.springframework.boot.context.embedded.AnnotationConfigEmbeddedWebApplicationContext@3c38a5d7: startup date [Mon Jun 12 14:32:43 GMT+08:00 2017]; root of context hierarchy
2017-06-12 14:32:48.318  INFO 69160 --- [main] o.s.w.s.handler.SimpleUrlHandlerMapping  : Mapped URL path [/webjars/**] onto handler of type [class org.springframework.web.servlet.resource.ResourceHttpRequestHandler]
2017-06-12 14:32:48.318  INFO 69160 --- [main] o.s.w.s.handler.SimpleUrlHandlerMapping  : Mapped URL path [/**] onto handler of type [class org.springframework.web.servlet.resource.ResourceHttpRequestHandler]
2017-06-12 14:32:48.380  INFO 69160 --- [main] o.s.w.s.handler.SimpleUrlHandlerMapping  : Mapped URL path [/**/favicon.ico] onto handler of type [class org.springframework.web.servlet.resource.ResourceHttpRequestHandler]
2017-06-12 14:32:48.971  INFO 69160 --- [main] o.s.j.e.a.AnnotationMBeanExporter        : Registering beans for JMX exposure on startup
2017-06-12 14:32:49.014  INFO 69160 --- [main] d.s.w.p.DocumentationPluginsBootstrapper : Context refreshed
2017-06-12 14:32:49.034  INFO 69160 --- [main] d.s.w.p.DocumentationPluginsBootstrapper : Found {0} custom documentation plugin(s)
2017-06-12 14:32:49.044  INFO 69160 --- [main] s.d.s.w.s.ApiListingReferenceScanner     : Scanning for api listing references
2017-06-12 14:32:49.049  INFO 69160 --- [main] s.w.ClassOrApiAnnotationResourceGrouping : Group for method UserUpdate was user-ctrl
2017-06-12 14:32:49.051  INFO 69160 --- [main] s.d.s.w.s.ApiListingReferenceScanner     : Request mapping: UserUpdate belongs to groups: [[ResourceGroup{groupName='user-ctrl', position=0, controller=org.spring.springboot.controller.UserCtrl}]] 
2017-06-12 14:32:49.052  INFO 69160 --- [main] s.w.ClassOrApiAnnotationResourceGrouping : Group for method checkMessage was user-ctrl
2017-06-12 14:32:49.053  INFO 69160 --- [main] s.d.s.w.s.ApiListingReferenceScanner     : Request mapping: checkMessage belongs to groups: [[ResourceGroup{groupName='user-ctrl', position=0, controller=org.spring.springboot.controller.UserCtrl}]] 
2017-06-12 14:32:49.053  INFO 69160 --- [main] s.w.ClassOrApiAnnotationResourceGrouping : Group for method confirmMQ was t-_s-_o-2o-ctrl
2017-06-12 14:32:49.053  INFO 69160 --- [main] s.d.s.w.s.ApiListingReferenceScanner     : Request mapping: confirmMQ belongs to groups: [[ResourceGroup{groupName='t-_s-_o-2o-ctrl', position=0, controller=org.spring.springboot.controller.T_s_o2oCtrl}]] 
2017-06-12 14:32:49.054  INFO 69160 --- [main] s.w.ClassOrApiAnnotationResourceGrouping : Group for method confirmSZHD was t-_s-_o-2o-ctrl
2017-06-12 14:32:49.054  INFO 69160 --- [main] s.d.s.w.s.ApiListingReferenceScanner     : Request mapping: confirmSZHD belongs to groups: [[ResourceGroup{groupName='t-_s-_o-2o-ctrl', position=0, controller=org.spring.springboot.controller.T_s_o2oCtrl}]] 
2017-06-12 14:32:49.055  INFO 69160 --- [main] s.w.ClassOrApiAnnotationResourceGrouping : Group for method serchAllowNotice was t-_s-_o-2o-ctrl
2017-06-12 14:32:49.055  INFO 69160 --- [main] s.d.s.w.s.ApiListingReferenceScanner     : Request mapping: serchAllowNotice belongs to groups: [[ResourceGroup{groupName='t-_s-_o-2o-ctrl', position=0, controller=org.spring.springboot.controller.T_s_o2oCtrl}]] 
2017-06-12 14:32:49.055  INFO 69160 --- [main] s.w.ClassOrApiAnnotationResourceGrouping : Group for method ee_u_applynotifylist was t-_s-_o-2o-ctrl
2017-06-12 14:32:49.056  INFO 69160 --- [main] s.d.s.w.s.ApiListingReferenceScanner     : Request mapping: ee_u_applynotifylist belongs to groups: [[ResourceGroup{groupName='t-_s-_o-2o-ctrl', position=0, controller=org.spring.springboot.controller.T_s_o2oCtrl}]] 
2017-06-12 14:32:49.056  INFO 69160 --- [main] s.w.ClassOrApiAnnotationResourceGrouping : Group for method ee_u_progress was t-_s-_o-2o-ctrl
2017-06-12 14:32:49.056  INFO 69160 --- [main] s.d.s.w.s.ApiListingReferenceScanner     : Request mapping: ee_u_progress belongs to groups: [[ResourceGroup{groupName='t-_s-_o-2o-ctrl', position=0, controller=org.spring.springboot.controller.T_s_o2oCtrl}]] 
2017-06-12 14:32:49.057  INFO 69160 --- [main] s.w.ClassOrApiAnnotationResourceGrouping : Group for method getToken was access-token-ctrl
2017-06-12 14:32:49.057  INFO 69160 --- [main] s.d.s.w.s.ApiListingReferenceScanner     : Request mapping: getToken belongs to groups: [[ResourceGroup{groupName='access-token-ctrl', position=0, controller=org.spring.springboot.controller.AccessTokenCtrl}]] 
2017-06-12 14:32:49.058  INFO 69160 --- [main] s.w.ClassOrApiAnnotationResourceGrouping : Group for method getJSApiTicket was access-token-ctrl
2017-06-12 14:32:49.058  INFO 69160 --- [main] s.d.s.w.s.ApiListingReferenceScanner     : Request mapping: getJSApiTicket belongs to groups: [[ResourceGroup{groupName='access-token-ctrl', position=0, controller=org.spring.springboot.controller.AccessTokenCtrl}]] 
2017-06-12 14:32:49.059  INFO 69160 --- [main] s.w.ClassOrApiAnnotationResourceGrouping : Group for method getOppen_id was access-token-ctrl
2017-06-12 14:32:49.059  INFO 69160 --- [main] s.d.s.w.s.ApiListingReferenceScanner     : Request mapping: getOppen_id belongs to groups: [[ResourceGroup{groupName='access-token-ctrl', position=0, controller=org.spring.springboot.controller.AccessTokenCtrl}]] 
2017-06-12 14:32:49.059  INFO 69160 --- [main] s.w.ClassOrApiAnnotationResourceGrouping : Group for method YCMCheck was t-_s-_o-2o-ctrl
2017-06-12 14:32:49.060  INFO 69160 --- [main] s.d.s.w.s.ApiListingReferenceScanner     : Request mapping: YCMCheck belongs to groups: [[ResourceGroup{groupName='t-_s-_o-2o-ctrl', position=0, controller=org.spring.springboot.controller.T_s_o2oCtrl}]] 
2017-06-12 14:32:49.060  INFO 69160 --- [main] s.w.ClassOrApiAnnotationResourceGrouping : Group for method insertYCM was t-_s-_o-2o-ctrl
2017-06-12 14:32:49.060  INFO 69160 --- [main] s.d.s.w.s.ApiListingReferenceScanner     : Request mapping: insertYCM belongs to groups: [[ResourceGroup{groupName='t-_s-_o-2o-ctrl', position=0, controller=org.spring.springboot.controller.T_s_o2oCtrl}]] 
2017-06-12 14:32:49.061  INFO 69160 --- [main] s.w.ClassOrApiAnnotationResourceGrouping : Group for method updateMQ was t-_s-_o-2o-ctrl
2017-06-12 14:32:49.061  INFO 69160 --- [main] s.d.s.w.s.ApiListingReferenceScanner     : Request mapping: updateMQ belongs to groups: [[ResourceGroup{groupName='t-_s-_o-2o-ctrl', position=0, controller=org.spring.springboot.controller.T_s_o2oCtrl}]] 
2017-06-12 14:32:49.061  INFO 69160 --- [main] s.w.ClassOrApiAnnotationResourceGrouping : Group for method updateSZHD was t-_s-_o-2o-ctrl
2017-06-12 14:32:49.062  INFO 69160 --- [main] s.d.s.w.s.ApiListingReferenceScanner     : Request mapping: updateSZHD belongs to groups: [[ResourceGroup{groupName='t-_s-_o-2o-ctrl', position=0, controller=org.spring.springboot.controller.T_s_o2oCtrl}]] 
2017-06-12 14:32:49.062  INFO 69160 --- [main] s.w.ClassOrApiAnnotationResourceGrouping : Group for method updateYHKH was t-_s-_o-2o-ctrl
2017-06-12 14:32:49.062  INFO 69160 --- [main] s.d.s.w.s.ApiListingReferenceScanner     : Request mapping: updateYHKH belongs to groups: [[ResourceGroup{groupName='t-_s-_o-2o-ctrl', position=0, controller=org.spring.springboot.controller.T_s_o2oCtrl}]] 
2017-06-12 14:32:49.063  INFO 69160 --- [main] s.w.ClassOrApiAnnotationResourceGrouping : Group for method updateZZFF was t-_s-_o-2o-ctrl
2017-06-12 14:32:49.063  INFO 69160 --- [main] s.d.s.w.s.ApiListingReferenceScanner     : Request mapping: updateZZFF belongs to groups: [[ResourceGroup{groupName='t-_s-_o-2o-ctrl', position=0, controller=org.spring.springboot.controller.T_s_o2oCtrl}]] 
2017-06-12 14:32:49.064  INFO 69160 --- [main] s.w.ClassOrApiAnnotationResourceGrouping : Group for method serchCompanyAdmin was t-_s-_o-2o-ctrl
2017-06-12 14:32:49.064  INFO 69160 --- [main] s.d.s.w.s.ApiListingReferenceScanner     : Request mapping: serchCompanyAdmin belongs to groups: [[ResourceGroup{groupName='t-_s-_o-2o-ctrl', position=0, controller=org.spring.springboot.controller.T_s_o2oCtrl}]] 
2017-06-12 14:32:49.064  INFO 69160 --- [main] s.w.ClassOrApiAnnotationResourceGrouping : Group for method serchCompanyList was t-_s-_o-2o-ctrl
2017-06-12 14:32:49.065  INFO 69160 --- [main] s.d.s.w.s.ApiListingReferenceScanner     : Request mapping: serchCompanyList belongs to groups: [[ResourceGroup{groupName='t-_s-_o-2o-ctrl', position=0, controller=org.spring.springboot.controller.T_s_o2oCtrl}]] 
2017-06-12 14:32:49.065  INFO 69160 --- [main] s.w.ClassOrApiAnnotationResourceGrouping : Group for method serchCompany was t-_s-_o-2o-ctrl
2017-06-12 14:32:49.065  INFO 69160 --- [main] s.d.s.w.s.ApiListingReferenceScanner     : Request mapping: serchCompany belongs to groups: [[ResourceGroup{groupName='t-_s-_o-2o-ctrl', position=0, controller=org.spring.springboot.controller.T_s_o2oCtrl}]] 
2017-06-12 14:32:49.066  INFO 69160 --- [main] s.w.ClassOrApiAnnotationResourceGrouping : Group for method serchMQList was t-_s-_o-2o-ctrl
2017-06-12 14:32:49.066  INFO 69160 --- [main] s.d.s.w.s.ApiListingReferenceScanner     : Request mapping: serchMQList belongs to groups: [[ResourceGroup{groupName='t-_s-_o-2o-ctrl', position=0, controller=org.spring.springboot.controller.T_s_o2oCtrl}]] 
2017-06-12 14:32:49.067  INFO 69160 --- [main] s.w.ClassOrApiAnnotationResourceGrouping : Group for method serchSZHDList was t-_s-_o-2o-ctrl
2017-06-12 14:32:49.067  INFO 69160 --- [main] s.d.s.w.s.ApiListingReferenceScanner     : Request mapping: serchSZHDList belongs to groups: [[ResourceGroup{groupName='t-_s-_o-2o-ctrl', position=0, controller=org.spring.springboot.controller.T_s_o2oCtrl}]] 
2017-06-12 14:32:49.067  INFO 69160 --- [main] s.w.ClassOrApiAnnotationResourceGrouping : Group for method serchStatus was t-_s-_o-2o-ctrl
2017-06-12 14:32:49.068  INFO 69160 --- [main] s.d.s.w.s.ApiListingReferenceScanner     : Request mapping: serchStatus belongs to groups: [[ResourceGroup{groupName='t-_s-_o-2o-ctrl', position=0, controller=org.spring.springboot.controller.T_s_o2oCtrl}]] 
2017-06-12 14:32:49.068  INFO 69160 --- [main] s.w.ClassOrApiAnnotationResourceGrouping : Group for method serchYCMList was t-_s-_o-2o-ctrl
2017-06-12 14:32:49.068  INFO 69160 --- [main] s.d.s.w.s.ApiListingReferenceScanner     : Request mapping: serchYCMList belongs to groups: [[ResourceGroup{groupName='t-_s-_o-2o-ctrl', position=0, controller=org.spring.springboot.controller.T_s_o2oCtrl}]] 
2017-06-12 14:32:49.069  INFO 69160 --- [main] s.w.ClassOrApiAnnotationResourceGrouping : Group for method serchYCM was t-_s-_o-2o-ctrl
2017-06-12 14:32:49.069  INFO 69160 --- [main] s.d.s.w.s.ApiListingReferenceScanner     : Request mapping: serchYCM belongs to groups: [[ResourceGroup{groupName='t-_s-_o-2o-ctrl', position=0, controller=org.spring.springboot.controller.T_s_o2oCtrl}]] 
2017-06-12 14:32:49.070  INFO 69160 --- [main] s.w.ClassOrApiAnnotationResourceGrouping : Group for method serchYHKHList was t-_s-_o-2o-ctrl
2017-06-12 14:32:49.070  INFO 69160 --- [main] s.d.s.w.s.ApiListingReferenceScanner     : Request mapping: serchYHKHList belongs to groups: [[ResourceGroup{groupName='t-_s-_o-2o-ctrl', position=0, controller=org.spring.springboot.controller.T_s_o2oCtrl}]] 
2017-06-12 14:32:49.070  INFO 69160 --- [main] s.w.ClassOrApiAnnotationResourceGrouping : Group for method serchYHKH was t-_s-_o-2o-ctrl
2017-06-12 14:32:49.071  INFO 69160 --- [main] s.d.s.w.s.ApiListingReferenceScanner     : Request mapping: serchYHKH belongs to groups: [[ResourceGroup{groupName='t-_s-_o-2o-ctrl', position=0, controller=org.spring.springboot.controller.T_s_o2oCtrl}]] 
2017-06-12 14:32:49.071  INFO 69160 --- [main] s.w.ClassOrApiAnnotationResourceGrouping : Group for method serchZZFFList was t-_s-_o-2o-ctrl
2017-06-12 14:32:49.072  INFO 69160 --- [main] s.d.s.w.s.ApiListingReferenceScanner     : Request mapping: serchZZFFList belongs to groups: [[ResourceGroup{groupName='t-_s-_o-2o-ctrl', position=0, controller=org.spring.springboot.controller.T_s_o2oCtrl}]] 
2017-06-12 14:32:49.073  INFO 69160 --- [main] s.w.ClassOrApiAnnotationResourceGrouping : Group for method serchZZFF was t-_s-_o-2o-ctrl
2017-06-12 14:32:49.073  INFO 69160 --- [main] s.d.s.w.s.ApiListingReferenceScanner     : Request mapping: serchZZFF belongs to groups: [[ResourceGroup{groupName='t-_s-_o-2o-ctrl', position=0, controller=org.spring.springboot.controller.T_s_o2oCtrl}]] 
2017-06-12 14:32:49.074  INFO 69160 --- [main] s.w.ClassOrApiAnnotationResourceGrouping : Group for method startMQ was t-_s-_o-2o-ctrl
2017-06-12 14:32:49.074  INFO 69160 --- [main] s.d.s.w.s.ApiListingReferenceScanner     : Request mapping: startMQ belongs to groups: [[ResourceGroup{groupName='t-_s-_o-2o-ctrl', position=0, controller=org.spring.springboot.controller.T_s_o2oCtrl}]] 
2017-06-12 14:32:49.075  INFO 69160 --- [main] s.w.ClassOrApiAnnotationResourceGrouping : Group for method updateAccount_state was t-_s-_o-2o-ctrl
2017-06-12 14:32:49.076  INFO 69160 --- [main] s.d.s.w.s.ApiListingReferenceScanner     : Request mapping: updateAccount_state belongs to groups: [[ResourceGroup{groupName='t-_s-_o-2o-ctrl', position=0, controller=org.spring.springboot.controller.T_s_o2oCtrl}]] 
2017-06-12 14:32:49.077  INFO 69160 --- [main] s.w.ClassOrApiAnnotationResourceGrouping : Group for method updateAllow_pic was t-_s-_o-2o-ctrl
2017-06-12 14:32:49.077  INFO 69160 --- [main] s.d.s.w.s.ApiListingReferenceScanner     : Request mapping: updateAllow_pic belongs to groups: [[ResourceGroup{groupName='t-_s-_o-2o-ctrl', position=0, controller=org.spring.springboot.controller.T_s_o2oCtrl}]] 
2017-06-12 14:32:49.077  INFO 69160 --- [main] s.w.ClassOrApiAnnotationResourceGrouping : Group for method updateAppointment_state was t-_s-_o-2o-ctrl
2017-06-12 14:32:49.078  INFO 69160 --- [main] s.d.s.w.s.ApiListingReferenceScanner     : Request mapping: updateAppointment_state belongs to groups: [[ResourceGroup{groupName='t-_s-_o-2o-ctrl', position=0, controller=org.spring.springboot.controller.T_s_o2oCtrl}]] 
2017-06-12 14:32:49.078  INFO 69160 --- [main] s.w.ClassOrApiAnnotationResourceGrouping : Group for method updateLicense was t-_s-_o-2o-ctrl
2017-06-12 14:32:49.078  INFO 69160 --- [main] s.d.s.w.s.ApiListingReferenceScanner     : Request mapping: updateLicense belongs to groups: [[ResourceGroup{groupName='t-_s-_o-2o-ctrl', position=0, controller=org.spring.springboot.controller.T_s_o2oCtrl}]] 
2017-06-12 14:32:49.079  INFO 69160 --- [main] s.w.ClassOrApiAnnotationResourceGrouping : Group for method updateSZHD_state was t-_s-_o-2o-ctrl
2017-06-12 14:32:49.079  INFO 69160 --- [main] s.d.s.w.s.ApiListingReferenceScanner     : Request mapping: updateSZHD_state belongs to groups: [[ResourceGroup{groupName='t-_s-_o-2o-ctrl', position=0, controller=org.spring.springboot.controller.T_s_o2oCtrl}]] 
2017-06-12 14:32:49.080  INFO 69160 --- [main] s.w.ClassOrApiAnnotationResourceGrouping : Group for method updateStartSZHD was t-_s-_o-2o-ctrl
2017-06-12 14:32:49.080  INFO 69160 --- [main] s.d.s.w.s.ApiListingReferenceScanner     : Request mapping: updateStartSZHD belongs to groups: [[ResourceGroup{groupName='t-_s-_o-2o-ctrl', position=0, controller=org.spring.springboot.controller.T_s_o2oCtrl}]] 
2017-06-12 14:32:49.080  INFO 69160 --- [main] s.w.ClassOrApiAnnotationResourceGrouping : Group for method verfymobile was user-ctrl
2017-06-12 14:32:49.081  INFO 69160 --- [main] s.d.s.w.s.ApiListingReferenceScanner     : Request mapping: verfymobile belongs to groups: [[ResourceGroup{groupName='user-ctrl', position=0, controller=org.spring.springboot.controller.UserCtrl}]] 
2017-06-12 14:32:49.085  INFO 69160 --- [main] s.d.s.w.s.ApiListingReferenceScanner     : Created resource listing Path: /default/t-_s-_o-2o-ctrl Description: t-_s-_o-2o-ctrl Position: 0
2017-06-12 14:32:49.086  INFO 69160 --- [main] s.d.s.w.s.ApiListingReferenceScanner     : Created resource listing Path: /default/user-ctrl Description: user-ctrl Position: 0
2017-06-12 14:32:49.087  INFO 69160 --- [main] s.d.s.w.s.ApiListingReferenceScanner     : Created resource listing Path: /default/access-token-ctrl Description: access-token-ctrl Position: 0
2017-06-12 14:32:49.107  INFO 69160 --- [main] s.d.schema.ModelContextKeyGenerator      : Cache Key Generated: net.sf.json.JSON(true)
2017-06-12 14:32:49.107  INFO 69160 --- [main] s.d.spring.web.caching.CachingAspect     : Caching aspect applied for cache models with key net.sf.json.JSON(true)
2017-06-12 14:32:49.119  INFO 69160 --- [main] s.d.s.p.ModelPropertiesKeyGenerator      : Cache key generated: net.sf.json.JSON(true)
2017-06-12 14:32:49.119  INFO 69160 --- [main] s.d.spring.web.caching.CachingAspect     : Caching aspect applied for cache modelProperties with key net.sf.json.JSON(true)
2017-06-12 14:32:49.146  INFO 69160 --- [main] s.d.schema.ModelContextKeyGenerator      : Cache Key Generated: net.sf.json.JSON(true)
2017-06-12 14:32:49.147  INFO 69160 --- [main] s.d.spring.web.caching.CachingAspect     : Caching aspect applied for cache modelDependencies with key net.sf.json.JSON(true)
2017-06-12 14:32:49.159  INFO 69160 --- [main] s.d.s.p.ModelPropertiesKeyGenerator      : Cache key generated: net.sf.json.JSON(true)
2017-06-12 14:32:49.159  INFO 69160 --- [main] s.d.spring.web.caching.CachingAspect     : Caching aspect applied for cache modelProperties with key net.sf.json.JSON(true)
2017-06-12 14:32:49.161  INFO 69160 --- [main] s.d.spring.web.OperationsKeyGenerator    : Cache key generated: /getJSApiTicket.org.spring.springboot.controller.AccessTokenCtrl.getJSApiTicket.DefaultGenericTypeNamingStrategy
2017-06-12 14:32:49.161  INFO 69160 --- [main] s.d.spring.web.caching.CachingAspect     : Caching aspect applied for cache operations with key /getJSApiTicket.org.spring.springboot.controller.AccessTokenCtrl.getJSApiTicket.DefaultGenericTypeNamingStrategy
2017-06-12 14:32:49.185  INFO 69160 --- [main] s.w.ClassOrApiAnnotationResourceGrouping : Group for method getJSApiTicket was access-token-ctrl
2017-06-12 14:32:49.204  INFO 69160 --- [main] s.w.ClassOrApiAnnotationResourceGrouping : Group for method getJSApiTicket was access-token-ctrl
2017-06-12 14:32:49.212  INFO 69160 --- [main] s.d.schema.ModelContextKeyGenerator      : Cache Key Generated: net.sf.json.JSON(true)
2017-06-12 14:32:49.212  INFO 69160 --- [main] s.d.spring.web.caching.CachingAspect     : Caching aspect applied for cache models with key net.sf.json.JSON(true)
2017-06-12 14:32:49.213  INFO 69160 --- [main] s.d.schema.ModelContextKeyGenerator      : Cache Key Generated: net.sf.json.JSON(true)
2017-06-12 14:32:49.213  INFO 69160 --- [main] s.d.spring.web.caching.CachingAspect     : Caching aspect applied for cache modelDependencies with key net.sf.json.JSON(true)
2017-06-12 14:32:49.213  INFO 69160 --- [main] s.d.spring.web.OperationsKeyGenerator    : Cache key generated: /getOppen_id.org.spring.springboot.controller.AccessTokenCtrl.getOppen_id.DefaultGenericTypeNamingStrategy
2017-06-12 14:32:49.213  INFO 69160 --- [main] s.d.spring.web.caching.CachingAspect     : Caching aspect applied for cache operations with key /getOppen_id.org.spring.springboot.controller.AccessTokenCtrl.getOppen_id.DefaultGenericTypeNamingStrategy
2017-06-12 14:32:49.217  INFO 69160 --- [main] s.w.ClassOrApiAnnotationResourceGrouping : Group for method getOppen_id was access-token-ctrl
2017-06-12 14:32:49.219  INFO 69160 --- [main] s.w.ClassOrApiAnnotationResourceGrouping : Group for method getOppen_id was access-token-ctrl
2017-06-12 14:32:49.223  INFO 69160 --- [main] s.d.schema.ModelContextKeyGenerator      : Cache Key Generated: org.spring.springboot.weixin.Token(true)
2017-06-12 14:32:49.223  INFO 69160 --- [main] s.d.spring.web.caching.CachingAspect     : Caching aspect applied for cache models with key org.spring.springboot.weixin.Token(true)
2017-06-12 14:32:49.224  INFO 69160 --- [main] s.d.s.p.ModelPropertiesKeyGenerator      : Cache key generated: org.spring.springboot.weixin.Token(true)
2017-06-12 14:32:49.224  INFO 69160 --- [main] s.d.spring.web.caching.CachingAspect     : Caching aspect applied for cache modelProperties with key org.spring.springboot.weixin.Token(true)
2017-06-12 14:32:49.226  INFO 69160 --- [main] s.d.schema.ModelContextKeyGenerator      : Cache Key Generated: org.spring.springboot.weixin.Token(true)
2017-06-12 14:32:49.226  INFO 69160 --- [main] s.d.spring.web.caching.CachingAspect     : Caching aspect applied for cache modelDependencies with key org.spring.springboot.weixin.Token(true)
2017-06-12 14:32:49.226  INFO 69160 --- [main] s.d.s.p.ModelPropertiesKeyGenerator      : Cache key generated: org.spring.springboot.weixin.Token(true)
2017-06-12 14:32:49.226  INFO 69160 --- [main] s.d.spring.web.caching.CachingAspect     : Caching aspect applied for cache modelProperties with key org.spring.springboot.weixin.Token(true)
2017-06-12 14:32:49.227  INFO 69160 --- [main] s.d.spring.web.OperationsKeyGenerator    : Cache key generated: /getAccessToken.org.spring.springboot.controller.AccessTokenCtrl.getToken.DefaultGenericTypeNamingStrategy
2017-06-12 14:32:49.227  INFO 69160 --- [main] s.d.spring.web.caching.CachingAspect     : Caching aspect applied for cache operations with key /getAccessToken.org.spring.springboot.controller.AccessTokenCtrl.getToken.DefaultGenericTypeNamingStrategy
2017-06-12 14:32:49.231  INFO 69160 --- [main] s.w.ClassOrApiAnnotationResourceGrouping : Group for method getToken was access-token-ctrl
2017-06-12 14:32:49.232  INFO 69160 --- [main] s.w.ClassOrApiAnnotationResourceGrouping : Group for method getToken was access-token-ctrl
2017-06-12 14:32:49.267  INFO 69160 --- [main] s.d.schema.ModelContextKeyGenerator      : Cache Key Generated: int(true)
2017-06-12 14:32:49.267  INFO 69160 --- [main] s.d.spring.web.caching.CachingAspect     : Caching aspect applied for cache models with key int(true)
2017-06-12 14:32:49.267  INFO 69160 --- [main] s.d.schema.ModelContextKeyGenerator      : Cache Key Generated: int(true)
2017-06-12 14:32:49.268  INFO 69160 --- [main] s.d.spring.web.caching.CachingAspect     : Caching aspect applied for cache modelDependencies with key int(true)
2017-06-12 14:32:49.268  INFO 69160 --- [main] s.d.spring.web.OperationsKeyGenerator    : Cache key generated: /page/YCMCheck.do.org.spring.springboot.controller.T_s_o2oCtrl.YCMCheck.DefaultGenericTypeNamingStrategy
2017-06-12 14:32:49.268  INFO 69160 --- [main] s.d.spring.web.caching.CachingAspect     : Caching aspect applied for cache operations with key /page/YCMCheck.do.org.spring.springboot.controller.T_s_o2oCtrl.YCMCheck.DefaultGenericTypeNamingStrategy
2017-06-12 14:32:49.290  INFO 69160 --- [main] s.w.ClassOrApiAnnotationResourceGrouping : Group for method YCMCheck was t-_s-_o-2o-ctrl
2017-06-12 14:32:49.299  INFO 69160 --- [main] s.w.ClassOrApiAnnotationResourceGrouping : Group for method YCMCheck was t-_s-_o-2o-ctrl
2017-06-12 14:32:49.318  INFO 69160 --- [main] s.d.schema.ModelContextKeyGenerator      : Cache Key Generated: net.sf.json.JSON(true)
2017-06-12 14:32:49.318  INFO 69160 --- [main] s.d.spring.web.caching.CachingAspect     : Caching aspect applied for cache models with key net.sf.json.JSON(true)
2017-06-12 14:32:49.319  INFO 69160 --- [main] s.d.schema.ModelContextKeyGenerator      : Cache Key Generated: net.sf.json.JSON(true)
2017-06-12 14:32:49.319  INFO 69160 --- [main] s.d.spring.web.caching.CachingAspect     : Caching aspect applied for cache modelDependencies with key net.sf.json.JSON(true)
2017-06-12 14:32:49.319  INFO 69160 --- [main] s.d.spring.web.OperationsKeyGenerator    : Cache key generated: /confirmMQ.org.spring.springboot.controller.T_s_o2oCtrl.confirmMQ.DefaultGenericTypeNamingStrategy
2017-06-12 14:32:49.319  INFO 69160 --- [main] s.d.spring.web.caching.CachingAspect     : Caching aspect applied for cache operations with key /confirmMQ.org.spring.springboot.controller.T_s_o2oCtrl.confirmMQ.DefaultGenericTypeNamingStrategy
2017-06-12 14:32:49.342  INFO 69160 --- [main] s.w.ClassOrApiAnnotationResourceGrouping : Group for method confirmMQ was t-_s-_o-2o-ctrl
2017-06-12 14:32:49.351  INFO 69160 --- [main] s.w.ClassOrApiAnnotationResourceGrouping : Group for method confirmMQ was t-_s-_o-2o-ctrl
2017-06-12 14:32:49.370  INFO 69160 --- [main] s.d.schema.ModelContextKeyGenerator      : Cache Key Generated: net.sf.json.JSON(true)
2017-06-12 14:32:49.370  INFO 69160 --- [main] s.d.spring.web.caching.CachingAspect     : Caching aspect applied for cache models with key net.sf.json.JSON(true)
2017-06-12 14:32:49.371  INFO 69160 --- [main] s.d.schema.ModelContextKeyGenerator      : Cache Key Generated: net.sf.json.JSON(true)
2017-06-12 14:32:49.371  INFO 69160 --- [main] s.d.spring.web.caching.CachingAspect     : Caching aspect applied for cache modelDependencies with key net.sf.json.JSON(true)
2017-06-12 14:32:49.371  INFO 69160 --- [main] s.d.spring.web.OperationsKeyGenerator    : Cache key generated: /confirmSZHD.org.spring.springboot.controller.T_s_o2oCtrl.confirmSZHD.DefaultGenericTypeNamingStrategy
2017-06-12 14:32:49.371  INFO 69160 --- [main] s.d.spring.web.caching.CachingAspect     : Caching aspect applied for cache operations with key /confirmSZHD.org.spring.springboot.controller.T_s_o2oCtrl.confirmSZHD.DefaultGenericTypeNamingStrategy
2017-06-12 14:32:49.388  INFO 69160 --- [main] s.w.ClassOrApiAnnotationResourceGrouping : Group for method confirmSZHD was t-_s-_o-2o-ctrl
2017-06-12 14:32:49.396  INFO 69160 --- [main] s.w.ClassOrApiAnnotationResourceGrouping : Group for method confirmSZHD was t-_s-_o-2o-ctrl
2017-06-12 14:32:49.414  INFO 69160 --- [main] s.d.schema.ModelContextKeyGenerator      : Cache Key Generated: net.sf.json.JSON(true)
2017-06-12 14:32:49.415  INFO 69160 --- [main] s.d.spring.web.caching.CachingAspect     : Caching aspect applied for cache models with key net.sf.json.JSON(true)
2017-06-12 14:32:49.415  INFO 69160 --- [main] s.d.schema.ModelContextKeyGenerator      : Cache Key Generated: net.sf.json.JSON(true)
2017-06-12 14:32:49.415  INFO 69160 --- [main] s.d.spring.web.caching.CachingAspect     : Caching aspect applied for cache modelDependencies with key net.sf.json.JSON(true)
2017-06-12 14:32:49.415  INFO 69160 --- [main] s.d.spring.web.OperationsKeyGenerator    : Cache key generated: /ee_u_applynotifylist.org.spring.springboot.controller.T_s_o2oCtrl.ee_u_applynotifylist.DefaultGenericTypeNamingStrategy
2017-06-12 14:32:49.415  INFO 69160 --- [main] s.d.spring.web.caching.CachingAspect     : Caching aspect applied for cache operations with key /ee_u_applynotifylist.org.spring.springboot.controller.T_s_o2oCtrl.ee_u_applynotifylist.DefaultGenericTypeNamingStrategy
2017-06-12 14:32:49.433  INFO 69160 --- [main] s.w.ClassOrApiAnnotationResourceGrouping : Group for method ee_u_applynotifylist was t-_s-_o-2o-ctrl
2017-06-12 14:32:49.445  INFO 69160 --- [main] s.w.ClassOrApiAnnotationResourceGrouping : Group for method ee_u_applynotifylist was t-_s-_o-2o-ctrl
2017-06-12 14:32:49.464  INFO 69160 --- [main] s.d.schema.ModelContextKeyGenerator      : Cache Key Generated: net.sf.json.JSON(true)
2017-06-12 14:32:49.464  INFO 69160 --- [main] s.d.spring.web.caching.CachingAspect     : Caching aspect applied for cache models with key net.sf.json.JSON(true)
2017-06-12 14:32:49.465  INFO 69160 --- [main] s.d.schema.ModelContextKeyGenerator      : Cache Key Generated: net.sf.json.JSON(true)
2017-06-12 14:32:49.465  INFO 69160 --- [main] s.d.spring.web.caching.CachingAspect     : Caching aspect applied for cache modelDependencies with key net.sf.json.JSON(true)
2017-06-12 14:32:49.466  INFO 69160 --- [main] s.d.spring.web.OperationsKeyGenerator    : Cache key generated: /ee_u_progress.org.spring.springboot.controller.T_s_o2oCtrl.ee_u_progress.DefaultGenericTypeNamingStrategy
2017-06-12 14:32:49.466  INFO 69160 --- [main] s.d.spring.web.caching.CachingAspect     : Caching aspect applied for cache operations with key /ee_u_progress.org.spring.springboot.controller.T_s_o2oCtrl.ee_u_progress.DefaultGenericTypeNamingStrategy
2017-06-12 14:32:49.480  INFO 69160 --- [main] s.w.ClassOrApiAnnotationResourceGrouping : Group for method ee_u_progress was t-_s-_o-2o-ctrl
2017-06-12 14:32:49.489  INFO 69160 --- [main] s.w.ClassOrApiAnnotationResourceGrouping : Group for method ee_u_progress was t-_s-_o-2o-ctrl
2017-06-12 14:32:49.505  INFO 69160 --- [main] s.d.schema.ModelContextKeyGenerator      : Cache Key Generated: net.sf.json.JSONObject(true)
2017-06-12 14:32:49.505  INFO 69160 --- [main] s.d.spring.web.caching.CachingAspect     : Caching aspect applied for cache models with key net.sf.json.JSONObject(true)
2017-06-12 14:32:49.505  INFO 69160 --- [main] s.d.schema.ModelContextKeyGenerator      : Cache Key Generated: net.sf.json.JSONObject(true)
2017-06-12 14:32:49.505  INFO 69160 --- [main] s.d.spring.web.caching.CachingAspect     : Caching aspect applied for cache modelDependencies with key net.sf.json.JSONObject(true)
2017-06-12 14:32:49.506  INFO 69160 --- [main] s.d.s.p.ModelPropertiesKeyGenerator      : Cache key generated: net.sf.json.JSONObject(true)
2017-06-12 14:32:49.506  INFO 69160 --- [main] s.d.spring.web.caching.CachingAspect     : Caching aspect applied for cache modelProperties with key net.sf.json.JSONObject(true)
2017-06-12 14:32:49.520  INFO 69160 --- [main] s.d.schema.ModelContextKeyGenerator      : Cache Key Generated: java.lang.String(false)
2017-06-12 14:32:49.520  INFO 69160 --- [main] s.d.spring.web.caching.CachingAspect     : Caching aspect applied for cache models with key java.lang.String(false)
2017-06-12 14:32:49.520  INFO 69160 --- [main] s.d.schema.ModelContextKeyGenerator      : Cache Key Generated: java.lang.String(false)
2017-06-12 14:32:49.520  INFO 69160 --- [main] s.d.spring.web.caching.CachingAspect     : Caching aspect applied for cache modelDependencies with key java.lang.String(false)
2017-06-12 14:32:49.520  INFO 69160 --- [main] s.d.spring.web.OperationsKeyGenerator    : Cache key generated: /page/insertYCM.do.org.spring.springboot.controller.T_s_o2oCtrl.insertYCM.DefaultGenericTypeNamingStrategy
2017-06-12 14:32:49.521  INFO 69160 --- [main] s.d.spring.web.caching.CachingAspect     : Caching aspect applied for cache operations with key /page/insertYCM.do.org.spring.springboot.controller.T_s_o2oCtrl.insertYCM.DefaultGenericTypeNamingStrategy
2017-06-12 14:32:49.535  INFO 69160 --- [main] s.w.ClassOrApiAnnotationResourceGrouping : Group for method insertYCM was t-_s-_o-2o-ctrl
2017-06-12 14:32:49.543  INFO 69160 --- [main] s.w.ClassOrApiAnnotationResourceGrouping : Group for method insertYCM was t-_s-_o-2o-ctrl
2017-06-12 14:32:49.559  INFO 69160 --- [main] s.d.schema.ModelContextKeyGenerator      : Cache Key Generated: net.sf.json.JSON(true)
2017-06-12 14:32:49.560  INFO 69160 --- [main] s.d.spring.web.caching.CachingAspect     : Caching aspect applied for cache models with key net.sf.json.JSON(true)
2017-06-12 14:32:49.560  INFO 69160 --- [main] s.d.schema.ModelContextKeyGenerator      : Cache Key Generated: net.sf.json.JSON(true)
2017-06-12 14:32:49.561  INFO 69160 --- [main] s.d.spring.web.caching.CachingAspect     : Caching aspect applied for cache modelDependencies with key net.sf.json.JSON(true)
2017-06-12 14:32:49.561  INFO 69160 --- [main] s.d.spring.web.OperationsKeyGenerator    : Cache key generated: /ee_u_applynotify.org.spring.springboot.controller.T_s_o2oCtrl.serchAllowNotice.DefaultGenericTypeNamingStrategy
2017-06-12 14:32:49.561  INFO 69160 --- [main] s.d.spring.web.caching.CachingAspect     : Caching aspect applied for cache operations with key /ee_u_applynotify.org.spring.springboot.controller.T_s_o2oCtrl.serchAllowNotice.DefaultGenericTypeNamingStrategy
2017-06-12 14:32:49.584  INFO 69160 --- [main] s.w.ClassOrApiAnnotationResourceGrouping : Group for method serchAllowNotice was t-_s-_o-2o-ctrl
2017-06-12 14:32:49.594  INFO 69160 --- [main] s.w.ClassOrApiAnnotationResourceGrouping : Group for method serchAllowNotice was t-_s-_o-2o-ctrl
2017-06-12 14:32:49.612  INFO 69160 --- [main] s.d.schema.ModelContextKeyGenerator      : Cache Key Generated: net.sf.json.JSON(true)
2017-06-12 14:32:49.613  INFO 69160 --- [main] s.d.spring.web.caching.CachingAspect     : Caching aspect applied for cache models with key net.sf.json.JSON(true)
2017-06-12 14:32:49.613  INFO 69160 --- [main] s.d.schema.ModelContextKeyGenerator      : Cache Key Generated: net.sf.json.JSON(true)
2017-06-12 14:32:49.613  INFO 69160 --- [main] s.d.spring.web.caching.CachingAspect     : Caching aspect applied for cache modelDependencies with key net.sf.json.JSON(true)
2017-06-12 14:32:49.614  INFO 69160 --- [main] s.d.spring.web.OperationsKeyGenerator    : Cache key generated: /serchCompany.org.spring.springboot.controller.T_s_o2oCtrl.serchCompany.DefaultGenericTypeNamingStrategy
2017-06-12 14:32:49.614  INFO 69160 --- [main] s.d.spring.web.caching.CachingAspect     : Caching aspect applied for cache operations with key /serchCompany.org.spring.springboot.controller.T_s_o2oCtrl.serchCompany.DefaultGenericTypeNamingStrategy
2017-06-12 14:32:49.636  INFO 69160 --- [main] s.w.ClassOrApiAnnotationResourceGrouping : Group for method serchCompany was t-_s-_o-2o-ctrl
2017-06-12 14:32:49.645  INFO 69160 --- [main] s.w.ClassOrApiAnnotationResourceGrouping : Group for method serchCompany was t-_s-_o-2o-ctrl
2017-06-12 14:32:49.670  INFO 69160 --- [main] s.d.schema.ModelContextKeyGenerator      : Cache Key Generated: net.sf.json.JSON(true)
2017-06-12 14:32:49.670  INFO 69160 --- [main] s.d.spring.web.caching.CachingAspect     : Caching aspect applied for cache models with key net.sf.json.JSON(true)
2017-06-12 14:32:49.670  INFO 69160 --- [main] s.d.schema.ModelContextKeyGenerator      : Cache Key Generated: net.sf.json.JSON(true)
2017-06-12 14:32:49.671  INFO 69160 --- [main] s.d.spring.web.caching.CachingAspect     : Caching aspect applied for cache modelDependencies with key net.sf.json.JSON(true)
2017-06-12 14:32:49.671  INFO 69160 --- [main] s.d.spring.web.OperationsKeyGenerator    : Cache key generated: /serchCompanyAdmin.org.spring.springboot.controller.T_s_o2oCtrl.serchCompanyAdmin.DefaultGenericTypeNamingStrategy
2017-06-12 14:32:49.671  INFO 69160 --- [main] s.d.spring.web.caching.CachingAspect     : Caching aspect applied for cache operations with key /serchCompanyAdmin.org.spring.springboot.controller.T_s_o2oCtrl.serchCompanyAdmin.DefaultGenericTypeNamingStrategy
2017-06-12 14:32:49.700  INFO 69160 --- [main] s.w.ClassOrApiAnnotationResourceGrouping : Group for method serchCompanyAdmin was t-_s-_o-2o-ctrl
2017-06-12 14:32:49.708  INFO 69160 --- [main] s.w.ClassOrApiAnnotationResourceGrouping : Group for method serchCompanyAdmin was t-_s-_o-2o-ctrl
2017-06-12 14:32:49.723  INFO 69160 --- [main] s.d.schema.ModelContextKeyGenerator      : Cache Key Generated: net.sf.json.JSON(true)
2017-06-12 14:32:49.723  INFO 69160 --- [main] s.d.spring.web.caching.CachingAspect     : Caching aspect applied for cache models with key net.sf.json.JSON(true)
2017-06-12 14:32:49.724  INFO 69160 --- [main] s.d.schema.ModelContextKeyGenerator      : Cache Key Generated: net.sf.json.JSON(true)
2017-06-12 14:32:49.724  INFO 69160 --- [main] s.d.spring.web.caching.CachingAspect     : Caching aspect applied for cache modelDependencies with key net.sf.json.JSON(true)
2017-06-12 14:32:49.724  INFO 69160 --- [main] s.d.spring.web.OperationsKeyGenerator    : Cache key generated: /serchCompanyList.org.spring.springboot.controller.T_s_o2oCtrl.serchCompanyList.DefaultGenericTypeNamingStrategy
2017-06-12 14:32:49.724  INFO 69160 --- [main] s.d.spring.web.caching.CachingAspect     : Caching aspect applied for cache operations with key /serchCompanyList.org.spring.springboot.controller.T_s_o2oCtrl.serchCompanyList.DefaultGenericTypeNamingStrategy
2017-06-12 14:32:49.746  INFO 69160 --- [main] s.w.ClassOrApiAnnotationResourceGrouping : Group for method serchCompanyList was t-_s-_o-2o-ctrl
2017-06-12 14:32:49.754  INFO 69160 --- [main] s.w.ClassOrApiAnnotationResourceGrouping : Group for method serchCompanyList was t-_s-_o-2o-ctrl
2017-06-12 14:32:49.771  INFO 69160 --- [main] s.d.schema.ModelContextKeyGenerator      : Cache Key Generated: java.lang.Object(true)
2017-06-12 14:32:49.771  INFO 69160 --- [main] s.d.spring.web.caching.CachingAspect     : Caching aspect applied for cache models with key java.lang.Object(true)
2017-06-12 14:32:49.772  INFO 69160 --- [main] s.d.schema.ModelContextKeyGenerator      : Cache Key Generated: java.lang.Object(true)
2017-06-12 14:32:49.772  INFO 69160 --- [main] s.d.spring.web.caching.CachingAspect     : Caching aspect applied for cache modelDependencies with key java.lang.Object(true)
2017-06-12 14:32:49.772  INFO 69160 --- [main] s.d.spring.web.OperationsKeyGenerator    : Cache key generated: /serchMQList.org.spring.springboot.controller.T_s_o2oCtrl.serchMQList.DefaultGenericTypeNamingStrategy
2017-06-12 14:32:49.773  INFO 69160 --- [main] s.d.spring.web.caching.CachingAspect     : Caching aspect applied for cache operations with key /serchMQList.org.spring.springboot.controller.T_s_o2oCtrl.serchMQList.DefaultGenericTypeNamingStrategy
2017-06-12 14:32:49.794  INFO 69160 --- [main] s.w.ClassOrApiAnnotationResourceGrouping : Group for method serchMQList was t-_s-_o-2o-ctrl
2017-06-12 14:32:49.802  INFO 69160 --- [main] s.w.ClassOrApiAnnotationResourceGrouping : Group for method serchMQList was t-_s-_o-2o-ctrl
2017-06-12 14:32:49.817  INFO 69160 --- [main] s.d.schema.ModelContextKeyGenerator      : Cache Key Generated: java.lang.Object(true)
2017-06-12 14:32:49.817  INFO 69160 --- [main] s.d.spring.web.caching.CachingAspect     : Caching aspect applied for cache models with key java.lang.Object(true)
2017-06-12 14:32:49.817  INFO 69160 --- [main] s.d.schema.ModelContextKeyGenerator      : Cache Key Generated: java.lang.Object(true)
2017-06-12 14:32:49.817  INFO 69160 --- [main] s.d.spring.web.caching.CachingAspect     : Caching aspect applied for cache modelDependencies with key java.lang.Object(true)
2017-06-12 14:32:49.818  INFO 69160 --- [main] s.d.spring.web.OperationsKeyGenerator    : Cache key generated: /serchSZHDList.org.spring.springboot.controller.T_s_o2oCtrl.serchSZHDList.DefaultGenericTypeNamingStrategy
2017-06-12 14:32:49.818  INFO 69160 --- [main] s.d.spring.web.caching.CachingAspect     : Caching aspect applied for cache operations with key /serchSZHDList.org.spring.springboot.controller.T_s_o2oCtrl.serchSZHDList.DefaultGenericTypeNamingStrategy
2017-06-12 14:32:49.833  INFO 69160 --- [main] s.w.ClassOrApiAnnotationResourceGrouping : Group for method serchSZHDList was t-_s-_o-2o-ctrl
2017-06-12 14:32:49.842  INFO 69160 --- [main] s.w.ClassOrApiAnnotationResourceGrouping : Group for method serchSZHDList was t-_s-_o-2o-ctrl
2017-06-12 14:32:49.858  INFO 69160 --- [main] s.d.schema.ModelContextKeyGenerator      : Cache Key Generated: net.sf.json.JSON(true)
2017-06-12 14:32:49.858  INFO 69160 --- [main] s.d.spring.web.caching.CachingAspect     : Caching aspect applied for cache models with key net.sf.json.JSON(true)
2017-06-12 14:32:49.858  INFO 69160 --- [main] s.d.schema.ModelContextKeyGenerator      : Cache Key Generated: net.sf.json.JSON(true)
2017-06-12 14:32:49.859  INFO 69160 --- [main] s.d.spring.web.caching.CachingAspect     : Caching aspect applied for cache modelDependencies with key net.sf.json.JSON(true)
2017-06-12 14:32:49.859  INFO 69160 --- [main] s.d.spring.web.OperationsKeyGenerator    : Cache key generated: /serchStatus.org.spring.springboot.controller.T_s_o2oCtrl.serchStatus.DefaultGenericTypeNamingStrategy
2017-06-12 14:32:49.860  INFO 69160 --- [main] s.d.spring.web.caching.CachingAspect     : Caching aspect applied for cache operations with key /serchStatus.org.spring.springboot.controller.T_s_o2oCtrl.serchStatus.DefaultGenericTypeNamingStrategy
2017-06-12 14:32:49.882  INFO 69160 --- [main] s.w.ClassOrApiAnnotationResourceGrouping : Group for method serchStatus was t-_s-_o-2o-ctrl
2017-06-12 14:32:49.891  INFO 69160 --- [main] s.w.ClassOrApiAnnotationResourceGrouping : Group for method serchStatus was t-_s-_o-2o-ctrl
2017-06-12 14:32:49.906  INFO 69160 --- [main] s.d.schema.ModelContextKeyGenerator      : Cache Key Generated: net.sf.json.JSON(true)
2017-06-12 14:32:49.906  INFO 69160 --- [main] s.d.spring.web.caching.CachingAspect     : Caching aspect applied for cache models with key net.sf.json.JSON(true)
2017-06-12 14:32:49.907  INFO 69160 --- [main] s.d.schema.ModelContextKeyGenerator      : Cache Key Generated: net.sf.json.JSON(true)
2017-06-12 14:32:49.907  INFO 69160 --- [main] s.d.spring.web.caching.CachingAspect     : Caching aspect applied for cache modelDependencies with key net.sf.json.JSON(true)
2017-06-12 14:32:49.907  INFO 69160 --- [main] s.d.spring.web.OperationsKeyGenerator    : Cache key generated: /serchYCM.org.spring.springboot.controller.T_s_o2oCtrl.serchYCM.DefaultGenericTypeNamingStrategy
2017-06-12 14:32:49.907  INFO 69160 --- [main] s.d.spring.web.caching.CachingAspect     : Caching aspect applied for cache operations with key /serchYCM.org.spring.springboot.controller.T_s_o2oCtrl.serchYCM.DefaultGenericTypeNamingStrategy
2017-06-12 14:32:49.923  INFO 69160 --- [main] s.w.ClassOrApiAnnotationResourceGrouping : Group for method serchYCM was t-_s-_o-2o-ctrl
2017-06-12 14:32:49.931  INFO 69160 --- [main] s.w.ClassOrApiAnnotationResourceGrouping : Group for method serchYCM was t-_s-_o-2o-ctrl
2017-06-12 14:32:49.946  INFO 69160 --- [main] s.d.schema.ModelContextKeyGenerator      : Cache Key Generated: net.sf.json.JSON(true)
2017-06-12 14:32:49.947  INFO 69160 --- [main] s.d.spring.web.caching.CachingAspect     : Caching aspect applied for cache models with key net.sf.json.JSON(true)
2017-06-12 14:32:49.947  INFO 69160 --- [main] s.d.schema.ModelContextKeyGenerator      : Cache Key Generated: net.sf.json.JSON(true)
2017-06-12 14:32:49.947  INFO 69160 --- [main] s.d.spring.web.caching.CachingAspect     : Caching aspect applied for cache modelDependencies with key net.sf.json.JSON(true)
2017-06-12 14:32:49.947  INFO 69160 --- [main] s.d.spring.web.OperationsKeyGenerator    : Cache key generated: /serchYCMList.org.spring.springboot.controller.T_s_o2oCtrl.serchYCMList.DefaultGenericTypeNamingStrategy
2017-06-12 14:32:49.948  INFO 69160 --- [main] s.d.spring.web.caching.CachingAspect     : Caching aspect applied for cache operations with key /serchYCMList.org.spring.springboot.controller.T_s_o2oCtrl.serchYCMList.DefaultGenericTypeNamingStrategy
2017-06-12 14:32:49.973  INFO 69160 --- [main] s.w.ClassOrApiAnnotationResourceGrouping : Group for method serchYCMList was t-_s-_o-2o-ctrl
2017-06-12 14:32:49.981  INFO 69160 --- [main] s.w.ClassOrApiAnnotationResourceGrouping : Group for method serchYCMList was t-_s-_o-2o-ctrl
2017-06-12 14:32:49.997  INFO 69160 --- [main] s.d.schema.ModelContextKeyGenerator      : Cache Key Generated: net.sf.json.JSON(true)
2017-06-12 14:32:49.997  INFO 69160 --- [main] s.d.spring.web.caching.CachingAspect     : Caching aspect applied for cache models with key net.sf.json.JSON(true)
2017-06-12 14:32:49.998  INFO 69160 --- [main] s.d.schema.ModelContextKeyGenerator      : Cache Key Generated: net.sf.json.JSON(true)
2017-06-12 14:32:49.998  INFO 69160 --- [main] s.d.spring.web.caching.CachingAspect     : Caching aspect applied for cache modelDependencies with key net.sf.json.JSON(true)
2017-06-12 14:32:49.998  INFO 69160 --- [main] s.d.spring.web.OperationsKeyGenerator    : Cache key generated: /serchYHKH.org.spring.springboot.controller.T_s_o2oCtrl.serchYHKH.DefaultGenericTypeNamingStrategy
2017-06-12 14:32:49.998  INFO 69160 --- [main] s.d.spring.web.caching.CachingAspect     : Caching aspect applied for cache operations with key /serchYHKH.org.spring.springboot.controller.T_s_o2oCtrl.serchYHKH.DefaultGenericTypeNamingStrategy
2017-06-12 14:32:50.017  INFO 69160 --- [main] s.w.ClassOrApiAnnotationResourceGrouping : Group for method serchYHKH was t-_s-_o-2o-ctrl
2017-06-12 14:32:50.029  INFO 69160 --- [main] s.w.ClassOrApiAnnotationResourceGrouping : Group for method serchYHKH was t-_s-_o-2o-ctrl
2017-06-12 14:32:50.053  INFO 69160 --- [main] s.d.schema.ModelContextKeyGenerator      : Cache Key Generated: java.lang.Object(true)
2017-06-12 14:32:50.053  INFO 69160 --- [main] s.d.spring.web.caching.CachingAspect     : Caching aspect applied for cache models with key java.lang.Object(true)
2017-06-12 14:32:50.054  INFO 69160 --- [main] s.d.schema.ModelContextKeyGenerator      : Cache Key Generated: java.lang.Object(true)
2017-06-12 14:32:50.054  INFO 69160 --- [main] s.d.spring.web.caching.CachingAspect     : Caching aspect applied for cache modelDependencies with key java.lang.Object(true)
2017-06-12 14:32:50.054  INFO 69160 --- [main] s.d.spring.web.OperationsKeyGenerator    : Cache key generated: /serchYHKHList.org.spring.springboot.controller.T_s_o2oCtrl.serchYHKHList.DefaultGenericTypeNamingStrategy
2017-06-12 14:32:50.054  INFO 69160 --- [main] s.d.spring.web.caching.CachingAspect     : Caching aspect applied for cache operations with key /serchYHKHList.org.spring.springboot.controller.T_s_o2oCtrl.serchYHKHList.DefaultGenericTypeNamingStrategy
2017-06-12 14:32:50.073  INFO 69160 --- [main] s.w.ClassOrApiAnnotationResourceGrouping : Group for method serchYHKHList was t-_s-_o-2o-ctrl
2017-06-12 14:32:50.081  INFO 69160 --- [main] s.w.ClassOrApiAnnotationResourceGrouping : Group for method serchYHKHList was t-_s-_o-2o-ctrl
2017-06-12 14:32:50.102  INFO 69160 --- [main] s.d.schema.ModelContextKeyGenerator      : Cache Key Generated: net.sf.json.JSON(true)
2017-06-12 14:32:50.103  INFO 69160 --- [main] s.d.spring.web.caching.CachingAspect     : Caching aspect applied for cache models with key net.sf.json.JSON(true)
2017-06-12 14:32:50.103  INFO 69160 --- [main] s.d.schema.ModelContextKeyGenerator      : Cache Key Generated: net.sf.json.JSON(true)
2017-06-12 14:32:50.103  INFO 69160 --- [main] s.d.spring.web.caching.CachingAspect     : Caching aspect applied for cache modelDependencies with key net.sf.json.JSON(true)
2017-06-12 14:32:50.104  INFO 69160 --- [main] s.d.spring.web.OperationsKeyGenerator    : Cache key generated: /serchZZFF.org.spring.springboot.controller.T_s_o2oCtrl.serchZZFF.DefaultGenericTypeNamingStrategy
2017-06-12 14:32:50.104  INFO 69160 --- [main] s.d.spring.web.caching.CachingAspect     : Caching aspect applied for cache operations with key /serchZZFF.org.spring.springboot.controller.T_s_o2oCtrl.serchZZFF.DefaultGenericTypeNamingStrategy
2017-06-12 14:32:50.125  INFO 69160 --- [main] s.w.ClassOrApiAnnotationResourceGrouping : Group for method serchZZFF was t-_s-_o-2o-ctrl
2017-06-12 14:32:50.133  INFO 69160 --- [main] s.w.ClassOrApiAnnotationResourceGrouping : Group for method serchZZFF was t-_s-_o-2o-ctrl
2017-06-12 14:32:50.149  INFO 69160 --- [main] s.d.schema.ModelContextKeyGenerator      : Cache Key Generated: java.lang.Object(true)
2017-06-12 14:32:50.150  INFO 69160 --- [main] s.d.spring.web.caching.CachingAspect     : Caching aspect applied for cache models with key java.lang.Object(true)
2017-06-12 14:32:50.150  INFO 69160 --- [main] s.d.schema.ModelContextKeyGenerator      : Cache Key Generated: java.lang.Object(true)
2017-06-12 14:32:50.150  INFO 69160 --- [main] s.d.spring.web.caching.CachingAspect     : Caching aspect applied for cache modelDependencies with key java.lang.Object(true)
2017-06-12 14:32:50.150  INFO 69160 --- [main] s.d.spring.web.OperationsKeyGenerator    : Cache key generated: /serchZZFFList.org.spring.springboot.controller.T_s_o2oCtrl.serchZZFFList.DefaultGenericTypeNamingStrategy
2017-06-12 14:32:50.150  INFO 69160 --- [main] s.d.spring.web.caching.CachingAspect     : Caching aspect applied for cache operations with key /serchZZFFList.org.spring.springboot.controller.T_s_o2oCtrl.serchZZFFList.DefaultGenericTypeNamingStrategy
2017-06-12 14:32:50.168  INFO 69160 --- [main] s.w.ClassOrApiAnnotationResourceGrouping : Group for method serchZZFFList was t-_s-_o-2o-ctrl
2017-06-12 14:32:50.181  INFO 69160 --- [main] s.w.ClassOrApiAnnotationResourceGrouping : Group for method serchZZFFList was t-_s-_o-2o-ctrl
2017-06-12 14:32:50.198  INFO 69160 --- [main] s.d.schema.ModelContextKeyGenerator      : Cache Key Generated: net.sf.json.JSON(true)
2017-06-12 14:32:50.199  INFO 69160 --- [main] s.d.spring.web.caching.CachingAspect     : Caching aspect applied for cache models with key net.sf.json.JSON(true)
2017-06-12 14:32:50.199  INFO 69160 --- [main] s.d.schema.ModelContextKeyGenerator      : Cache Key Generated: net.sf.json.JSON(true)
2017-06-12 14:32:50.199  INFO 69160 --- [main] s.d.spring.web.caching.CachingAspect     : Caching aspect applied for cache modelDependencies with key net.sf.json.JSON(true)
2017-06-12 14:32:50.199  INFO 69160 --- [main] s.d.spring.web.OperationsKeyGenerator    : Cache key generated: /startMQ.org.spring.springboot.controller.T_s_o2oCtrl.startMQ.DefaultGenericTypeNamingStrategy
2017-06-12 14:32:50.199  INFO 69160 --- [main] s.d.spring.web.caching.CachingAspect     : Caching aspect applied for cache operations with key /startMQ.org.spring.springboot.controller.T_s_o2oCtrl.startMQ.DefaultGenericTypeNamingStrategy
2017-06-12 14:32:50.228  INFO 69160 --- [main] s.w.ClassOrApiAnnotationResourceGrouping : Group for method startMQ was t-_s-_o-2o-ctrl
2017-06-12 14:32:50.236  INFO 69160 --- [main] s.w.ClassOrApiAnnotationResourceGrouping : Group for method startMQ was t-_s-_o-2o-ctrl
2017-06-12 14:32:50.249  INFO 69160 --- [main] s.d.schema.ModelContextKeyGenerator      : Cache Key Generated: int(true)
2017-06-12 14:32:50.249  INFO 69160 --- [main] s.d.spring.web.caching.CachingAspect     : Caching aspect applied for cache models with key int(true)
2017-06-12 14:32:50.249  INFO 69160 --- [main] s.d.schema.ModelContextKeyGenerator      : Cache Key Generated: int(true)
2017-06-12 14:32:50.249  INFO 69160 --- [main] s.d.spring.web.caching.CachingAspect     : Caching aspect applied for cache modelDependencies with key int(true)
2017-06-12 14:32:50.250  INFO 69160 --- [main] s.d.spring.web.OperationsKeyGenerator    : Cache key generated: /updateAccount_state.org.spring.springboot.controller.T_s_o2oCtrl.updateAccount_state.DefaultGenericTypeNamingStrategy
2017-06-12 14:32:50.250  INFO 69160 --- [main] s.d.spring.web.caching.CachingAspect     : Caching aspect applied for cache operations with key /updateAccount_state.org.spring.springboot.controller.T_s_o2oCtrl.updateAccount_state.DefaultGenericTypeNamingStrategy
2017-06-12 14:32:50.272  INFO 69160 --- [main] s.w.ClassOrApiAnnotationResourceGrouping : Group for method updateAccount_state was t-_s-_o-2o-ctrl
2017-06-12 14:32:50.278  INFO 69160 --- [main] s.w.ClassOrApiAnnotationResourceGrouping : Group for method updateAccount_state was t-_s-_o-2o-ctrl
2017-06-12 14:32:50.289  INFO 69160 --- [main] s.d.schema.ModelContextKeyGenerator      : Cache Key Generated: int(true)
2017-06-12 14:32:50.290  INFO 69160 --- [main] s.d.spring.web.caching.CachingAspect     : Caching aspect applied for cache models with key int(true)
2017-06-12 14:32:50.290  INFO 69160 --- [main] s.d.schema.ModelContextKeyGenerator      : Cache Key Generated: int(true)
2017-06-12 14:32:50.290  INFO 69160 --- [main] s.d.spring.web.caching.CachingAspect     : Caching aspect applied for cache modelDependencies with key int(true)
2017-06-12 14:32:50.290  INFO 69160 --- [main] s.d.spring.web.OperationsKeyGenerator    : Cache key generated: /updateAllow_pic.org.spring.springboot.controller.T_s_o2oCtrl.updateAllow_pic.DefaultGenericTypeNamingStrategy
2017-06-12 14:32:50.290  INFO 69160 --- [main] s.d.spring.web.caching.CachingAspect     : Caching aspect applied for cache operations with key /updateAllow_pic.org.spring.springboot.controller.T_s_o2oCtrl.updateAllow_pic.DefaultGenericTypeNamingStrategy
2017-06-12 14:32:50.304  INFO 69160 --- [main] s.w.ClassOrApiAnnotationResourceGrouping : Group for method updateAllow_pic was t-_s-_o-2o-ctrl
2017-06-12 14:32:50.311  INFO 69160 --- [main] s.w.ClassOrApiAnnotationResourceGrouping : Group for method updateAllow_pic was t-_s-_o-2o-ctrl
2017-06-12 14:32:50.322  INFO 69160 --- [main] s.d.schema.ModelContextKeyGenerator      : Cache Key Generated: int(true)
2017-06-12 14:32:50.322  INFO 69160 --- [main] s.d.spring.web.caching.CachingAspect     : Caching aspect applied for cache models with key int(true)
2017-06-12 14:32:50.323  INFO 69160 --- [main] s.d.schema.ModelContextKeyGenerator      : Cache Key Generated: int(true)
2017-06-12 14:32:50.323  INFO 69160 --- [main] s.d.spring.web.caching.CachingAspect     : Caching aspect applied for cache modelDependencies with key int(true)
2017-06-12 14:32:50.323  INFO 69160 --- [main] s.d.spring.web.OperationsKeyGenerator    : Cache key generated: /updateAppointment_state.org.spring.springboot.controller.T_s_o2oCtrl.updateAppointment_state.DefaultGenericTypeNamingStrategy
2017-06-12 14:32:50.323  INFO 69160 --- [main] s.d.spring.web.caching.CachingAspect     : Caching aspect applied for cache operations with key /updateAppointment_state.org.spring.springboot.controller.T_s_o2oCtrl.updateAppointment_state.DefaultGenericTypeNamingStrategy
2017-06-12 14:32:50.340  INFO 69160 --- [main] s.w.ClassOrApiAnnotationResourceGrouping : Group for method updateAppointment_state was t-_s-_o-2o-ctrl
2017-06-12 14:32:50.347  INFO 69160 --- [main] s.w.ClassOrApiAnnotationResourceGrouping : Group for method updateAppointment_state was t-_s-_o-2o-ctrl
2017-06-12 14:32:50.358  INFO 69160 --- [main] s.d.schema.ModelContextKeyGenerator      : Cache Key Generated: int(true)
2017-06-12 14:32:50.358  INFO 69160 --- [main] s.d.spring.web.caching.CachingAspect     : Caching aspect applied for cache models with key int(true)
2017-06-12 14:32:50.359  INFO 69160 --- [main] s.d.schema.ModelContextKeyGenerator      : Cache Key Generated: int(true)
2017-06-12 14:32:50.359  INFO 69160 --- [main] s.d.spring.web.caching.CachingAspect     : Caching aspect applied for cache modelDependencies with key int(true)
2017-06-12 14:32:50.359  INFO 69160 --- [main] s.d.spring.web.OperationsKeyGenerator    : Cache key generated: /updateLicense.org.spring.springboot.controller.T_s_o2oCtrl.updateLicense.DefaultGenericTypeNamingStrategy
2017-06-12 14:32:50.359  INFO 69160 --- [main] s.d.spring.web.caching.CachingAspect     : Caching aspect applied for cache operations with key /updateLicense.org.spring.springboot.controller.T_s_o2oCtrl.updateLicense.DefaultGenericTypeNamingStrategy
2017-06-12 14:32:50.388  INFO 69160 --- [main] s.w.ClassOrApiAnnotationResourceGrouping : Group for method updateLicense was t-_s-_o-2o-ctrl
2017-06-12 14:32:50.398  INFO 69160 --- [main] s.w.ClassOrApiAnnotationResourceGrouping : Group for method updateLicense was t-_s-_o-2o-ctrl
2017-06-12 14:32:50.412  INFO 69160 --- [main] s.d.schema.ModelContextKeyGenerator      : Cache Key Generated: java.util.Map<java.lang.String,java.lang.String>(true)
2017-06-12 14:32:50.412  INFO 69160 --- [main] s.d.spring.web.caching.CachingAspect     : Caching aspect applied for cache models with key java.util.Map<java.lang.String,java.lang.String>(true)
2017-06-12 14:32:50.413  INFO 69160 --- [main] s.d.schema.ModelContextKeyGenerator      : Cache Key Generated: java.util.Map<java.lang.String,java.lang.String>(true)
2017-06-12 14:32:50.413  INFO 69160 --- [main] s.d.spring.web.caching.CachingAspect     : Caching aspect applied for cache modelDependencies with key java.util.Map<java.lang.String,java.lang.String>(true)
2017-06-12 14:32:50.413  INFO 69160 --- [main] s.d.s.p.ModelPropertiesKeyGenerator      : Cache key generated: java.util.Map<java.lang.String,java.lang.String>(true)
2017-06-12 14:32:50.413  INFO 69160 --- [main] s.d.spring.web.caching.CachingAspect     : Caching aspect applied for cache modelProperties with key java.util.Map<java.lang.String,java.lang.String>(true)
2017-06-12 14:32:50.414  INFO 69160 --- [main] s.d.schema.ModelContextKeyGenerator      : Cache Key Generated: java.lang.String(false)
2017-06-12 14:32:50.414  INFO 69160 --- [main] s.d.spring.web.caching.CachingAspect     : Caching aspect applied for cache models with key java.lang.String(false)
2017-06-12 14:32:50.414  INFO 69160 --- [main] s.d.schema.ModelContextKeyGenerator      : Cache Key Generated: java.lang.String(false)
2017-06-12 14:32:50.414  INFO 69160 --- [main] s.d.spring.web.caching.CachingAspect     : Caching aspect applied for cache modelDependencies with key java.lang.String(false)
2017-06-12 14:32:50.415  INFO 69160 --- [main] s.d.spring.web.OperationsKeyGenerator    : Cache key generated: /page/updateMQ.do.org.spring.springboot.controller.T_s_o2oCtrl.updateMQ.DefaultGenericTypeNamingStrategy
2017-06-12 14:32:50.415  INFO 69160 --- [main] s.d.spring.web.caching.CachingAspect     : Caching aspect applied for cache operations with key /page/updateMQ.do.org.spring.springboot.controller.T_s_o2oCtrl.updateMQ.DefaultGenericTypeNamingStrategy
2017-06-12 14:32:50.426  INFO 69160 --- [main] s.w.ClassOrApiAnnotationResourceGrouping : Group for method updateMQ was t-_s-_o-2o-ctrl
2017-06-12 14:32:50.434  INFO 69160 --- [main] s.w.ClassOrApiAnnotationResourceGrouping : Group for method updateMQ was t-_s-_o-2o-ctrl
2017-06-12 14:32:50.446  INFO 69160 --- [main] s.d.schema.ModelContextKeyGenerator      : Cache Key Generated: java.util.Map<java.lang.String,java.lang.String>(true)
2017-06-12 14:32:50.446  INFO 69160 --- [main] s.d.spring.web.caching.CachingAspect     : Caching aspect applied for cache models with key java.util.Map<java.lang.String,java.lang.String>(true)
2017-06-12 14:32:50.446  INFO 69160 --- [main] s.d.schema.ModelContextKeyGenerator      : Cache Key Generated: java.util.Map<java.lang.String,java.lang.String>(true)
2017-06-12 14:32:50.447  INFO 69160 --- [main] s.d.spring.web.caching.CachingAspect     : Caching aspect applied for cache modelDependencies with key java.util.Map<java.lang.String,java.lang.String>(true)
2017-06-12 14:32:50.447  INFO 69160 --- [main] s.d.schema.ModelContextKeyGenerator      : Cache Key Generated: java.lang.String(false)
2017-06-12 14:32:50.447  INFO 69160 --- [main] s.d.spring.web.caching.CachingAspect     : Caching aspect applied for cache models with key java.lang.String(false)
2017-06-12 14:32:50.447  INFO 69160 --- [main] s.d.schema.ModelContextKeyGenerator      : Cache Key Generated: java.lang.String(false)
2017-06-12 14:32:50.447  INFO 69160 --- [main] s.d.spring.web.caching.CachingAspect     : Caching aspect applied for cache modelDependencies with key java.lang.String(false)
2017-06-12 14:32:50.448  INFO 69160 --- [main] s.d.spring.web.OperationsKeyGenerator    : Cache key generated: /page/updateSZHD.do.org.spring.springboot.controller.T_s_o2oCtrl.updateSZHD.DefaultGenericTypeNamingStrategy
2017-06-12 14:32:50.448  INFO 69160 --- [main] s.d.spring.web.caching.CachingAspect     : Caching aspect applied for cache operations with key /page/updateSZHD.do.org.spring.springboot.controller.T_s_o2oCtrl.updateSZHD.DefaultGenericTypeNamingStrategy
2017-06-12 14:32:50.459  INFO 69160 --- [main] s.w.ClassOrApiAnnotationResourceGrouping : Group for method updateSZHD was t-_s-_o-2o-ctrl
2017-06-12 14:32:50.465  INFO 69160 --- [main] s.w.ClassOrApiAnnotationResourceGrouping : Group for method updateSZHD was t-_s-_o-2o-ctrl
2017-06-12 14:32:50.476  INFO 69160 --- [main] s.d.schema.ModelContextKeyGenerator      : Cache Key Generated: int(true)
2017-06-12 14:32:50.476  INFO 69160 --- [main] s.d.spring.web.caching.CachingAspect     : Caching aspect applied for cache models with key int(true)
2017-06-12 14:32:50.476  INFO 69160 --- [main] s.d.schema.ModelContextKeyGenerator      : Cache Key Generated: int(true)
2017-06-12 14:32:50.476  INFO 69160 --- [main] s.d.spring.web.caching.CachingAspect     : Caching aspect applied for cache modelDependencies with key int(true)
2017-06-12 14:32:50.477  INFO 69160 --- [main] s.d.spring.web.OperationsKeyGenerator    : Cache key generated: /updateSZHD_state.org.spring.springboot.controller.T_s_o2oCtrl.updateSZHD_state.DefaultGenericTypeNamingStrategy
2017-06-12 14:32:50.477  INFO 69160 --- [main] s.d.spring.web.caching.CachingAspect     : Caching aspect applied for cache operations with key /updateSZHD_state.org.spring.springboot.controller.T_s_o2oCtrl.updateSZHD_state.DefaultGenericTypeNamingStrategy
2017-06-12 14:32:50.495  INFO 69160 --- [main] s.w.ClassOrApiAnnotationResourceGrouping : Group for method updateSZHD_state was t-_s-_o-2o-ctrl
2017-06-12 14:32:50.501  INFO 69160 --- [main] s.w.ClassOrApiAnnotationResourceGrouping : Group for method updateSZHD_state was t-_s-_o-2o-ctrl
2017-06-12 14:32:50.512  INFO 69160 --- [main] s.d.schema.ModelContextKeyGenerator      : Cache Key Generated: net.sf.json.JSON(true)
2017-06-12 14:32:50.513  INFO 69160 --- [main] s.d.spring.web.caching.CachingAspect     : Caching aspect applied for cache models with key net.sf.json.JSON(true)
2017-06-12 14:32:50.513  INFO 69160 --- [main] s.d.schema.ModelContextKeyGenerator      : Cache Key Generated: net.sf.json.JSON(true)
2017-06-12 14:32:50.513  INFO 69160 --- [main] s.d.spring.web.caching.CachingAspect     : Caching aspect applied for cache modelDependencies with key net.sf.json.JSON(true)
2017-06-12 14:32:50.513  INFO 69160 --- [main] s.d.spring.web.OperationsKeyGenerator    : Cache key generated: /updateStartSZHD.org.spring.springboot.controller.T_s_o2oCtrl.updateStartSZHD.DefaultGenericTypeNamingStrategy
2017-06-12 14:32:50.513  INFO 69160 --- [main] s.d.spring.web.caching.CachingAspect     : Caching aspect applied for cache operations with key /updateStartSZHD.org.spring.springboot.controller.T_s_o2oCtrl.updateStartSZHD.DefaultGenericTypeNamingStrategy
2017-06-12 14:32:50.532  INFO 69160 --- [main] s.w.ClassOrApiAnnotationResourceGrouping : Group for method updateStartSZHD was t-_s-_o-2o-ctrl
2017-06-12 14:32:50.539  INFO 69160 --- [main] s.w.ClassOrApiAnnotationResourceGrouping : Group for method updateStartSZHD was t-_s-_o-2o-ctrl
2017-06-12 14:32:50.553  INFO 69160 --- [main] s.d.schema.ModelContextKeyGenerator      : Cache Key Generated: java.util.Map<java.lang.String,java.lang.String>(true)
2017-06-12 14:32:50.554  INFO 69160 --- [main] s.d.spring.web.caching.CachingAspect     : Caching aspect applied for cache models with key java.util.Map<java.lang.String,java.lang.String>(true)
2017-06-12 14:32:50.554  INFO 69160 --- [main] s.d.schema.ModelContextKeyGenerator      : Cache Key Generated: java.util.Map<java.lang.String,java.lang.String>(true)
2017-06-12 14:32:50.554  INFO 69160 --- [main] s.d.spring.web.caching.CachingAspect     : Caching aspect applied for cache modelDependencies with key java.util.Map<java.lang.String,java.lang.String>(true)
2017-06-12 14:32:50.555  INFO 69160 --- [main] s.d.schema.ModelContextKeyGenerator      : Cache Key Generated: java.lang.String(false)
2017-06-12 14:32:50.555  INFO 69160 --- [main] s.d.spring.web.caching.CachingAspect     : Caching aspect applied for cache models with key java.lang.String(false)
2017-06-12 14:32:50.555  INFO 69160 --- [main] s.d.schema.ModelContextKeyGenerator      : Cache Key Generated: java.lang.String(false)
2017-06-12 14:32:50.555  INFO 69160 --- [main] s.d.spring.web.caching.CachingAspect     : Caching aspect applied for cache modelDependencies with key java.lang.String(false)
2017-06-12 14:32:50.556  INFO 69160 --- [main] s.d.spring.web.OperationsKeyGenerator    : Cache key generated: /page/updateYHKH.do.org.spring.springboot.controller.T_s_o2oCtrl.updateYHKH.DefaultGenericTypeNamingStrategy
2017-06-12 14:32:50.556  INFO 69160 --- [main] s.d.spring.web.caching.CachingAspect     : Caching aspect applied for cache operations with key /page/updateYHKH.do.org.spring.springboot.controller.T_s_o2oCtrl.updateYHKH.DefaultGenericTypeNamingStrategy
2017-06-12 14:32:50.568  INFO 69160 --- [main] s.w.ClassOrApiAnnotationResourceGrouping : Group for method updateYHKH was t-_s-_o-2o-ctrl
2017-06-12 14:32:50.575  INFO 69160 --- [main] s.w.ClassOrApiAnnotationResourceGrouping : Group for method updateYHKH was t-_s-_o-2o-ctrl
2017-06-12 14:32:50.591  INFO 69160 --- [main] s.d.schema.ModelContextKeyGenerator      : Cache Key Generated: java.util.Map<java.lang.String,java.lang.String>(true)
2017-06-12 14:32:50.592  INFO 69160 --- [main] s.d.spring.web.caching.CachingAspect     : Caching aspect applied for cache models with key java.util.Map<java.lang.String,java.lang.String>(true)
2017-06-12 14:32:50.592  INFO 69160 --- [main] s.d.schema.ModelContextKeyGenerator      : Cache Key Generated: java.util.Map<java.lang.String,java.lang.String>(true)
2017-06-12 14:32:50.592  INFO 69160 --- [main] s.d.spring.web.caching.CachingAspect     : Caching aspect applied for cache modelDependencies with key java.util.Map<java.lang.String,java.lang.String>(true)
2017-06-12 14:32:50.593  INFO 69160 --- [main] s.d.schema.ModelContextKeyGenerator      : Cache Key Generated: java.lang.String(false)
2017-06-12 14:32:50.593  INFO 69160 --- [main] s.d.spring.web.caching.CachingAspect     : Caching aspect applied for cache models with key java.lang.String(false)
2017-06-12 14:32:50.593  INFO 69160 --- [main] s.d.schema.ModelContextKeyGenerator      : Cache Key Generated: java.lang.String(false)
2017-06-12 14:32:50.594  INFO 69160 --- [main] s.d.spring.web.caching.CachingAspect     : Caching aspect applied for cache modelDependencies with key java.lang.String(false)
2017-06-12 14:32:50.594  INFO 69160 --- [main] s.d.spring.web.OperationsKeyGenerator    : Cache key generated: /page/updateZZFF.do.org.spring.springboot.controller.T_s_o2oCtrl.updateZZFF.DefaultGenericTypeNamingStrategy
2017-06-12 14:32:50.594  INFO 69160 --- [main] s.d.spring.web.caching.CachingAspect     : Caching aspect applied for cache operations with key /page/updateZZFF.do.org.spring.springboot.controller.T_s_o2oCtrl.updateZZFF.DefaultGenericTypeNamingStrategy
2017-06-12 14:32:50.605  INFO 69160 --- [main] s.w.ClassOrApiAnnotationResourceGrouping : Group for method updateZZFF was t-_s-_o-2o-ctrl
2017-06-12 14:32:50.613  INFO 69160 --- [main] s.w.ClassOrApiAnnotationResourceGrouping : Group for method updateZZFF was t-_s-_o-2o-ctrl
2017-06-12 14:32:50.621  INFO 69160 --- [main] s.d.schema.ModelContextKeyGenerator      : Cache Key Generated: int(true)
2017-06-12 14:32:50.622  INFO 69160 --- [main] s.d.spring.web.caching.CachingAspect     : Caching aspect applied for cache models with key int(true)
2017-06-12 14:32:50.622  INFO 69160 --- [main] s.d.schema.ModelContextKeyGenerator      : Cache Key Generated: int(true)
2017-06-12 14:32:50.622  INFO 69160 --- [main] s.d.spring.web.caching.CachingAspect     : Caching aspect applied for cache modelDependencies with key int(true)
2017-06-12 14:32:50.623  INFO 69160 --- [main] s.d.spring.web.OperationsKeyGenerator    : Cache key generated: /UserUpdate.org.spring.springboot.controller.UserCtrl.UserUpdate.DefaultGenericTypeNamingStrategy
2017-06-12 14:32:50.623  INFO 69160 --- [main] s.d.spring.web.caching.CachingAspect     : Caching aspect applied for cache operations with key /UserUpdate.org.spring.springboot.controller.UserCtrl.UserUpdate.DefaultGenericTypeNamingStrategy
2017-06-12 14:32:50.627  INFO 69160 --- [main] s.w.ClassOrApiAnnotationResourceGrouping : Group for method UserUpdate was user-ctrl
2017-06-12 14:32:50.629  INFO 69160 --- [main] s.w.ClassOrApiAnnotationResourceGrouping : Group for method UserUpdate was user-ctrl
2017-06-12 14:32:50.632  INFO 69160 --- [main] s.d.schema.ModelContextKeyGenerator      : Cache Key Generated: java.lang.String(true)
2017-06-12 14:32:50.632  INFO 69160 --- [main] s.d.spring.web.caching.CachingAspect     : Caching aspect applied for cache models with key java.lang.String(true)
2017-06-12 14:32:50.632  INFO 69160 --- [main] s.d.schema.ModelContextKeyGenerator      : Cache Key Generated: java.lang.String(true)
2017-06-12 14:32:50.633  INFO 69160 --- [main] s.d.spring.web.caching.CachingAspect     : Caching aspect applied for cache modelDependencies with key java.lang.String(true)
2017-06-12 14:32:50.633  INFO 69160 --- [main] s.d.spring.web.OperationsKeyGenerator    : Cache key generated: /checkMessage.org.spring.springboot.controller.UserCtrl.checkMessage.DefaultGenericTypeNamingStrategy
2017-06-12 14:32:50.633  INFO 69160 --- [main] s.d.spring.web.caching.CachingAspect     : Caching aspect applied for cache operations with key /checkMessage.org.spring.springboot.controller.UserCtrl.checkMessage.DefaultGenericTypeNamingStrategy
2017-06-12 14:32:50.635  INFO 69160 --- [main] s.w.ClassOrApiAnnotationResourceGrouping : Group for method checkMessage was user-ctrl
2017-06-12 14:32:50.636  INFO 69160 --- [main] s.w.ClassOrApiAnnotationResourceGrouping : Group for method checkMessage was user-ctrl
2017-06-12 14:32:50.638  INFO 69160 --- [main] s.d.schema.ModelContextKeyGenerator      : Cache Key Generated: int(true)
2017-06-12 14:32:50.639  INFO 69160 --- [main] s.d.spring.web.caching.CachingAspect     : Caching aspect applied for cache models with key int(true)
2017-06-12 14:32:50.639  INFO 69160 --- [main] s.d.schema.ModelContextKeyGenerator      : Cache Key Generated: int(true)
2017-06-12 14:32:50.639  INFO 69160 --- [main] s.d.spring.web.caching.CachingAspect     : Caching aspect applied for cache modelDependencies with key int(true)
2017-06-12 14:32:50.639  INFO 69160 --- [main] s.d.spring.web.OperationsKeyGenerator    : Cache key generated: /verfymobile.org.spring.springboot.controller.UserCtrl.verfymobile.DefaultGenericTypeNamingStrategy
2017-06-12 14:32:50.639  INFO 69160 --- [main] s.d.spring.web.caching.CachingAspect     : Caching aspect applied for cache operations with key /verfymobile.org.spring.springboot.controller.UserCtrl.verfymobile.DefaultGenericTypeNamingStrategy
2017-06-12 14:32:50.641  INFO 69160 --- [main] s.w.ClassOrApiAnnotationResourceGrouping : Group for method verfymobile was user-ctrl
2017-06-12 14:32:50.643  INFO 69160 --- [main] s.w.ClassOrApiAnnotationResourceGrouping : Group for method verfymobile was user-ctrl
2017-06-12 14:32:50.708  INFO 69160 --- [main] s.b.c.e.t.TomcatEmbeddedServletContainer : Tomcat started on port(s): 8082 (http)
2017-06-12 14:32:50.721  INFO 69160 --- [main] org.spring.springboot.Application        : Started Application in 7.506 seconds (JVM running for 7.837)
2017-06-12 14:32:58.540  INFO 69160 --- [http-nio-8082-exec-1] o.apache.tomcat.util.http.parser.Cookie  : A cookie header was received [1491885647,1491899812,1492755653; UM_distinctid=15bec591b78195-06a5b24983bd52-6a11157a-100200-15bec591b7948d; CNZZDATA1015985=cnzz_eid%3D1018386225-1494314878-%26ntime%3D1494314878] that contained an invalid cookie. That cookie will be ignored.Note: further occurrences of this error will be logged at DEBUG level.
2017-06-12 14:32:58.546  INFO 69160 --- [http-nio-8082-exec-1] o.a.c.c.C.[Tomcat].[localhost].[/]       : Initializing Spring FrameworkServlet 'dispatcherServlet'
2017-06-12 14:32:58.547  INFO 69160 --- [http-nio-8082-exec-1] o.s.web.servlet.DispatcherServlet        : FrameworkServlet 'dispatcherServlet': initialization started
2017-06-12 14:32:58.566  INFO 69160 --- [http-nio-8082-exec-1] o.s.web.servlet.DispatcherServlet        : FrameworkServlet 'dispatcherServlet': initialization completed in 19 ms
